type octile
height 186
width 189
map
@@@@@@@@@@@@@@@@@@@@.@@@@@@@@@@@@@@@@@@@@.@@@@@@@@@@@@@@@@@@@@.@@@@@@@@@@@@@@@@@@@@.@@@@@@@@@@@@@@@@@@@@.@@@@@@@@@@@@@@@@@@@@.@@@@@@@@@@@@@@@@@@@@.@@@@@@@@@@@@@@@@@@@@.@@@@@@@@@@@@@@@@@@@@@
@@@@@@@@@@@@@@@@@@@@.@@@@@@@@@@@@@@@@@@@@.@@@@@@@@@@@@@@@@@@@@.@@@@@@@@@@@@@@@@@@@@.@@@@@@@@@@@@@@@@@@@@.@@@@@@@@@@@@@@@@@@@@.@@@@@@@@@@@@@@@@@@@@.@@@@@@@@@@@@@@@@@@@@.@@@@@@@@@@@@@@@@@@@@@
@@@@@@@@@@@@@@@@@@@@.@@@@@@@@@@@@@@@@@@@@.@@@@@@@@@@@@@@@@@@@@.@@@@@@@@@@@@@@@@@@@@.@@@@@@@@@@@@@@@@@@@@.@@@@@@@@@@@@@@@@@@@@.@@@@@@@@@@@@@@@@@@@@.@@@@@@@@@@@@@@@@@@@@.@@@@@@@@@@@@@@@@@@@@@
@@@@@@@@@@@@@@@@@@@@.@@@@@@@@@@@@@@@@@@@@.@@@@@@@@@@@@@@@@@@@@.@@@@@@@@@@@@@@@@@@@@.@@@@@@@@@@@@@@@@@@@@.@@@@@@@@@@@@@@@@@@@@.@@@@@@@@@@@@@@@@@@@@.@@@@@@@@@@@@@@@@@@@@.@@@@@@@@@@@@@@@@@@@@@
@@@@@@@@@@@@@@@@@@@@.@@@@@@@@@@@@@@@@@@@@.@@@@@@@@@@@@@@@@@@@@.@@@@@@@@@@@@@@@@@@@@.@@@@@@@@@@@@@@@@@@@@.@@@@@@@@@@@@@@@@@@@@.@@@@@@@@@@@@@@@@@@@@.@@@@@@@@@@@@@@@@@@@@.@@@@@@@@@@@@@@@@@@@@@
.............................................................................................................................................................................................
@@@@@@@@@@@@@@@@@@@@.@@@@@@@@@@@@@@@@@@@@.@@@@@@@@@@@@@@@@@@@@.@@@@@@@@@@@@@@@@@@@@.@@@@@@@@@@@@@@@@@@@@.@@@@@@@@@@@@@@@@@@@@.@@@@@@@@@@@@@@@@@@@@.@@@@@@@@@@@@@@@@@@@@.@@@@@@@@@@@@@@@@@@@@@
@@@@@@@@@@@@@@@@@@@@.@@@@@@@@@@@@@@@@@@@@.@@@@@@@@@@@@@@@@@@@@.@@@@@@@@@@@@@@@@@@@@.@@@@@@@@@@@@@@@@@@@@.@@@@@@@@@@@@@@@@@@@@.@@@@@@@@@@@@@@@@@@@@.@@@@@@@@@@@@@@@@@@@@.@@@@@@@@@@@@@@@@@@@@@
@@@@@@@@@@@@@@@@@@@@.@@@@@@@@@@@@@@@@@@@@.@@@@@@@@@@@@@@@@@@@@.@@@@@@@@@@@@@@@@@@@@.@@@@@@@@@@@@@@@@@@@@.@@@@@@@@@@@@@@@@@@@@.@@@@@@@@@@@@@@@@@@@@.@@@@@@@@@@@@@@@@@@@@.@@@@@@@@@@@@@@@@@@@@@
@@@@@@@@@@@@@@@@@@@@.@@@@@@@@@@@@@@@@@@@@.@@@@@@@@@@@@@@@@@@@@.@@@@@@@@@@@@@@@@@@@@.@@@@@@@@@@@@@@@@@@@@.@@@@@@@@@@@@@@@@@@@@.@@@@@@@@@@@@@@@@@@@@.@@@@@@@@@@@@@@@@@@@@.@@@@@@@@@@@@@@@@@@@@@
@@@@@@@@@@@@@@@@@@@@.@@@@@@@@@@@@@@@@@@@@.@@@@@@@@@@@@@@@@@@@@.@@@@@@@@@@@@@@@@@@@@.@@@@@@@@@@@@@@@@@@@@.@@@@@@@@@@@@@@@@@@@@.@@@@@@@@@@@@@@@@@@@@.@@@@@@@@@@@@@@@@@@@@.@@@@@@@@@@@@@@@@@@@@@
.............................................................................................................................................................................................
@@@@@@@@@@@@@@@@@@@@.@@@@@@@@@@@@@@@@@@@@.@@@@@@@@@@@@@@@@@@@@.@@@@@@@@@@@@@@@@@@@@.@@@@@@@@@@@@@@@@@@@@.@@@@@@@@@@@@@@@@@@@@.@@@@@@@@@@@@@@@@@@@@.@@@@@@@@@@@@@@@@@@@@.@@@@@@@@@@@@@@@@@@@@@
@@@@@@@@@@@@@@@@@@@@.@@@@@@@@@@@@@@@@@@@@.@@@@@@@@@@@@@@@@@@@@.@@@@@@@@@@@@@@@@@@@@.@@@@@@@@@@@@@@@@@@@@.@@@@@@@@@@@@@@@@@@@@.@@@@@@@@@@@@@@@@@@@@.@@@@@@@@@@@@@@@@@@@@.@@@@@@@@@@@@@@@@@@@@@
@@@@@@@@@@@@@@@@@@@@.@@@@@@@@@@@@@@@@@@@@.@@@@@@@@@@@@@@@@@@@@.@@@@@@@@@@@@@@@@@@@@.@@@@@@@@@@@@@@@@@@@@.@@@@@@@@@@@@@@@@@@@@.@@@@@@@@@@@@@@@@@@@@.@@@@@@@@@@@@@@@@@@@@.@@@@@@@@@@@@@@@@@@@@@
@@@@@@@@@@@@@@@@@@@@.@@@@@@@@@@@@@@@@@@@@.@@@@@@@@@@@@@@@@@@@@.@@@@@@@@@@@@@@@@@@@@.@@@@@@@@@@@@@@@@@@@@.@@@@@@@@@@@@@@@@@@@@.@@@@@@@@@@@@@@@@@@@@.@@@@@@@@@@@@@@@@@@@@.@@@@@@@@@@@@@@@@@@@@@
@@@@@@@@@@@@@@@@@@@@.@@@@@@@@@@@@@@@@@@@@.@@@@@@@@@@@@@@@@@@@@.@@@@@@@@@@@@@@@@@@@@.@@@@@@@@@@@@@@@@@@@@.@@@@@@@@@@@@@@@@@@@@.@@@@@@@@@@@@@@@@@@@@.@@@@@@@@@@@@@@@@@@@@.@@@@@@@@@@@@@@@@@@@@@
.............................................................................................................................................................................................
@@@@@@@@@@@@@@@@@@@@.@@@@@@@@@@@@@@@@@@@@.@@@@@@@@@@@@@@@@@@@@.@@@@@@@@@@@@@@@@@@@@.@@@@@@@@@@@@@@@@@@@@.@@@@@@@@@@@@@@@@@@@@.@@@@@@@@@@@@@@@@@@@@.@@@@@@@@@@@@@@@@@@@@.@@@@@@@@@@@@@@@@@@@@@
@@@@@@@@@@@@@@@@@@@@.@@@@@@@@@@@@@@@@@@@@.@@@@@@@@@@@@@@@@@@@@.@@@@@@@@@@@@@@@@@@@@.@@@@@@@@@@@@@@@@@@@@.@@@@@@@@@@@@@@@@@@@@.@@@@@@@@@@@@@@@@@@@@.@@@@@@@@@@@@@@@@@@@@.@@@@@@@@@@@@@@@@@@@@@
@@@@@@@@@@@@@@@@@@@@.@@@@@@@@@@@@@@@@@@@@.@@@@@@@@@@@@@@@@@@@@.@@@@@@@@@@@@@@@@@@@@.@@@@@@@@@@@@@@@@@@@@.@@@@@@@@@@@@@@@@@@@@.@@@@@@@@@@@@@@@@@@@@.@@@@@@@@@@@@@@@@@@@@.@@@@@@@@@@@@@@@@@@@@@
@@@@@@@@@@@@@@@@@@@@.@@@@@@@@@@@@@@@@@@@@.@@@@@@@@@@@@@@@@@@@@.@@@@@@@@@@@@@@@@@@@@.@@@@@@@@@@@@@@@@@@@@.@@@@@@@@@@@@@@@@@@@@.@@@@@@@@@@@@@@@@@@@@.@@@@@@@@@@@@@@@@@@@@.@@@@@@@@@@@@@@@@@@@@@
@@@@@@@@@@@@@@@@@@@@.@@@@@@@@@@@@@@@@@@@@.@@@@@@@@@@@@@@@@@@@@.@@@@@@@@@@@@@@@@@@@@.@@@@@@@@@@@@@@@@@@@@.@@@@@@@@@@@@@@@@@@@@.@@@@@@@@@@@@@@@@@@@@.@@@@@@@@@@@@@@@@@@@@.@@@@@@@@@@@@@@@@@@@@@
.............................................................................................................................................................................................
@@@@@@@@@@@@@@@@@@@@.@@@@@@@@@@@@@@@@@@@@.@@@@@@@@@@@@@@@@@@@@.@@@@@@@@@@@@@@@@@@@@.@@@@@@@@@@@@@@@@@@@@.@@@@@@@@@@@@@@@@@@@@.@@@@@@@@@@@@@@@@@@@@.@@@@@@@@@@@@@@@@@@@@.@@@@@@@@@@@@@@@@@@@@@
@@@@@@@@@@@@@@@@@@@@.@@@@@@@@@@@@@@@@@@@@.@@@@@@@@@@@@@@@@@@@@.@@@@@@@@@@@@@@@@@@@@.@@@@@@@@@@@@@@@@@@@@.@@@@@@@@@@@@@@@@@@@@.@@@@@@@@@@@@@@@@@@@@.@@@@@@@@@@@@@@@@@@@@.@@@@@@@@@@@@@@@@@@@@@
@@@@@@@@@@@@@@@@@@@@.@@@@@@@@@@@@@@@@@@@@.@@@@@@@@@@@@@@@@@@@@.@@@@@@@@@@@@@@@@@@@@.@@@@@@@@@@@@@@@@@@@@.@@@@@@@@@@@@@@@@@@@@.@@@@@@@@@@@@@@@@@@@@.@@@@@@@@@@@@@@@@@@@@.@@@@@@@@@@@@@@@@@@@@@
@@@@@@@@@@@@@@@@@@@@.@@@@@@@@@@@@@@@@@@@@.@@@@@@@@@@@@@@@@@@@@.@@@@@@@@@@@@@@@@@@@@.@@@@@@@@@@@@@@@@@@@@.@@@@@@@@@@@@@@@@@@@@.@@@@@@@@@@@@@@@@@@@@.@@@@@@@@@@@@@@@@@@@@.@@@@@@@@@@@@@@@@@@@@@
@@@@@@@@@@@@@@@@@@@@.@@@@@@@@@@@@@@@@@@@@.@@@@@@@@@@@@@@@@@@@@.@@@@@@@@@@@@@@@@@@@@.@@@@@@@@@@@@@@@@@@@@.@@@@@@@@@@@@@@@@@@@@.@@@@@@@@@@@@@@@@@@@@.@@@@@@@@@@@@@@@@@@@@.@@@@@@@@@@@@@@@@@@@@@
.............................................................................................................................................................................................
@@@@@@@@@@@@@@@@@@@@.@@@@@@@@@@@@@@@@@@@@.@@@@@@@@@@@@@@@@@@@@.@@@@@@@@@@@@@@@@@@@@.@@@@@@@@@@@@@@@@@@@@.@@@@@@@@@@@@@@@@@@@@.@@@@@@@@@@@@@@@@@@@@.@@@@@@@@@@@@@@@@@@@@.@@@@@@@@@@@@@@@@@@@@@
@@@@@@@@@@@@@@@@@@@@.@@@@@@@@@@@@@@@@@@@@.@@@@@@@@@@@@@@@@@@@@.@@@@@@@@@@@@@@@@@@@@.@@@@@@@@@@@@@@@@@@@@.@@@@@@@@@@@@@@@@@@@@.@@@@@@@@@@@@@@@@@@@@.@@@@@@@@@@@@@@@@@@@@.@@@@@@@@@@@@@@@@@@@@@
@@@@@@@@@@@@@@@@@@@@.@@@@@@@@@@@@@@@@@@@@.@@@@@@@@@@@@@@@@@@@@.@@@@@@@@@@@@@@@@@@@@.@@@@@@@@@@@@@@@@@@@@.@@@@@@@@@@@@@@@@@@@@.@@@@@@@@@@@@@@@@@@@@.@@@@@@@@@@@@@@@@@@@@.@@@@@@@@@@@@@@@@@@@@@
@@@@@@@@@@@@@@@@@@@@.@@@@@@@@@@@@@@@@@@@@.@@@@@@@@@@@@@@@@@@@@.@@@@@@@@@@@@@@@@@@@@.@@@@@@@@@@@@@@@@@@@@.@@@@@@@@@@@@@@@@@@@@.@@@@@@@@@@@@@@@@@@@@.@@@@@@@@@@@@@@@@@@@@.@@@@@@@@@@@@@@@@@@@@@
@@@@@@@@@@@@@@@@@@@@.@@@@@@@@@@@@@@@@@@@@.@@@@@@@@@@@@@@@@@@@@.@@@@@@@@@@@@@@@@@@@@.@@@@@@@@@@@@@@@@@@@@.@@@@@@@@@@@@@@@@@@@@.@@@@@@@@@@@@@@@@@@@@.@@@@@@@@@@@@@@@@@@@@.@@@@@@@@@@@@@@@@@@@@@
.............................................................................................................................................................................................
@@@@@@@@@@@@@@@@@@@@.@@@@@@@@@@@@@@@@@@@@.@@@@@@@@@@@@@@@@@@@@.@@@@@@@@@@@@@@@@@@@@.@@@@@@@@@@@@@@@@@@@@.@@@@@@@@@@@@@@@@@@@@.@@@@@@@@@@@@@@@@@@@@.@@@@@@@@@@@@@@@@@@@@.@@@@@@@@@@@@@@@@@@@@@
@@@@@@@@@@@@@@@@@@@@.@@@@@@@@@@@@@@@@@@@@.@@@@@@@@@@@@@@@@@@@@.@@@@@@@@@@@@@@@@@@@@.@@@@@@@@@@@@@@@@@@@@.@@@@@@@@@@@@@@@@@@@@.@@@@@@@@@@@@@@@@@@@@.@@@@@@@@@@@@@@@@@@@@.@@@@@@@@@@@@@@@@@@@@@
@@@@@@@@@@@@@@@@@@@@.@@@@@@@@@@@@@@@@@@@@.@@@@@@@@@@@@@@@@@@@@.@@@@@@@@@@@@@@@@@@@@.@@@@@@@@@@@@@@@@@@@@.@@@@@@@@@@@@@@@@@@@@.@@@@@@@@@@@@@@@@@@@@.@@@@@@@@@@@@@@@@@@@@.@@@@@@@@@@@@@@@@@@@@@
@@@@@@@@@@@@@@@@@@@@.@@@@@@@@@@@@@@@@@@@@.@@@@@@@@@@@@@@@@@@@@.@@@@@@@@@@@@@@@@@@@@.@@@@@@@@@@@@@@@@@@@@.@@@@@@@@@@@@@@@@@@@@.@@@@@@@@@@@@@@@@@@@@.@@@@@@@@@@@@@@@@@@@@.@@@@@@@@@@@@@@@@@@@@@
@@@@@@@@@@@@@@@@@@@@.@@@@@@@@@@@@@@@@@@@@.@@@@@@@@@@@@@@@@@@@@.@@@@@@@@@@@@@@@@@@@@.@@@@@@@@@@@@@@@@@@@@.@@@@@@@@@@@@@@@@@@@@.@@@@@@@@@@@@@@@@@@@@.@@@@@@@@@@@@@@@@@@@@.@@@@@@@@@@@@@@@@@@@@@
.............................................................................................................................................................................................
@@@@@@@@@@@@@@@@@@@@.@@@@@@@@@@@@@@@@@@@@.@@@@@@@@@@@@@@@@@@@@.@@@@@@@@@@@@@@@@@@@@.@@@@@@@@@@@@@@@@@@@@.@@@@@@@@@@@@@@@@@@@@.@@@@@@@@@@@@@@@@@@@@.@@@@@@@@@@@@@@@@@@@@.@@@@@@@@@@@@@@@@@@@@@
@@@@@@@@@@@@@@@@@@@@.@@@@@@@@@@@@@@@@@@@@.@@@@@@@@@@@@@@@@@@@@.@@@@@@@@@@@@@@@@@@@@.@@@@@@@@@@@@@@@@@@@@.@@@@@@@@@@@@@@@@@@@@.@@@@@@@@@@@@@@@@@@@@.@@@@@@@@@@@@@@@@@@@@.@@@@@@@@@@@@@@@@@@@@@
@@@@@@@@@@@@@@@@@@@@.@@@@@@@@@@@@@@@@@@@@.@@@@@@@@@@@@@@@@@@@@.@@@@@@@@@@@@@@@@@@@@.@@@@@@@@@@@@@@@@@@@@.@@@@@@@@@@@@@@@@@@@@.@@@@@@@@@@@@@@@@@@@@.@@@@@@@@@@@@@@@@@@@@.@@@@@@@@@@@@@@@@@@@@@
@@@@@@@@@@@@@@@@@@@@.@@@@@@@@@@@@@@@@@@@@.@@@@@@@@@@@@@@@@@@@@.@@@@@@@@@@@@@@@@@@@@.@@@@@@@@@@@@@@@@@@@@.@@@@@@@@@@@@@@@@@@@@.@@@@@@@@@@@@@@@@@@@@.@@@@@@@@@@@@@@@@@@@@.@@@@@@@@@@@@@@@@@@@@@
@@@@@@@@@@@@@@@@@@@@.@@@@@@@@@@@@@@@@@@@@.@@@@@@@@@@@@@@@@@@@@.@@@@@@@@@@@@@@@@@@@@.@@@@@@@@@@@@@@@@@@@@.@@@@@@@@@@@@@@@@@@@@.@@@@@@@@@@@@@@@@@@@@.@@@@@@@@@@@@@@@@@@@@.@@@@@@@@@@@@@@@@@@@@@
.............................................................................................................................................................................................
@@@@@@@@@@@@@@@@@@@@.@@@@@@@@@@@@@@@@@@@@.@@@@@@@@@@@@@@@@@@@@.@@@@@@@@@@@@@@@@@@@@.@@@@@@@@@@@@@@@@@@@@.@@@@@@@@@@@@@@@@@@@@.@@@@@@@@@@@@@@@@@@@@.@@@@@@@@@@@@@@@@@@@@.@@@@@@@@@@@@@@@@@@@@@
@@@@@@@@@@@@@@@@@@@@.@@@@@@@@@@@@@@@@@@@@.@@@@@@@@@@@@@@@@@@@@.@@@@@@@@@@@@@@@@@@@@.@@@@@@@@@@@@@@@@@@@@.@@@@@@@@@@@@@@@@@@@@.@@@@@@@@@@@@@@@@@@@@.@@@@@@@@@@@@@@@@@@@@.@@@@@@@@@@@@@@@@@@@@@
@@@@@@@@@@@@@@@@@@@@.@@@@@@@@@@@@@@@@@@@@.@@@@@@@@@@@@@@@@@@@@.@@@@@@@@@@@@@@@@@@@@.@@@@@@@@@@@@@@@@@@@@.@@@@@@@@@@@@@@@@@@@@.@@@@@@@@@@@@@@@@@@@@.@@@@@@@@@@@@@@@@@@@@.@@@@@@@@@@@@@@@@@@@@@
@@@@@@@@@@@@@@@@@@@@.@@@@@@@@@@@@@@@@@@@@.@@@@@@@@@@@@@@@@@@@@.@@@@@@@@@@@@@@@@@@@@.@@@@@@@@@@@@@@@@@@@@.@@@@@@@@@@@@@@@@@@@@.@@@@@@@@@@@@@@@@@@@@.@@@@@@@@@@@@@@@@@@@@.@@@@@@@@@@@@@@@@@@@@@
@@@@@@@@@@@@@@@@@@@@.@@@@@@@@@@@@@@@@@@@@.@@@@@@@@@@@@@@@@@@@@.@@@@@@@@@@@@@@@@@@@@.@@@@@@@@@@@@@@@@@@@@.@@@@@@@@@@@@@@@@@@@@.@@@@@@@@@@@@@@@@@@@@.@@@@@@@@@@@@@@@@@@@@.@@@@@@@@@@@@@@@@@@@@@
.............................................................................................................................................................................................
@@@@@@@@@@@@@@@@@@@@.@@@@@@@@@@@@@@@@@@@@.@@@@@@@@@@@@@@@@@@@@.@@@@@@@@@@@@@@@@@@@@.@@@@@@@@@@@@@@@@@@@@.@@@@@@@@@@@@@@@@@@@@.@@@@@@@@@@@@@@@@@@@@.@@@@@@@@@@@@@@@@@@@@.@@@@@@@@@@@@@@@@@@@@@
@@@@@@@@@@@@@@@@@@@@.@@@@@@@@@@@@@@@@@@@@.@@@@@@@@@@@@@@@@@@@@.@@@@@@@@@@@@@@@@@@@@.@@@@@@@@@@@@@@@@@@@@.@@@@@@@@@@@@@@@@@@@@.@@@@@@@@@@@@@@@@@@@@.@@@@@@@@@@@@@@@@@@@@.@@@@@@@@@@@@@@@@@@@@@
@@@@@@@@@@@@@@@@@@@@.@@@@@@@@@@@@@@@@@@@@.@@@@@@@@@@@@@@@@@@@@.@@@@@@@@@@@@@@@@@@@@.@@@@@@@@@@@@@@@@@@@@.@@@@@@@@@@@@@@@@@@@@.@@@@@@@@@@@@@@@@@@@@.@@@@@@@@@@@@@@@@@@@@.@@@@@@@@@@@@@@@@@@@@@
@@@@@@@@@@@@@@@@@@@@.@@@@@@@@@@@@@@@@@@@@.@@@@@@@@@@@@@@@@@@@@.@@@@@@@@@@@@@@@@@@@@.@@@@@@@@@@@@@@@@@@@@.@@@@@@@@@@@@@@@@@@@@.@@@@@@@@@@@@@@@@@@@@.@@@@@@@@@@@@@@@@@@@@.@@@@@@@@@@@@@@@@@@@@@
@@@@@@@@@@@@@@@@@@@@.@@@@@@@@@@@@@@@@@@@@.@@@@@@@@@@@@@@@@@@@@.@@@@@@@@@@@@@@@@@@@@.@@@@@@@@@@@@@@@@@@@@.@@@@@@@@@@@@@@@@@@@@.@@@@@@@@@@@@@@@@@@@@.@@@@@@@@@@@@@@@@@@@@.@@@@@@@@@@@@@@@@@@@@@
.............................................................................................................................................................................................
@@@@@@@@@@@@@@@@@@@@.@@@@@@@@@@@@@@@@@@@@.@@@@@@@@@@@@@@@@@@@@.@@@@@@@@@@@@@@@@@@@@.@@@@@@@@@@@@@@@@@@@@.@@@@@@@@@@@@@@@@@@@@.@@@@@@@@@@@@@@@@@@@@.@@@@@@@@@@@@@@@@@@@@.@@@@@@@@@@@@@@@@@@@@@
@@@@@@@@@@@@@@@@@@@@.@@@@@@@@@@@@@@@@@@@@.@@@@@@@@@@@@@@@@@@@@.@@@@@@@@@@@@@@@@@@@@.@@@@@@@@@@@@@@@@@@@@.@@@@@@@@@@@@@@@@@@@@.@@@@@@@@@@@@@@@@@@@@.@@@@@@@@@@@@@@@@@@@@.@@@@@@@@@@@@@@@@@@@@@
@@@@@@@@@@@@@@@@@@@@.@@@@@@@@@@@@@@@@@@@@.@@@@@@@@@@@@@@@@@@@@.@@@@@@@@@@@@@@@@@@@@.@@@@@@@@@@@@@@@@@@@@.@@@@@@@@@@@@@@@@@@@@.@@@@@@@@@@@@@@@@@@@@.@@@@@@@@@@@@@@@@@@@@.@@@@@@@@@@@@@@@@@@@@@
@@@@@@@@@@@@@@@@@@@@.@@@@@@@@@@@@@@@@@@@@.@@@@@@@@@@@@@@@@@@@@.@@@@@@@@@@@@@@@@@@@@.@@@@@@@@@@@@@@@@@@@@.@@@@@@@@@@@@@@@@@@@@.@@@@@@@@@@@@@@@@@@@@.@@@@@@@@@@@@@@@@@@@@.@@@@@@@@@@@@@@@@@@@@@
@@@@@@@@@@@@@@@@@@@@.@@@@@@@@@@@@@@@@@@@@.@@@@@@@@@@@@@@@@@@@@.@@@@@@@@@@@@@@@@@@@@.@@@@@@@@@@@@@@@@@@@@.@@@@@@@@@@@@@@@@@@@@.@@@@@@@@@@@@@@@@@@@@.@@@@@@@@@@@@@@@@@@@@.@@@@@@@@@@@@@@@@@@@@@
.............................................................................................................................................................................................
@@@@@@@@@@@@@@@@@@@@.@@@@@@@@@@@@@@@@@@@@.@@@@@@@@@@@@@@@@@@@@.@@@@@@@@@@@@@@@@@@@@.@@@@@@@@@@@@@@@@@@@@.@@@@@@@@@@@@@@@@@@@@.@@@@@@@@@@@@@@@@@@@@.@@@@@@@@@@@@@@@@@@@@.@@@@@@@@@@@@@@@@@@@@@
@@@@@@@@@@@@@@@@@@@@.@@@@@@@@@@@@@@@@@@@@.@@@@@@@@@@@@@@@@@@@@.@@@@@@@@@@@@@@@@@@@@.@@@@@@@@@@@@@@@@@@@@.@@@@@@@@@@@@@@@@@@@@.@@@@@@@@@@@@@@@@@@@@.@@@@@@@@@@@@@@@@@@@@.@@@@@@@@@@@@@@@@@@@@@
@@@@@@@@@@@@@@@@@@@@.@@@@@@@@@@@@@@@@@@@@.@@@@@@@@@@@@@@@@@@@@.@@@@@@@@@@@@@@@@@@@@.@@@@@@@@@@@@@@@@@@@@.@@@@@@@@@@@@@@@@@@@@.@@@@@@@@@@@@@@@@@@@@.@@@@@@@@@@@@@@@@@@@@.@@@@@@@@@@@@@@@@@@@@@
@@@@@@@@@@@@@@@@@@@@.@@@@@@@@@@@@@@@@@@@@.@@@@@@@@@@@@@@@@@@@@.@@@@@@@@@@@@@@@@@@@@.@@@@@@@@@@@@@@@@@@@@.@@@@@@@@@@@@@@@@@@@@.@@@@@@@@@@@@@@@@@@@@.@@@@@@@@@@@@@@@@@@@@.@@@@@@@@@@@@@@@@@@@@@
@@@@@@@@@@@@@@@@@@@@.@@@@@@@@@@@@@@@@@@@@.@@@@@@@@@@@@@@@@@@@@.@@@@@@@@@@@@@@@@@@@@.@@@@@@@@@@@@@@@@@@@@.@@@@@@@@@@@@@@@@@@@@.@@@@@@@@@@@@@@@@@@@@.@@@@@@@@@@@@@@@@@@@@.@@@@@@@@@@@@@@@@@@@@@
.............................................................................................................................................................................................
@@@@@@@@@@@@@@@@@@@@.@@@@@@@@@@@@@@@@@@@@.@@@@@@@@@@@@@@@@@@@@.@@@@@@@@@@@@@@@@@@@@.@@@@@@@@@@@@@@@@@@@@.@@@@@@@@@@@@@@@@@@@@.@@@@@@@@@@@@@@@@@@@@.@@@@@@@@@@@@@@@@@@@@.@@@@@@@@@@@@@@@@@@@@@
@@@@@@@@@@@@@@@@@@@@.@@@@@@@@@@@@@@@@@@@@.@@@@@@@@@@@@@@@@@@@@.@@@@@@@@@@@@@@@@@@@@.@@@@@@@@@@@@@@@@@@@@.@@@@@@@@@@@@@@@@@@@@.@@@@@@@@@@@@@@@@@@@@.@@@@@@@@@@@@@@@@@@@@.@@@@@@@@@@@@@@@@@@@@@
@@@@@@@@@@@@@@@@@@@@.@@@@@@@@@@@@@@@@@@@@.@@@@@@@@@@@@@@@@@@@@.@@@@@@@@@@@@@@@@@@@@.@@@@@@@@@@@@@@@@@@@@.@@@@@@@@@@@@@@@@@@@@.@@@@@@@@@@@@@@@@@@@@.@@@@@@@@@@@@@@@@@@@@.@@@@@@@@@@@@@@@@@@@@@
@@@@@@@@@@@@@@@@@@@@.@@@@@@@@@@@@@@@@@@@@.@@@@@@@@@@@@@@@@@@@@.@@@@@@@@@@@@@@@@@@@@.@@@@@@@@@@@@@@@@@@@@.@@@@@@@@@@@@@@@@@@@@.@@@@@@@@@@@@@@@@@@@@.@@@@@@@@@@@@@@@@@@@@.@@@@@@@@@@@@@@@@@@@@@
@@@@@@@@@@@@@@@@@@@@.@@@@@@@@@@@@@@@@@@@@.@@@@@@@@@@@@@@@@@@@@.@@@@@@@@@@@@@@@@@@@@.@@@@@@@@@@@@@@@@@@@@.@@@@@@@@@@@@@@@@@@@@.@@@@@@@@@@@@@@@@@@@@.@@@@@@@@@@@@@@@@@@@@.@@@@@@@@@@@@@@@@@@@@@
.............................................................................................................................................................................................
@@@@@@@@@@@@@@@@@@@@.@@@@@@@@@@@@@@@@@@@@.@@@@@@@@@@@@@@@@@@@@.@@@@@@@@@@@@@@@@@@@@.@@@@@@@@@@@@@@@@@@@@.@@@@@@@@@@@@@@@@@@@@.@@@@@@@@@@@@@@@@@@@@.@@@@@@@@@@@@@@@@@@@@.@@@@@@@@@@@@@@@@@@@@@
@@@@@@@@@@@@@@@@@@@@.@@@@@@@@@@@@@@@@@@@@.@@@@@@@@@@@@@@@@@@@@.@@@@@@@@@@@@@@@@@@@@.@@@@@@@@@@@@@@@@@@@@.@@@@@@@@@@@@@@@@@@@@.@@@@@@@@@@@@@@@@@@@@.@@@@@@@@@@@@@@@@@@@@.@@@@@@@@@@@@@@@@@@@@@
@@@@@@@@@@@@@@@@@@@@.@@@@@@@@@@@@@@@@@@@@.@@@@@@@@@@@@@@@@@@@@.@@@@@@@@@@@@@@@@@@@@.@@@@@@@@@@@@@@@@@@@@.@@@@@@@@@@@@@@@@@@@@.@@@@@@@@@@@@@@@@@@@@.@@@@@@@@@@@@@@@@@@@@.@@@@@@@@@@@@@@@@@@@@@
@@@@@@@@@@@@@@@@@@@@.@@@@@@@@@@@@@@@@@@@@.@@@@@@@@@@@@@@@@@@@@.@@@@@@@@@@@@@@@@@@@@.@@@@@@@@@@@@@@@@@@@@.@@@@@@@@@@@@@@@@@@@@.@@@@@@@@@@@@@@@@@@@@.@@@@@@@@@@@@@@@@@@@@.@@@@@@@@@@@@@@@@@@@@@
@@@@@@@@@@@@@@@@@@@@.@@@@@@@@@@@@@@@@@@@@.@@@@@@@@@@@@@@@@@@@@.@@@@@@@@@@@@@@@@@@@@.@@@@@@@@@@@@@@@@@@@@.@@@@@@@@@@@@@@@@@@@@.@@@@@@@@@@@@@@@@@@@@.@@@@@@@@@@@@@@@@@@@@.@@@@@@@@@@@@@@@@@@@@@
.............................................................................................................................................................................................
@@@@@@@@@@@@@@@@@@@@.@@@@@@@@@@@@@@@@@@@@.@@@@@@@@@@@@@@@@@@@@.@@@@@@@@@@@@@@@@@@@@.@@@@@@@@@@@@@@@@@@@@.@@@@@@@@@@@@@@@@@@@@.@@@@@@@@@@@@@@@@@@@@.@@@@@@@@@@@@@@@@@@@@.@@@@@@@@@@@@@@@@@@@@@
@@@@@@@@@@@@@@@@@@@@.@@@@@@@@@@@@@@@@@@@@.@@@@@@@@@@@@@@@@@@@@.@@@@@@@@@@@@@@@@@@@@.@@@@@@@@@@@@@@@@@@@@.@@@@@@@@@@@@@@@@@@@@.@@@@@@@@@@@@@@@@@@@@.@@@@@@@@@@@@@@@@@@@@.@@@@@@@@@@@@@@@@@@@@@
@@@@@@@@@@@@@@@@@@@@.@@@@@@@@@@@@@@@@@@@@.@@@@@@@@@@@@@@@@@@@@.@@@@@@@@@@@@@@@@@@@@.@@@@@@@@@@@@@@@@@@@@.@@@@@@@@@@@@@@@@@@@@.@@@@@@@@@@@@@@@@@@@@.@@@@@@@@@@@@@@@@@@@@.@@@@@@@@@@@@@@@@@@@@@
@@@@@@@@@@@@@@@@@@@@.@@@@@@@@@@@@@@@@@@@@.@@@@@@@@@@@@@@@@@@@@.@@@@@@@@@@@@@@@@@@@@.@@@@@@@@@@@@@@@@@@@@.@@@@@@@@@@@@@@@@@@@@.@@@@@@@@@@@@@@@@@@@@.@@@@@@@@@@@@@@@@@@@@.@@@@@@@@@@@@@@@@@@@@@
@@@@@@@@@@@@@@@@@@@@.@@@@@@@@@@@@@@@@@@@@.@@@@@@@@@@@@@@@@@@@@.@@@@@@@@@@@@@@@@@@@@.@@@@@@@@@@@@@@@@@@@@.@@@@@@@@@@@@@@@@@@@@.@@@@@@@@@@@@@@@@@@@@.@@@@@@@@@@@@@@@@@@@@.@@@@@@@@@@@@@@@@@@@@@
.............................................................................................................................................................................................
@@@@@@@@@@@@@@@@@@@@.@@@@@@@@@@@@@@@@@@@@.@@@@@@@@@@@@@@@@@@@@.@@@@@@@@@@@@@@@@@@@@.@@@@@@@@@@@@@@@@@@@@.@@@@@@@@@@@@@@@@@@@@.@@@@@@@@@@@@@@@@@@@@.@@@@@@@@@@@@@@@@@@@@.@@@@@@@@@@@@@@@@@@@@@
@@@@@@@@@@@@@@@@@@@@.@@@@@@@@@@@@@@@@@@@@.@@@@@@@@@@@@@@@@@@@@.@@@@@@@@@@@@@@@@@@@@.@@@@@@@@@@@@@@@@@@@@.@@@@@@@@@@@@@@@@@@@@.@@@@@@@@@@@@@@@@@@@@.@@@@@@@@@@@@@@@@@@@@.@@@@@@@@@@@@@@@@@@@@@
@@@@@@@@@@@@@@@@@@@@.@@@@@@@@@@@@@@@@@@@@.@@@@@@@@@@@@@@@@@@@@.@@@@@@@@@@@@@@@@@@@@.@@@@@@@@@@@@@@@@@@@@.@@@@@@@@@@@@@@@@@@@@.@@@@@@@@@@@@@@@@@@@@.@@@@@@@@@@@@@@@@@@@@.@@@@@@@@@@@@@@@@@@@@@
@@@@@@@@@@@@@@@@@@@@.@@@@@@@@@@@@@@@@@@@@.@@@@@@@@@@@@@@@@@@@@.@@@@@@@@@@@@@@@@@@@@.@@@@@@@@@@@@@@@@@@@@.@@@@@@@@@@@@@@@@@@@@.@@@@@@@@@@@@@@@@@@@@.@@@@@@@@@@@@@@@@@@@@.@@@@@@@@@@@@@@@@@@@@@
@@@@@@@@@@@@@@@@@@@@.@@@@@@@@@@@@@@@@@@@@.@@@@@@@@@@@@@@@@@@@@.@@@@@@@@@@@@@@@@@@@@.@@@@@@@@@@@@@@@@@@@@.@@@@@@@@@@@@@@@@@@@@.@@@@@@@@@@@@@@@@@@@@.@@@@@@@@@@@@@@@@@@@@.@@@@@@@@@@@@@@@@@@@@@
.............................................................................................................................................................................................
@@@@@@@@@@@@@@@@@@@@.@@@@@@@@@@@@@@@@@@@@.@@@@@@@@@@@@@@@@@@@@.@@@@@@@@@@@@@@@@@@@@.@@@@@@@@@@@@@@@@@@@@.@@@@@@@@@@@@@@@@@@@@.@@@@@@@@@@@@@@@@@@@@.@@@@@@@@@@@@@@@@@@@@.@@@@@@@@@@@@@@@@@@@@@
@@@@@@@@@@@@@@@@@@@@.@@@@@@@@@@@@@@@@@@@@.@@@@@@@@@@@@@@@@@@@@.@@@@@@@@@@@@@@@@@@@@.@@@@@@@@@@@@@@@@@@@@.@@@@@@@@@@@@@@@@@@@@.@@@@@@@@@@@@@@@@@@@@.@@@@@@@@@@@@@@@@@@@@.@@@@@@@@@@@@@@@@@@@@@
@@@@@@@@@@@@@@@@@@@@.@@@@@@@@@@@@@@@@@@@@.@@@@@@@@@@@@@@@@@@@@.@@@@@@@@@@@@@@@@@@@@.@@@@@@@@@@@@@@@@@@@@.@@@@@@@@@@@@@@@@@@@@.@@@@@@@@@@@@@@@@@@@@.@@@@@@@@@@@@@@@@@@@@.@@@@@@@@@@@@@@@@@@@@@
@@@@@@@@@@@@@@@@@@@@.@@@@@@@@@@@@@@@@@@@@.@@@@@@@@@@@@@@@@@@@@.@@@@@@@@@@@@@@@@@@@@.@@@@@@@@@@@@@@@@@@@@.@@@@@@@@@@@@@@@@@@@@.@@@@@@@@@@@@@@@@@@@@.@@@@@@@@@@@@@@@@@@@@.@@@@@@@@@@@@@@@@@@@@@
@@@@@@@@@@@@@@@@@@@@.@@@@@@@@@@@@@@@@@@@@.@@@@@@@@@@@@@@@@@@@@.@@@@@@@@@@@@@@@@@@@@.@@@@@@@@@@@@@@@@@@@@.@@@@@@@@@@@@@@@@@@@@.@@@@@@@@@@@@@@@@@@@@.@@@@@@@@@@@@@@@@@@@@.@@@@@@@@@@@@@@@@@@@@@
.............................................................................................................................................................................................
@@@@@@@@@@@@@@@@@@@@.@@@@@@@@@@@@@@@@@@@@.@@@@@@@@@@@@@@@@@@@@.@@@@@@@@@@@@@@@@@@@@.@@@@@@@@@@@@@@@@@@@@.@@@@@@@@@@@@@@@@@@@@.@@@@@@@@@@@@@@@@@@@@.@@@@@@@@@@@@@@@@@@@@.@@@@@@@@@@@@@@@@@@@@@
@@@@@@@@@@@@@@@@@@@@.@@@@@@@@@@@@@@@@@@@@.@@@@@@@@@@@@@@@@@@@@.@@@@@@@@@@@@@@@@@@@@.@@@@@@@@@@@@@@@@@@@@.@@@@@@@@@@@@@@@@@@@@.@@@@@@@@@@@@@@@@@@@@.@@@@@@@@@@@@@@@@@@@@.@@@@@@@@@@@@@@@@@@@@@
@@@@@@@@@@@@@@@@@@@@.@@@@@@@@@@@@@@@@@@@@.@@@@@@@@@@@@@@@@@@@@.@@@@@@@@@@@@@@@@@@@@.@@@@@@@@@@@@@@@@@@@@.@@@@@@@@@@@@@@@@@@@@.@@@@@@@@@@@@@@@@@@@@.@@@@@@@@@@@@@@@@@@@@.@@@@@@@@@@@@@@@@@@@@@
@@@@@@@@@@@@@@@@@@@@.@@@@@@@@@@@@@@@@@@@@.@@@@@@@@@@@@@@@@@@@@.@@@@@@@@@@@@@@@@@@@@.@@@@@@@@@@@@@@@@@@@@.@@@@@@@@@@@@@@@@@@@@.@@@@@@@@@@@@@@@@@@@@.@@@@@@@@@@@@@@@@@@@@.@@@@@@@@@@@@@@@@@@@@@
@@@@@@@@@@@@@@@@@@@@.@@@@@@@@@@@@@@@@@@@@.@@@@@@@@@@@@@@@@@@@@.@@@@@@@@@@@@@@@@@@@@.@@@@@@@@@@@@@@@@@@@@.@@@@@@@@@@@@@@@@@@@@.@@@@@@@@@@@@@@@@@@@@.@@@@@@@@@@@@@@@@@@@@.@@@@@@@@@@@@@@@@@@@@@
.............................................................................................................................................................................................
@@@@@@@@@@@@@@@@@@@@.@@@@@@@@@@@@@@@@@@@@.@@@@@@@@@@@@@@@@@@@@.@@@@@@@@@@@@@@@@@@@@.@@@@@@@@@@@@@@@@@@@@.@@@@@@@@@@@@@@@@@@@@.@@@@@@@@@@@@@@@@@@@@.@@@@@@@@@@@@@@@@@@@@.@@@@@@@@@@@@@@@@@@@@@
@@@@@@@@@@@@@@@@@@@@.@@@@@@@@@@@@@@@@@@@@.@@@@@@@@@@@@@@@@@@@@.@@@@@@@@@@@@@@@@@@@@.@@@@@@@@@@@@@@@@@@@@.@@@@@@@@@@@@@@@@@@@@.@@@@@@@@@@@@@@@@@@@@.@@@@@@@@@@@@@@@@@@@@.@@@@@@@@@@@@@@@@@@@@@
@@@@@@@@@@@@@@@@@@@@.@@@@@@@@@@@@@@@@@@@@.@@@@@@@@@@@@@@@@@@@@.@@@@@@@@@@@@@@@@@@@@.@@@@@@@@@@@@@@@@@@@@.@@@@@@@@@@@@@@@@@@@@.@@@@@@@@@@@@@@@@@@@@.@@@@@@@@@@@@@@@@@@@@.@@@@@@@@@@@@@@@@@@@@@
@@@@@@@@@@@@@@@@@@@@.@@@@@@@@@@@@@@@@@@@@.@@@@@@@@@@@@@@@@@@@@.@@@@@@@@@@@@@@@@@@@@.@@@@@@@@@@@@@@@@@@@@.@@@@@@@@@@@@@@@@@@@@.@@@@@@@@@@@@@@@@@@@@.@@@@@@@@@@@@@@@@@@@@.@@@@@@@@@@@@@@@@@@@@@
@@@@@@@@@@@@@@@@@@@@.@@@@@@@@@@@@@@@@@@@@.@@@@@@@@@@@@@@@@@@@@.@@@@@@@@@@@@@@@@@@@@.@@@@@@@@@@@@@@@@@@@@.@@@@@@@@@@@@@@@@@@@@.@@@@@@@@@@@@@@@@@@@@.@@@@@@@@@@@@@@@@@@@@.@@@@@@@@@@@@@@@@@@@@@
.............................................................................................................................................................................................
@@@@@@@@@@@@@@@@@@@@.@@@@@@@@@@@@@@@@@@@@.@@@@@@@@@@@@@@@@@@@@.@@@@@@@@@@@@@@@@@@@@.@@@@@@@@@@@@@@@@@@@@.@@@@@@@@@@@@@@@@@@@@.@@@@@@@@@@@@@@@@@@@@.@@@@@@@@@@@@@@@@@@@@.@@@@@@@@@@@@@@@@@@@@@
@@@@@@@@@@@@@@@@@@@@.@@@@@@@@@@@@@@@@@@@@.@@@@@@@@@@@@@@@@@@@@.@@@@@@@@@@@@@@@@@@@@.@@@@@@@@@@@@@@@@@@@@.@@@@@@@@@@@@@@@@@@@@.@@@@@@@@@@@@@@@@@@@@.@@@@@@@@@@@@@@@@@@@@.@@@@@@@@@@@@@@@@@@@@@
@@@@@@@@@@@@@@@@@@@@.@@@@@@@@@@@@@@@@@@@@.@@@@@@@@@@@@@@@@@@@@.@@@@@@@@@@@@@@@@@@@@.@@@@@@@@@@@@@@@@@@@@.@@@@@@@@@@@@@@@@@@@@.@@@@@@@@@@@@@@@@@@@@.@@@@@@@@@@@@@@@@@@@@.@@@@@@@@@@@@@@@@@@@@@
@@@@@@@@@@@@@@@@@@@@.@@@@@@@@@@@@@@@@@@@@.@@@@@@@@@@@@@@@@@@@@.@@@@@@@@@@@@@@@@@@@@.@@@@@@@@@@@@@@@@@@@@.@@@@@@@@@@@@@@@@@@@@.@@@@@@@@@@@@@@@@@@@@.@@@@@@@@@@@@@@@@@@@@.@@@@@@@@@@@@@@@@@@@@@
@@@@@@@@@@@@@@@@@@@@.@@@@@@@@@@@@@@@@@@@@.@@@@@@@@@@@@@@@@@@@@.@@@@@@@@@@@@@@@@@@@@.@@@@@@@@@@@@@@@@@@@@.@@@@@@@@@@@@@@@@@@@@.@@@@@@@@@@@@@@@@@@@@.@@@@@@@@@@@@@@@@@@@@.@@@@@@@@@@@@@@@@@@@@@
.............................................................................................................................................................................................
@@@@@@@@@@@@@@@@@@@@.@@@@@@@@@@@@@@@@@@@@.@@@@@@@@@@@@@@@@@@@@.@@@@@@@@@@@@@@@@@@@@.@@@@@@@@@@@@@@@@@@@@.@@@@@@@@@@@@@@@@@@@@.@@@@@@@@@@@@@@@@@@@@.@@@@@@@@@@@@@@@@@@@@.@@@@@@@@@@@@@@@@@@@@@
@@@@@@@@@@@@@@@@@@@@.@@@@@@@@@@@@@@@@@@@@.@@@@@@@@@@@@@@@@@@@@.@@@@@@@@@@@@@@@@@@@@.@@@@@@@@@@@@@@@@@@@@.@@@@@@@@@@@@@@@@@@@@.@@@@@@@@@@@@@@@@@@@@.@@@@@@@@@@@@@@@@@@@@.@@@@@@@@@@@@@@@@@@@@@
@@@@@@@@@@@@@@@@@@@@.@@@@@@@@@@@@@@@@@@@@.@@@@@@@@@@@@@@@@@@@@.@@@@@@@@@@@@@@@@@@@@.@@@@@@@@@@@@@@@@@@@@.@@@@@@@@@@@@@@@@@@@@.@@@@@@@@@@@@@@@@@@@@.@@@@@@@@@@@@@@@@@@@@.@@@@@@@@@@@@@@@@@@@@@
@@@@@@@@@@@@@@@@@@@@.@@@@@@@@@@@@@@@@@@@@.@@@@@@@@@@@@@@@@@@@@.@@@@@@@@@@@@@@@@@@@@.@@@@@@@@@@@@@@@@@@@@.@@@@@@@@@@@@@@@@@@@@.@@@@@@@@@@@@@@@@@@@@.@@@@@@@@@@@@@@@@@@@@.@@@@@@@@@@@@@@@@@@@@@
@@@@@@@@@@@@@@@@@@@@.@@@@@@@@@@@@@@@@@@@@.@@@@@@@@@@@@@@@@@@@@.@@@@@@@@@@@@@@@@@@@@.@@@@@@@@@@@@@@@@@@@@.@@@@@@@@@@@@@@@@@@@@.@@@@@@@@@@@@@@@@@@@@.@@@@@@@@@@@@@@@@@@@@.@@@@@@@@@@@@@@@@@@@@@
.............................................................................................................................................................................................
@@@@@@@@@@@@@@@@@@@@.@@@@@@@@@@@@@@@@@@@@.@@@@@@@@@@@@@@@@@@@@.@@@@@@@@@@@@@@@@@@@@.@@@@@@@@@@@@@@@@@@@@.@@@@@@@@@@@@@@@@@@@@.@@@@@@@@@@@@@@@@@@@@.@@@@@@@@@@@@@@@@@@@@.@@@@@@@@@@@@@@@@@@@@@
@@@@@@@@@@@@@@@@@@@@.@@@@@@@@@@@@@@@@@@@@.@@@@@@@@@@@@@@@@@@@@.@@@@@@@@@@@@@@@@@@@@.@@@@@@@@@@@@@@@@@@@@.@@@@@@@@@@@@@@@@@@@@.@@@@@@@@@@@@@@@@@@@@.@@@@@@@@@@@@@@@@@@@@.@@@@@@@@@@@@@@@@@@@@@
@@@@@@@@@@@@@@@@@@@@.@@@@@@@@@@@@@@@@@@@@.@@@@@@@@@@@@@@@@@@@@.@@@@@@@@@@@@@@@@@@@@.@@@@@@@@@@@@@@@@@@@@.@@@@@@@@@@@@@@@@@@@@.@@@@@@@@@@@@@@@@@@@@.@@@@@@@@@@@@@@@@@@@@.@@@@@@@@@@@@@@@@@@@@@
@@@@@@@@@@@@@@@@@@@@.@@@@@@@@@@@@@@@@@@@@.@@@@@@@@@@@@@@@@@@@@.@@@@@@@@@@@@@@@@@@@@.@@@@@@@@@@@@@@@@@@@@.@@@@@@@@@@@@@@@@@@@@.@@@@@@@@@@@@@@@@@@@@.@@@@@@@@@@@@@@@@@@@@.@@@@@@@@@@@@@@@@@@@@@
@@@@@@@@@@@@@@@@@@@@.@@@@@@@@@@@@@@@@@@@@.@@@@@@@@@@@@@@@@@@@@.@@@@@@@@@@@@@@@@@@@@.@@@@@@@@@@@@@@@@@@@@.@@@@@@@@@@@@@@@@@@@@.@@@@@@@@@@@@@@@@@@@@.@@@@@@@@@@@@@@@@@@@@.@@@@@@@@@@@@@@@@@@@@@
.............................................................................................................................................................................................
@@@@@@@@@@@@@@@@@@@@.@@@@@@@@@@@@@@@@@@@@.@@@@@@@@@@@@@@@@@@@@.@@@@@@@@@@@@@@@@@@@@.@@@@@@@@@@@@@@@@@@@@.@@@@@@@@@@@@@@@@@@@@.@@@@@@@@@@@@@@@@@@@@.@@@@@@@@@@@@@@@@@@@@.@@@@@@@@@@@@@@@@@@@@@
@@@@@@@@@@@@@@@@@@@@.@@@@@@@@@@@@@@@@@@@@.@@@@@@@@@@@@@@@@@@@@.@@@@@@@@@@@@@@@@@@@@.@@@@@@@@@@@@@@@@@@@@.@@@@@@@@@@@@@@@@@@@@.@@@@@@@@@@@@@@@@@@@@.@@@@@@@@@@@@@@@@@@@@.@@@@@@@@@@@@@@@@@@@@@
@@@@@@@@@@@@@@@@@@@@.@@@@@@@@@@@@@@@@@@@@.@@@@@@@@@@@@@@@@@@@@.@@@@@@@@@@@@@@@@@@@@.@@@@@@@@@@@@@@@@@@@@.@@@@@@@@@@@@@@@@@@@@.@@@@@@@@@@@@@@@@@@@@.@@@@@@@@@@@@@@@@@@@@.@@@@@@@@@@@@@@@@@@@@@
@@@@@@@@@@@@@@@@@@@@.@@@@@@@@@@@@@@@@@@@@.@@@@@@@@@@@@@@@@@@@@.@@@@@@@@@@@@@@@@@@@@.@@@@@@@@@@@@@@@@@@@@.@@@@@@@@@@@@@@@@@@@@.@@@@@@@@@@@@@@@@@@@@.@@@@@@@@@@@@@@@@@@@@.@@@@@@@@@@@@@@@@@@@@@
@@@@@@@@@@@@@@@@@@@@.@@@@@@@@@@@@@@@@@@@@.@@@@@@@@@@@@@@@@@@@@.@@@@@@@@@@@@@@@@@@@@.@@@@@@@@@@@@@@@@@@@@.@@@@@@@@@@@@@@@@@@@@.@@@@@@@@@@@@@@@@@@@@.@@@@@@@@@@@@@@@@@@@@.@@@@@@@@@@@@@@@@@@@@@
.............................................................................................................................................................................................
@@@@@@@@@@@@@@@@@@@@.@@@@@@@@@@@@@@@@@@@@.@@@@@@@@@@@@@@@@@@@@.@@@@@@@@@@@@@@@@@@@@.@@@@@@@@@@@@@@@@@@@@.@@@@@@@@@@@@@@@@@@@@.@@@@@@@@@@@@@@@@@@@@.@@@@@@@@@@@@@@@@@@@@.@@@@@@@@@@@@@@@@@@@@@
@@@@@@@@@@@@@@@@@@@@.@@@@@@@@@@@@@@@@@@@@.@@@@@@@@@@@@@@@@@@@@.@@@@@@@@@@@@@@@@@@@@.@@@@@@@@@@@@@@@@@@@@.@@@@@@@@@@@@@@@@@@@@.@@@@@@@@@@@@@@@@@@@@.@@@@@@@@@@@@@@@@@@@@.@@@@@@@@@@@@@@@@@@@@@
@@@@@@@@@@@@@@@@@@@@.@@@@@@@@@@@@@@@@@@@@.@@@@@@@@@@@@@@@@@@@@.@@@@@@@@@@@@@@@@@@@@.@@@@@@@@@@@@@@@@@@@@.@@@@@@@@@@@@@@@@@@@@.@@@@@@@@@@@@@@@@@@@@.@@@@@@@@@@@@@@@@@@@@.@@@@@@@@@@@@@@@@@@@@@
@@@@@@@@@@@@@@@@@@@@.@@@@@@@@@@@@@@@@@@@@.@@@@@@@@@@@@@@@@@@@@.@@@@@@@@@@@@@@@@@@@@.@@@@@@@@@@@@@@@@@@@@.@@@@@@@@@@@@@@@@@@@@.@@@@@@@@@@@@@@@@@@@@.@@@@@@@@@@@@@@@@@@@@.@@@@@@@@@@@@@@@@@@@@@
@@@@@@@@@@@@@@@@@@@@.@@@@@@@@@@@@@@@@@@@@.@@@@@@@@@@@@@@@@@@@@.@@@@@@@@@@@@@@@@@@@@.@@@@@@@@@@@@@@@@@@@@.@@@@@@@@@@@@@@@@@@@@.@@@@@@@@@@@@@@@@@@@@.@@@@@@@@@@@@@@@@@@@@.@@@@@@@@@@@@@@@@@@@@@
.............................................................................................................................................................................................
@@@@@@@@@@@@@@@@@@@@.@@@@@@@@@@@@@@@@@@@@.@@@@@@@@@@@@@@@@@@@@.@@@@@@@@@@@@@@@@@@@@.@@@@@@@@@@@@@@@@@@@@.@@@@@@@@@@@@@@@@@@@@.@@@@@@@@@@@@@@@@@@@@.@@@@@@@@@@@@@@@@@@@@.@@@@@@@@@@@@@@@@@@@@@
@@@@@@@@@@@@@@@@@@@@.@@@@@@@@@@@@@@@@@@@@.@@@@@@@@@@@@@@@@@@@@.@@@@@@@@@@@@@@@@@@@@.@@@@@@@@@@@@@@@@@@@@.@@@@@@@@@@@@@@@@@@@@.@@@@@@@@@@@@@@@@@@@@.@@@@@@@@@@@@@@@@@@@@.@@@@@@@@@@@@@@@@@@@@@
@@@@@@@@@@@@@@@@@@@@.@@@@@@@@@@@@@@@@@@@@.@@@@@@@@@@@@@@@@@@@@.@@@@@@@@@@@@@@@@@@@@.@@@@@@@@@@@@@@@@@@@@.@@@@@@@@@@@@@@@@@@@@.@@@@@@@@@@@@@@@@@@@@.@@@@@@@@@@@@@@@@@@@@.@@@@@@@@@@@@@@@@@@@@@
@@@@@@@@@@@@@@@@@@@@.@@@@@@@@@@@@@@@@@@@@.@@@@@@@@@@@@@@@@@@@@.@@@@@@@@@@@@@@@@@@@@.@@@@@@@@@@@@@@@@@@@@.@@@@@@@@@@@@@@@@@@@@.@@@@@@@@@@@@@@@@@@@@.@@@@@@@@@@@@@@@@@@@@.@@@@@@@@@@@@@@@@@@@@@
@@@@@@@@@@@@@@@@@@@@.@@@@@@@@@@@@@@@@@@@@.@@@@@@@@@@@@@@@@@@@@.@@@@@@@@@@@@@@@@@@@@.@@@@@@@@@@@@@@@@@@@@.@@@@@@@@@@@@@@@@@@@@.@@@@@@@@@@@@@@@@@@@@.@@@@@@@@@@@@@@@@@@@@.@@@@@@@@@@@@@@@@@@@@@
.............................................................................................................................................................................................
@@@@@@@@@@@@@@@@@@@@.@@@@@@@@@@@@@@@@@@@@.@@@@@@@@@@@@@@@@@@@@.@@@@@@@@@@@@@@@@@@@@.@@@@@@@@@@@@@@@@@@@@.@@@@@@@@@@@@@@@@@@@@.@@@@@@@@@@@@@@@@@@@@.@@@@@@@@@@@@@@@@@@@@.@@@@@@@@@@@@@@@@@@@@@
@@@@@@@@@@@@@@@@@@@@.@@@@@@@@@@@@@@@@@@@@.@@@@@@@@@@@@@@@@@@@@.@@@@@@@@@@@@@@@@@@@@.@@@@@@@@@@@@@@@@@@@@.@@@@@@@@@@@@@@@@@@@@.@@@@@@@@@@@@@@@@@@@@.@@@@@@@@@@@@@@@@@@@@.@@@@@@@@@@@@@@@@@@@@@
@@@@@@@@@@@@@@@@@@@@.@@@@@@@@@@@@@@@@@@@@.@@@@@@@@@@@@@@@@@@@@.@@@@@@@@@@@@@@@@@@@@.@@@@@@@@@@@@@@@@@@@@.@@@@@@@@@@@@@@@@@@@@.@@@@@@@@@@@@@@@@@@@@.@@@@@@@@@@@@@@@@@@@@.@@@@@@@@@@@@@@@@@@@@@
@@@@@@@@@@@@@@@@@@@@.@@@@@@@@@@@@@@@@@@@@.@@@@@@@@@@@@@@@@@@@@.@@@@@@@@@@@@@@@@@@@@.@@@@@@@@@@@@@@@@@@@@.@@@@@@@@@@@@@@@@@@@@.@@@@@@@@@@@@@@@@@@@@.@@@@@@@@@@@@@@@@@@@@.@@@@@@@@@@@@@@@@@@@@@
@@@@@@@@@@@@@@@@@@@@.@@@@@@@@@@@@@@@@@@@@.@@@@@@@@@@@@@@@@@@@@.@@@@@@@@@@@@@@@@@@@@.@@@@@@@@@@@@@@@@@@@@.@@@@@@@@@@@@@@@@@@@@.@@@@@@@@@@@@@@@@@@@@.@@@@@@@@@@@@@@@@@@@@.@@@@@@@@@@@@@@@@@@@@@
.............................................................................................................................................................................................
@@@@@@@@@@@@@@@@@@@@.@@@@@@@@@@@@@@@@@@@@.@@@@@@@@@@@@@@@@@@@@.@@@@@@@@@@@@@@@@@@@@.@@@@@@@@@@@@@@@@@@@@.@@@@@@@@@@@@@@@@@@@@.@@@@@@@@@@@@@@@@@@@@.@@@@@@@@@@@@@@@@@@@@.@@@@@@@@@@@@@@@@@@@@@
@@@@@@@@@@@@@@@@@@@@.@@@@@@@@@@@@@@@@@@@@.@@@@@@@@@@@@@@@@@@@@.@@@@@@@@@@@@@@@@@@@@.@@@@@@@@@@@@@@@@@@@@.@@@@@@@@@@@@@@@@@@@@.@@@@@@@@@@@@@@@@@@@@.@@@@@@@@@@@@@@@@@@@@.@@@@@@@@@@@@@@@@@@@@@
@@@@@@@@@@@@@@@@@@@@.@@@@@@@@@@@@@@@@@@@@.@@@@@@@@@@@@@@@@@@@@.@@@@@@@@@@@@@@@@@@@@.@@@@@@@@@@@@@@@@@@@@.@@@@@@@@@@@@@@@@@@@@.@@@@@@@@@@@@@@@@@@@@.@@@@@@@@@@@@@@@@@@@@.@@@@@@@@@@@@@@@@@@@@@
@@@@@@@@@@@@@@@@@@@@.@@@@@@@@@@@@@@@@@@@@.@@@@@@@@@@@@@@@@@@@@.@@@@@@@@@@@@@@@@@@@@.@@@@@@@@@@@@@@@@@@@@.@@@@@@@@@@@@@@@@@@@@.@@@@@@@@@@@@@@@@@@@@.@@@@@@@@@@@@@@@@@@@@.@@@@@@@@@@@@@@@@@@@@@
@@@@@@@@@@@@@@@@@@@@.@@@@@@@@@@@@@@@@@@@@.@@@@@@@@@@@@@@@@@@@@.@@@@@@@@@@@@@@@@@@@@.@@@@@@@@@@@@@@@@@@@@.@@@@@@@@@@@@@@@@@@@@.@@@@@@@@@@@@@@@@@@@@.@@@@@@@@@@@@@@@@@@@@.@@@@@@@@@@@@@@@@@@@@@
.............................................................................................................................................................................................
@@@@@@@@@@@@@@@@@@@@.@@@@@@@@@@@@@@@@@@@@.@@@@@@@@@@@@@@@@@@@@.@@@@@@@@@@@@@@@@@@@@.@@@@@@@@@@@@@@@@@@@@.@@@@@@@@@@@@@@@@@@@@.@@@@@@@@@@@@@@@@@@@@.@@@@@@@@@@@@@@@@@@@@.@@@@@@@@@@@@@@@@@@@@@
@@@@@@@@@@@@@@@@@@@@.@@@@@@@@@@@@@@@@@@@@.@@@@@@@@@@@@@@@@@@@@.@@@@@@@@@@@@@@@@@@@@.@@@@@@@@@@@@@@@@@@@@.@@@@@@@@@@@@@@@@@@@@.@@@@@@@@@@@@@@@@@@@@.@@@@@@@@@@@@@@@@@@@@.@@@@@@@@@@@@@@@@@@@@@
@@@@@@@@@@@@@@@@@@@@.@@@@@@@@@@@@@@@@@@@@.@@@@@@@@@@@@@@@@@@@@.@@@@@@@@@@@@@@@@@@@@.@@@@@@@@@@@@@@@@@@@@.@@@@@@@@@@@@@@@@@@@@.@@@@@@@@@@@@@@@@@@@@.@@@@@@@@@@@@@@@@@@@@.@@@@@@@@@@@@@@@@@@@@@
@@@@@@@@@@@@@@@@@@@@.@@@@@@@@@@@@@@@@@@@@.@@@@@@@@@@@@@@@@@@@@.@@@@@@@@@@@@@@@@@@@@.@@@@@@@@@@@@@@@@@@@@.@@@@@@@@@@@@@@@@@@@@.@@@@@@@@@@@@@@@@@@@@.@@@@@@@@@@@@@@@@@@@@.@@@@@@@@@@@@@@@@@@@@@
@@@@@@@@@@@@@@@@@@@@.@@@@@@@@@@@@@@@@@@@@.@@@@@@@@@@@@@@@@@@@@.@@@@@@@@@@@@@@@@@@@@.@@@@@@@@@@@@@@@@@@@@.@@@@@@@@@@@@@@@@@@@@.@@@@@@@@@@@@@@@@@@@@.@@@@@@@@@@@@@@@@@@@@.@@@@@@@@@@@@@@@@@@@@@
.............................................................................................................................................................................................
@@@@@@@@@@@@@@@@@@@@.@@@@@@@@@@@@@@@@@@@@.@@@@@@@@@@@@@@@@@@@@.@@@@@@@@@@@@@@@@@@@@.@@@@@@@@@@@@@@@@@@@@.@@@@@@@@@@@@@@@@@@@@.@@@@@@@@@@@@@@@@@@@@.@@@@@@@@@@@@@@@@@@@@.@@@@@@@@@@@@@@@@@@@@@
@@@@@@@@@@@@@@@@@@@@.@@@@@@@@@@@@@@@@@@@@.@@@@@@@@@@@@@@@@@@@@.@@@@@@@@@@@@@@@@@@@@.@@@@@@@@@@@@@@@@@@@@.@@@@@@@@@@@@@@@@@@@@.@@@@@@@@@@@@@@@@@@@@.@@@@@@@@@@@@@@@@@@@@.@@@@@@@@@@@@@@@@@@@@@
@@@@@@@@@@@@@@@@@@@@.@@@@@@@@@@@@@@@@@@@@.@@@@@@@@@@@@@@@@@@@@.@@@@@@@@@@@@@@@@@@@@.@@@@@@@@@@@@@@@@@@@@.@@@@@@@@@@@@@@@@@@@@.@@@@@@@@@@@@@@@@@@@@.@@@@@@@@@@@@@@@@@@@@.@@@@@@@@@@@@@@@@@@@@@
@@@@@@@@@@@@@@@@@@@@.@@@@@@@@@@@@@@@@@@@@.@@@@@@@@@@@@@@@@@@@@.@@@@@@@@@@@@@@@@@@@@.@@@@@@@@@@@@@@@@@@@@.@@@@@@@@@@@@@@@@@@@@.@@@@@@@@@@@@@@@@@@@@.@@@@@@@@@@@@@@@@@@@@.@@@@@@@@@@@@@@@@@@@@@
@@@@@@@@@@@@@@@@@@@@.@@@@@@@@@@@@@@@@@@@@.@@@@@@@@@@@@@@@@@@@@.@@@@@@@@@@@@@@@@@@@@.@@@@@@@@@@@@@@@@@@@@.@@@@@@@@@@@@@@@@@@@@.@@@@@@@@@@@@@@@@@@@@.@@@@@@@@@@@@@@@@@@@@.@@@@@@@@@@@@@@@@@@@@@
.............................................................................................................................................................................................
@@@@@@@@@@@@@@@@@@@@.@@@@@@@@@@@@@@@@@@@@.@@@@@@@@@@@@@@@@@@@@.@@@@@@@@@@@@@@@@@@@@.@@@@@@@@@@@@@@@@@@@@.@@@@@@@@@@@@@@@@@@@@.@@@@@@@@@@@@@@@@@@@@.@@@@@@@@@@@@@@@@@@@@.@@@@@@@@@@@@@@@@@@@@@
@@@@@@@@@@@@@@@@@@@@.@@@@@@@@@@@@@@@@@@@@.@@@@@@@@@@@@@@@@@@@@.@@@@@@@@@@@@@@@@@@@@.@@@@@@@@@@@@@@@@@@@@.@@@@@@@@@@@@@@@@@@@@.@@@@@@@@@@@@@@@@@@@@.@@@@@@@@@@@@@@@@@@@@.@@@@@@@@@@@@@@@@@@@@@
@@@@@@@@@@@@@@@@@@@@.@@@@@@@@@@@@@@@@@@@@.@@@@@@@@@@@@@@@@@@@@.@@@@@@@@@@@@@@@@@@@@.@@@@@@@@@@@@@@@@@@@@.@@@@@@@@@@@@@@@@@@@@.@@@@@@@@@@@@@@@@@@@@.@@@@@@@@@@@@@@@@@@@@.@@@@@@@@@@@@@@@@@@@@@
@@@@@@@@@@@@@@@@@@@@.@@@@@@@@@@@@@@@@@@@@.@@@@@@@@@@@@@@@@@@@@.@@@@@@@@@@@@@@@@@@@@.@@@@@@@@@@@@@@@@@@@@.@@@@@@@@@@@@@@@@@@@@.@@@@@@@@@@@@@@@@@@@@.@@@@@@@@@@@@@@@@@@@@.@@@@@@@@@@@@@@@@@@@@@
@@@@@@@@@@@@@@@@@@@@.@@@@@@@@@@@@@@@@@@@@.@@@@@@@@@@@@@@@@@@@@.@@@@@@@@@@@@@@@@@@@@.@@@@@@@@@@@@@@@@@@@@.@@@@@@@@@@@@@@@@@@@@.@@@@@@@@@@@@@@@@@@@@.@@@@@@@@@@@@@@@@@@@@.@@@@@@@@@@@@@@@@@@@@@
.............................................................................................................................................................................................
@@@@@@@@@@@@@@@@@@@@.@@@@@@@@@@@@@@@@@@@@.@@@@@@@@@@@@@@@@@@@@.@@@@@@@@@@@@@@@@@@@@.@@@@@@@@@@@@@@@@@@@@.@@@@@@@@@@@@@@@@@@@@.@@@@@@@@@@@@@@@@@@@@.@@@@@@@@@@@@@@@@@@@@.@@@@@@@@@@@@@@@@@@@@@
@@@@@@@@@@@@@@@@@@@@.@@@@@@@@@@@@@@@@@@@@.@@@@@@@@@@@@@@@@@@@@.@@@@@@@@@@@@@@@@@@@@.@@@@@@@@@@@@@@@@@@@@.@@@@@@@@@@@@@@@@@@@@.@@@@@@@@@@@@@@@@@@@@.@@@@@@@@@@@@@@@@@@@@.@@@@@@@@@@@@@@@@@@@@@
@@@@@@@@@@@@@@@@@@@@.@@@@@@@@@@@@@@@@@@@@.@@@@@@@@@@@@@@@@@@@@.@@@@@@@@@@@@@@@@@@@@.@@@@@@@@@@@@@@@@@@@@.@@@@@@@@@@@@@@@@@@@@.@@@@@@@@@@@@@@@@@@@@.@@@@@@@@@@@@@@@@@@@@.@@@@@@@@@@@@@@@@@@@@@
@@@@@@@@@@@@@@@@@@@@.@@@@@@@@@@@@@@@@@@@@.@@@@@@@@@@@@@@@@@@@@.@@@@@@@@@@@@@@@@@@@@.@@@@@@@@@@@@@@@@@@@@.@@@@@@@@@@@@@@@@@@@@.@@@@@@@@@@@@@@@@@@@@.@@@@@@@@@@@@@@@@@@@@.@@@@@@@@@@@@@@@@@@@@@
@@@@@@@@@@@@@@@@@@@@.@@@@@@@@@@@@@@@@@@@@.@@@@@@@@@@@@@@@@@@@@.@@@@@@@@@@@@@@@@@@@@.@@@@@@@@@@@@@@@@@@@@.@@@@@@@@@@@@@@@@@@@@.@@@@@@@@@@@@@@@@@@@@.@@@@@@@@@@@@@@@@@@@@.@@@@@@@@@@@@@@@@@@@@@
@@@@@@@@@@@@@@@@@@@@.@@@@@@@@@@@@@@@@@@@@.@@@@@@@@@@@@@@@@@@@@.@@@@@@@@@@@@@@@@@@@@.@@@@@@@@@@@@@@@@@@@@.@@@@@@@@@@@@@@@@@@@@.@@@@@@@@@@@@@@@@@@@@.@@@@@@@@@@@@@@@@@@@@.@@@@@@@@@@@@@@@@@@@@@
