type octile
height 63
width 161
map
TTTTTTTTTTTTTTTTTTTTTTTTTTTTTTTTTTTTTTTTTTTTTTTTTTTTTTTTTTTTTTTTTTTTTTTTTTTTTTTTTTTTTTTTTTTTTTTTTTTTTTTTTTTTTTTTTTTTTTTTTTTTTTTTTTTTTTTTTTTTTTTTTTTTTTTTTTTTTTTTT
T........................S.............................................................................................................S........................T
T........................TTTTTTTTTTT.TTTTTTTTTT.TTTTTTTTTT.TTTTTTTTTT.TTTTTTTTTT.TTTTTTTTTT.TTTTTTTTTT.TTTTTTTTTT.TTTTTTTTTT.TTTTTTTTTTT........................T
T........................TTTTTTTTTTT.TTTTTTTTTT.TTTTTTTTTT.TTTTTTTTTT.TTTTTTTTTT.TTTTTTTTTT.TTTTTTTTTT.TTTTTTTTTT.TTTTTTTTTT.TTTTTTTTTTT........................T
T........................S.............................................................................................................S........................T
T........................TTTTTTTTTTT.TTTTTTTTTT.TTTTTTTTTT.TTTTTTTTTT.TTTTTTTTTT.TTTTTTTTTT.TTTTTTTTTT.TTTTTTTTTT.TTTTTTTTTT.TTTTTTTTTTT........................T
T........................TTTTTTTTTTT.TTTTTTTTTT.TTTTTTTTTT.TTTTTTTTTT.TTTTTTTTTT.TTTTTTTTTT.TTTTTTTTTT.TTTTTTTTTT.TTTTTTTTTT.TTTTTTTTTTT........................T
T........................S.............................................................................................................S........................T
T........................TTTTTTTTTTT.TTTTTTTTTT.TTTTTTTTTT.TTTTTTTTTT.TTTTTTTTTT.TTTTTTTTTT.TTTTTTTTTT.TTTTTTTTTT.TTTTTTTTTT.TTTTTTTTTTT........................T
T........................TTTTTTTTTTT.TTTTTTTTTT.TTTTTTTTTT.TTTTTTTTTT.TTTTTTTTTT.TTTTTTTTTT.TTTTTTTTTT.TTTTTTTTTT.TTTTTTTTTT.TTTTTTTTTTT........................T
T........................S.............................................................................................................S........................T
T........................TTTTTTTTTTT.TTTTTTTTTT.TTTTTTTTTT.TTTTTTTTTT.TTTTTTTTTT.TTTTTTTTTT.TTTTTTTTTT.TTTTTTTTTT.TTTTTTTTTT.TTTTTTTTTTT........................T
T........................TTTTTTTTTTT.TTTTTTTTTT.TTTTTTTTTT.TTTTTTTTTT.TTTTTTTTTT.TTTTTTTTTT.TTTTTTTTTT.TTTTTTTTTT.TTTTTTTTTT.TTTTTTTTTTT........................T
T........................S.............................................................................................................S........................T
T........................TTTTTTTTTTT.TTTTTTTTTT.TTTTTTTTTT.TTTTTTTTTT.TTTTTTTTTT.TTTTTTTTTT.TTTTTTTTTT.TTTTTTTTTT.TTTTTTTTTT.TTTTTTTTTTT........................T
T........................TTTTTTTTTTT.TTTTTTTTTT.TTTTTTTTTT.TTTTTTTTTT.TTTTTTTTTT.TTTTTTTTTT.TTTTTTTTTT.TTTTTTTTTT.TTTTTTTTTT.TTTTTTTTTTT........................T
T........................S.............................................................................................................S........................T
T........................TTTTTTTTTTT.TTTTTTTTTT.TTTTTTTTTT.TTTTTTTTTT.TTTTTTTTTT.TTTTTTTTTT.TTTTTTTTTT.TTTTTTTTTT.TTTTTTTTTT.TTTTTTTTTTT........................T
T........................TTTTTTTTTTT.TTTTTTTTTT.TTTTTTTTTT.TTTTTTTTTT.TTTTTTTTTT.TTTTTTTTTT.TTTTTTTTTT.TTTTTTTTTT.TTTTTTTTTT.TTTTTTTTTTT........................T
T........................S.............................................................................................................S........................T
T........................TTTTTTTTTTT.TTTTTTTTTT.TTTTTTTTTT.TTTTTTTTTT.TTTTTTTTTT.TTTTTTTTTT.TTTTTTTTTT.TTTTTTTTTT.TTTTTTTTTT.TTTTTTTTTTT........................T
T........................TTTTTTTTTTT.TTTTTTTTTT.TTTTTTTTTT.TTTTTTTTTT.TTTTTTTTTT.TTTTTTTTTT.TTTTTTTTTT.TTTTTTTTTT.TTTTTTTTTT.TTTTTTTTTTT........................T
T........................S.............................................................................................................S........................T
T........................TTTTTTTTTTT.TTTTTTTTTT.TTTTTTTTTT.TTTTTTTTTT.TTTTTTTTTT.TTTTTTTTTT.TTTTTTTTTT.TTTTTTTTTT.TTTTTTTTTT.TTTTTTTTTTT........................T
T........................TTTTTTTTTTT.TTTTTTTTTT.TTTTTTTTTT.TTTTTTTTTT.TTTTTTTTTT.TTTTTTTTTT.TTTTTTTTTT.TTTTTTTTTT.TTTTTTTTTT.TTTTTTTTTTT........................T
T........................S.............................................................................................................S........................T
T........................TTTTTTTTTTT.TTTTTTTTTT.TTTTTTTTTT.TTTTTTTTTT.TTTTTTTTTT.TTTTTTTTTT.TTTTTTTTTT.TTTTTTTTTT.TTTTTTTTTT.TTTTTTTTTTT........................T
T........................TTTTTTTTTTT.TTTTTTTTTT.TTTTTTTTTT.TTTTTTTTTT.TTTTTTTTTT.TTTTTTTTTT.TTTTTTTTTT.TTTTTTTTTT.TTTTTTTTTT.TTTTTTTTTTT........................T
T........................S.............................................................................................................S........................T
T........................TTTTTTTTTTT.TTTTTTTTTT.TTTTTTTTTT.TTTTTTTTTT.TTTTTTTTTT.TTTTTTTTTT.TTTTTTTTTT.TTTTTTTTTT.TTTTTTTTTT.TTTTTTTTTTT........................T
T........................TTTTTTTTTTT.TTTTTTTTTT.TTTTTTTTTT.TTTTTTTTTT.TTTTTTTTTT.TTTTTTTTTT.TTTTTTTTTT.TTTTTTTTTT.TTTTTTTTTT.TTTTTTTTTTT........................T
T........................S.............................................................................................................S........................T
T........................TTTTTTTTTTT.TTTTTTTTTT.TTTTTTTTTT.TTTTTTTTTT.TTTTTTTTTT.TTTTTTTTTT.TTTTTTTTTT.TTTTTTTTTT.TTTTTTTTTT.TTTTTTTTTTT........................T
T........................TTTTTTTTTTT.TTTTTTTTTT.TTTTTTTTTT.TTTTTTTTTT.TTTTTTTTTT.TTTTTTTTTT.TTTTTTTTTT.TTTTTTTTTT.TTTTTTTTTT.TTTTTTTTTTT........................T
T........................S.............................................................................................................S........................T
T........................TTTTTTTTTTT.TTTTTTTTTT.TTTTTTTTTT.TTTTTTTTTT.TTTTTTTTTT.TTTTTTTTTT.TTTTTTTTTT.TTTTTTTTTT.TTTTTTTTTT.TTTTTTTTTTT........................T
T........................TTTTTTTTTTT.TTTTTTTTTT.TTTTTTTTTT.TTTTTTTTTT.TTTTTTTTTT.TTTTTTTTTT.TTTTTTTTTT.TTTTTTTTTT.TTTTTTTTTT.TTTTTTTTTTT........................T
T........................S.............................................................................................................S........................T
T........................TTTTTTTTTTT.TTTTTTTTTT.TTTTTTTTTT.TTTTTTTTTT.TTTTTTTTTT.TTTTTTTTTT.TTTTTTTTTT.TTTTTTTTTT.TTTTTTTTTT.TTTTTTTTTTT........................T
T........................TTTTTTTTTTT.TTTTTTTTTT.TTTTTTTTTT.TTTTTTTTTT.TTTTTTTTTT.TTTTTTTTTT.TTTTTTTTTT.TTTTTTTTTT.TTTTTTTTTT.TTTTTTTTTTT........................T
T........................S.............................................................................................................S........................T
T........................TTTTTTTTTTT.TTTTTTTTTT.TTTTTTTTTT.TTTTTTTTTT.TTTTTTTTTT.TTTTTTTTTT.TTTTTTTTTT.TTTTTTTTTT.TTTTTTTTTT.TTTTTTTTTTT........................T
T........................TTTTTTTTTTT.TTTTTTTTTT.TTTTTTTTTT.TTTTTTTTTT.TTTTTTTTTT.TTTTTTTTTT.TTTTTTTTTT.TTTTTTTTTT.TTTTTTTTTT.TTTTTTTTTTT........................T
T........................S.............................................................................................................S........................T
T........................TTTTTTTTTTT.TTTTTTTTTT.TTTTTTTTTT.TTTTTTTTTT.TTTTTTTTTT.TTTTTTTTTT.TTTTTTTTTT.TTTTTTTTTT.TTTTTTTTTT.TTTTTTTTTTT........................T
T........................TTTTTTTTTTT.TTTTTTTTTT.TTTTTTTTTT.TTTTTTTTTT.TTTTTTTTTT.TTTTTTTTTT.TTTTTTTTTT.TTTTTTTTTT.TTTTTTTTTT.TTTTTTTTTTT........................T
T........................S.............................................................................................................S........................T
T........................TTTTTTTTTTT.TTTTTTTTTT.TTTTTTTTTT.TTTTTTTTTT.TTTTTTTTTT.TTTTTTTTTT.TTTTTTTTTT.TTTTTTTTTT.TTTTTTTTTT.TTTTTTTTTTT........................T
T........................TTTTTTTTTTT.TTTTTTTTTT.TTTTTTTTTT.TTTTTTTTTT.TTTTTTTTTT.TTTTTTTTTT.TTTTTTTTTT.TTTTTTTTTT.TTTTTTTTTT.TTTTTTTTTTT........................T
T........................S.............................................................................................................S........................T
T........................TTTTTTTTTTT.TTTTTTTTTT.TTTTTTTTTT.TTTTTTTTTT.TTTTTTTTTT.TTTTTTTTTT.TTTTTTTTTT.TTTTTTTTTT.TTTTTTTTTT.TTTTTTTTTTT........................T
T........................TTTTTTTTTTT.TTTTTTTTTT.TTTTTTTTTT.TTTTTTTTTT.TTTTTTTTTT.TTTTTTTTTT.TTTTTTTTTT.TTTTTTTTTT.TTTTTTTTTT.TTTTTTTTTTT........................T
T........................S.............................................................................................................S........................T
T........................TTTTTTTTTTT.TTTTTTTTTT.TTTTTTTTTT.TTTTTTTTTT.TTTTTTTTTT.TTTTTTTTTT.TTTTTTTTTT.TTTTTTTTTT.TTTTTTTTTT.TTTTTTTTTTT........................T
T........................TTTTTTTTTTT.TTTTTTTTTT.TTTTTTTTTT.TTTTTTTTTT.TTTTTTTTTT.TTTTTTTTTT.TTTTTTTTTT.TTTTTTTTTT.TTTTTTTTTT.TTTTTTTTTTT........................T
T........................S.............................................................................................................S........................T
T........................TTTTTTTTTTT.TTTTTTTTTT.TTTTTTTTTT.TTTTTTTTTT.TTTTTTTTTT.TTTTTTTTTT.TTTTTTTTTT.TTTTTTTTTT.TTTTTTTTTT.TTTTTTTTTTT........................T
T........................TTTTTTTTTTT.TTTTTTTTTT.TTTTTTTTTT.TTTTTTTTTT.TTTTTTTTTT.TTTTTTTTTT.TTTTTTTTTT.TTTTTTTTTT.TTTTTTTTTT.TTTTTTTTTTT........................T
T........................S.............................................................................................................S........................T
T........................TTTTTTTTTTT.TTTTTTTTTT.TTTTTTTTTT.TTTTTTTTTT.TTTTTTTTTT.TTTTTTTTTT.TTTTTTTTTT.TTTTTTTTTT.TTTTTTTTTT.TTTTTTTTTTT........................T
T........................TTTTTTTTTTT.TTTTTTTTTT.TTTTTTTTTT.TTTTTTTTTT.TTTTTTTTTT.TTTTTTTTTT.TTTTTTTTTT.TTTTTTTTTT.TTTTTTTTTT.TTTTTTTTTTT........................T
T........................S.............................................................................................................S........................T
TTTTTTTTTTTTTTTTTTTTTTTTTTTTTTTTTTTTTTTTTTTTTTTTTTTTTTTTTTTTTTTTTTTTTTTTTTTTTTTTTTTTTTTTTTTTTTTTTTTTTTTTTTTTTTTTTTTTTTTTTTTTTTTTTTTTTTTTTTTTTTTTTTTTTTTTTTTTTTTTT
