type octile
height 187
width 187
map
@@@@@@@@@@@@@@@@@@@@.@@@@@@@@@@@@@@@@@@@@.@@@@@@@@@@@@@@@@@@@@.@@@@@@@@@@@@@@@@@@@@.@@@@@@@@@@@@@@@@@@@@.@@@@@@@@@@@@@@@@@@@@.@@@@@@@@@@@@@@@@@@@@.@@@@@@@@@@@@@@@@@@@@.@@@@@@@@@@@@@@@@@@@@@
@@@@@@@@@@@@@@@@@@@@.@@@@@@@@@@@@@@@@@@@@.@@@@@@@@@@@@@@@@@@@@.@@@@@@@@@@@@@@@@@@@@.@@@@@@@@@@@@@@@@@@@@.@@@@@@@@@@@@@@@@@@@@.@@@@@@@@@@@@@@@@@@@@.@@@@@@@@@@@@@@@@@@@@.@@@@@@@@@@@@@@@@@@@@@
@@@@@@@@@@@@@@@@@@@@.@@@@@@@@@@@@@@@@@@@@.@@@@@@@@@@@@@@@@@@@@.@@@@@@@@@@@@@@@@@@@@.@@@@@@@@@@@@@@@@@@@@.@@@@@@@@@@@@@@@@@@@@.@@@@@@@@@@@@@@@@@@@@.@@@@@@@@@@@@@@@@@@@@.@@@@@@@@@@@@@@@@@@@@@
@@@@@@@@@@@@@@@@@@@@.@@@@@@@@@@@@@@@@@@@@.@@@@@@@@@@@@@@@@@@@@.@@@@@@@@@@@@@@@@@@@@.@@@@@@@@@@@@@@@@@@@@.@@@@@@@@@@@@@@@@@@@@.@@@@@@@@@@@@@@@@@@@@.@@@@@@@@@@@@@@@@@@@@.@@@@@@@@@@@@@@@@@@@@@
@@@@@@@@@@@@@@@@@@@@.@@@@@@@@@@@@@@@@@@@@.@@@@@@@@@@@@@@@@@@@@.@@@@@@@@@@@@@@@@@@@@.@@@@@@@@@@@@@@@@@@@@.@@@@@@@@@@@@@@@@@@@@.@@@@@@@@@@@@@@@@@@@@.@@@@@@@@@@@@@@@@@@@@.@@@@@@@@@@@@@@@@@@@@@
.............................................................................................................................................................................................
@@@@@@@@@@@@@@@@@@@@.@@@@@@@@@@@@@@@@@@@@.@@@@@@@@@@@@@@@@@@@@.@@@@@@@@@@@@@@@@@@@@.@@@@@@@@@@@@@@@@@@@@.@@@@@@@@@@@@@@@@@@@@.@@@@@@@@@@@@@@@@@@@@.@@@@@@@@@@@@@@@@@@@@.@@@@@@@@@@@@@@@@@@@@@
@@@@@@@@@@@@@@@@@@@@.@@@@@@@@@@@@@@@@@@@@.@@@@@@@@@@@@@@@@@@@@.@@@@@@@@@@@@@@@@@@@@.@@@@@@@@@@@@@@@@@@@@.@@@@@@@@@@@@@@@@@@@@.@@@@@@@@@@@@@@@@@@@@.@@@@@@@@@@@@@@@@@@@@.@@@@@@@@@@@@@@@@@@@@@
@@@@@@@@@@@@@@@@@@@@.@@@@@@@@@@@@@@@@@@@@.@@@@@@@@@@@@@@@@@@@@.@@@@@@@@@@@@@@@@@@@@.@@@@@@@@@@@@@@@@@@@@.@@@@@@@@@@@@@@@@@@@@.@@@@@@@@@@@@@@@@@@@@.@@@@@@@@@@@@@@@@@@@@.@@@@@@@@@@@@@@@@@@@@@
@@@@@@@@@@@@@@@@@@@@.@@@@@@@@@@@@@@@@@@@@.@@@@@@@@@@@@@@@@@@@@.@@@@@@@@@@@@@@@@@@@@.@@@@@@@@@@@@@@@@@@@@.@@@@@@@@@@@@@@@@@@@@.@@@@@@@@@@@@@@@@@@@@.@@@@@@@@@@@@@@@@@@@@.@@@@@@@@@@@@@@@@@@@@@
@@@@@@@@@@@@@@@@@@@@.@@@@@@@@@@@@@@@@@@@@.@@@@@@@@@@@@@@@@@@@@.@@@@@@@@@@@@@@@@@@@@.@@@@@@@@@@@@@@@@@@@@.@@@@@@@@@@@@@@@@@@@@.@@@@@@@@@@@@@@@@@@@@.@@@@@@@@@@@@@@@@@@@@.@@@@@@@@@@@@@@@@@@@@@
.............................................................................................................................................................................................
@@@@@@@@@@@@@@@@@@@@.@@@@@@@@@@@@@@@@@@@@.@@@@@@@@@@@@@@@@@@@@.@@@@@@@@@@@@@@@@@@@@.@@@@@@@@@@@@@@@@@@@@.@@@@@@@@@@@@@@@@@@@@.@@@@@@@@@@@@@@@@@@@@.@@@@@@@@@@@@@@@@@@@@.@@@@@@@@@@@@@@@@@@@@@
@@@@@@@@@@@@@@@@@@@@.@@@@@@@@@@@@@@@@@@@@.@@@@@@@@@@@@@@@@@@@@.@@@@@@@@@@@@@@@@@@@@.@@@@@@@@@@@@@@@@@@@@.@@@@@@@@@@@@@@@@@@@@.@@@@@@@@@@@@@@@@@@@@.@@@@@@@@@@@@@@@@@@@@.@@@@@@@@@@@@@@@@@@@@@
@@@@@@@@@@@@@@@@@@@@.@@@@@@@@@@@@@@@@@@@@.@@@@@@@@@@@@@@@@@@@@.@@@@@@@@@@@@@@@@@@@@.@@@@@@@@@@@@@@@@@@@@.@@@@@@@@@@@@@@@@@@@@.@@@@@@@@@@@@@@@@@@@@.@@@@@@@@@@@@@@@@@@@@.@@@@@@@@@@@@@@@@@@@@@
@@@@@@@@@@@@@@@@@@@@.@@@@@@@@@@@@@@@@@@@@.@@@@@@@@@@@@@@@@@@@@.@@@@@@@@@@@@@@@@@@@@.@@@@@@@@@@@@@@@@@@@@.@@@@@@@@@@@@@@@@@@@@.@@@@@@@@@@@@@@@@@@@@.@@@@@@@@@@@@@@@@@@@@.@@@@@@@@@@@@@@@@@@@@@
@@@@@@@@@@@@@@@@@@@@.@@@@@@@@@@@@@@@@@@@@.@@@@@@@@@@@@@@@@@@@@.@@@@@@@@@@@@@@@@@@@@.@@@@@@@@@@@@@@@@@@@@.@@@@@@@@@@@@@@@@@@@@.@@@@@@@@@@@@@@@@@@@@.@@@@@@@@@@@@@@@@@@@@.@@@@@@@@@@@@@@@@@@@@@
.............................................................................................................................................................................................
@@@@@@@@@@@@@@@@@@@@.@@@@@@@@@@@@@@@@@@@@.@@@@@@@@@@@@@@@@@@@@.@@@@@@@@@@@@@@@@@@@@.@@@@@@@@@@@@@@@@@@@@.@@@@@@@@@@@@@@@@@@@@.@@@@@@@@@@@@@@@@@@@@.@@@@@@@@@@@@@@@@@@@@.@@@@@@@@@@@@@@@@@@@@@
@@@@@@@@@@@@@@@@@@@@.@@@@@@@@@@@@@@@@@@@@.@@@@@@@@@@@@@@@@@@@@.@@@@@@@@@@@@@@@@@@@@.@@@@@@@@@@@@@@@@@@@@.@@@@@@@@@@@@@@@@@@@@.@@@@@@@@@@@@@@@@@@@@.@@@@@@@@@@@@@@@@@@@@.@@@@@@@@@@@@@@@@@@@@@
@@@@@@@@@@@@@@@@@@@@.@@@@@@@@@@@@@@@@@@@@.@@@@@@@@@@@@@@@@@@@@.@@@@@@@@@@@@@@@@@@@@.@@@@@@@@@@@@@@@@@@@@.@@@@@@@@@@@@@@@@@@@@.@@@@@@@@@@@@@@@@@@@@.@@@@@@@@@@@@@@@@@@@@.@@@@@@@@@@@@@@@@@@@@@
@@@@@@@@@@@@@@@@@@@@.@@@@@@@@@@@@@@@@@@@@.@@@@@@@@@@@@@@@@@@@@.@@@@@@@@@@@@@@@@@@@@.@@@@@@@@@@@@@@@@@@@@.@@@@@@@@@@@@@@@@@@@@.@@@@@@@@@@@@@@@@@@@@.@@@@@@@@@@@@@@@@@@@@.@@@@@@@@@@@@@@@@@@@@@
@@@@@@@@@@@@@@@@@@@@.@@@@@@@@@@@@@@@@@@@@.@@@@@@@@@@@@@@@@@@@@.@@@@@@@@@@@@@@@@@@@@.@@@@@@@@@@@@@@@@@@@@.@@@@@@@@@@@@@@@@@@@@.@@@@@@@@@@@@@@@@@@@@.@@@@@@@@@@@@@@@@@@@@.@@@@@@@@@@@@@@@@@@@@@
.............................................................................................................................................................................................
@@@@@@@@@@@@@@@@@@@@.@@@@@@@@@@@@@@@@@@@@.@@@@@@@@@@@@@@@@@@@@.@@@@@@@@@@@@@@@@@@@@.@@@@@@@@@@@@@@@@@@@@.@@@@@@@@@@@@@@@@@@@@.@@@@@@@@@@@@@@@@@@@@.@@@@@@@@@@@@@@@@@@@@.@@@@@@@@@@@@@@@@@@@@@
@@@@@@@@@@@@@@@@@@@@.@@@@@@@@@@@@@@@@@@@@.@@@@@@@@@@@@@@@@@@@@.@@@@@@@@@@@@@@@@@@@@.@@@@@@@@@@@@@@@@@@@@.@@@@@@@@@@@@@@@@@@@@.@@@@@@@@@@@@@@@@@@@@.@@@@@@@@@@@@@@@@@@@@.@@@@@@@@@@@@@@@@@@@@@
@@@@@@@@@@@@@@@@@@@@.@@@@@@@@@@@@@@@@@@@@.@@@@@@@@@@@@@@@@@@@@.@@@@@@@@@@@@@@@@@@@@.@@@@@@@@@@@@@@@@@@@@.@@@@@@@@@@@@@@@@@@@@.@@@@@@@@@@@@@@@@@@@@.@@@@@@@@@@@@@@@@@@@@.@@@@@@@@@@@@@@@@@@@@@
@@@@@@@@@@@@@@@@@@@@.@@@@@@@@@@@@@@@@@@@@.@@@@@@@@@@@@@@@@@@@@.@@@@@@@@@@@@@@@@@@@@.@@@@@@@@@@@@@@@@@@@@.@@@@@@@@@@@@@@@@@@@@.@@@@@@@@@@@@@@@@@@@@.@@@@@@@@@@@@@@@@@@@@.@@@@@@@@@@@@@@@@@@@@@
@@@@@@@@@@@@@@@@@@@@.@@@@@@@@@@@@@@@@@@@@.@@@@@@@@@@@@@@@@@@@@.@@@@@@@@@@@@@@@@@@@@.@@@@@@@@@@@@@@@@@@@@.@@@@@@@@@@@@@@@@@@@@.@@@@@@@@@@@@@@@@@@@@.@@@@@@@@@@@@@@@@@@@@.@@@@@@@@@@@@@@@@@@@@@
.............................................................................................................................................................................................
@@@@@@@@@@@@@@@@@@@@.@@@@@@@@@@@@@@@@@@@@.@@@@@@@@@@@@@@@@@@@@.@@@@@@@@@@@@@@@@@@@@.@@@@@@@@@@@@@@@@@@@@.@@@@@@@@@@@@@@@@@@@@.@@@@@@@@@@@@@@@@@@@@.@@@@@@@@@@@@@@@@@@@@.@@@@@@@@@@@@@@@@@@@@@
@@@@@@@@@@@@@@@@@@@@.@@@@@@@@@@@@@@@@@@@@.@@@@@@@@@@@@@@@@@@@@.@@@@@@@@@@@@@@@@@@@@.@@@@@@@@@@@@@@@@@@@@.@@@@@@@@@@@@@@@@@@@@.@@@@@@@@@@@@@@@@@@@@.@@@@@@@@@@@@@@@@@@@@.@@@@@@@@@@@@@@@@@@@@@
@@@@@@@@@@@@@@@@@@@@.@@@@@@@@@@@@@@@@@@@@.@@@@@@@@@@@@@@@@@@@@.@@@@@@@@@@@@@@@@@@@@.@@@@@@@@@@@@@@@@@@@@.@@@@@@@@@@@@@@@@@@@@.@@@@@@@@@@@@@@@@@@@@.@@@@@@@@@@@@@@@@@@@@.@@@@@@@@@@@@@@@@@@@@@
@@@@@@@@@@@@@@@@@@@@.@@@@@@@@@@@@@@@@@@@@.@@@@@@@@@@@@@@@@@@@@.@@@@@@@@@@@@@@@@@@@@.@@@@@@@@@@@@@@@@@@@@.@@@@@@@@@@@@@@@@@@@@.@@@@@@@@@@@@@@@@@@@@.@@@@@@@@@@@@@@@@@@@@.@@@@@@@@@@@@@@@@@@@@@
@@@@@@@@@@@@@@@@@@@@.@@@@@@@@@@@@@@@@@@@@.@@@@@@@@@@@@@@@@@@@@.@@@@@@@@@@@@@@@@@@@@.@@@@@@@@@@@@@@@@@@@@.@@@@@@@@@@@@@@@@@@@@.@@@@@@@@@@@@@@@@@@@@.@@@@@@@@@@@@@@@@@@@@.@@@@@@@@@@@@@@@@@@@@@
.............................................................................................................................................................................................
@@@@@@@@@@@@@@@@@@@@.@@@@@@@@@@@@@@@@@@@@.@@@@@@@@@@@@@@@@@@@@.@@@@@@@@@@@@@@@@@@@@.@@@@@@@@@@@@@@@@@@@@.@@@@@@@@@@@@@@@@@@@@.@@@@@@@@@@@@@@@@@@@@.@@@@@@@@@@@@@@@@@@@@.@@@@@@@@@@@@@@@@@@@@@
@@@@@@@@@@@@@@@@@@@@.@@@@@@@@@@@@@@@@@@@@.@@@@@@@@@@@@@@@@@@@@.@@@@@@@@@@@@@@@@@@@@.@@@@@@@@@@@@@@@@@@@@.@@@@@@@@@@@@@@@@@@@@.@@@@@@@@@@@@@@@@@@@@.@@@@@@@@@@@@@@@@@@@@.@@@@@@@@@@@@@@@@@@@@@
@@@@@@@@@@@@@@@@@@@@.@@@@@@@@@@@@@@@@@@@@.@@@@@@@@@@@@@@@@@@@@.@@@@@@@@@@@@@@@@@@@@.@@@@@@@@@@@@@@@@@@@@.@@@@@@@@@@@@@@@@@@@@.@@@@@@@@@@@@@@@@@@@@.@@@@@@@@@@@@@@@@@@@@.@@@@@@@@@@@@@@@@@@@@@
@@@@@@@@@@@@@@@@@@@@.@@@@@@@@@@@@@@@@@@@@.@@@@@@@@@@@@@@@@@@@@.@@@@@@@@@@@@@@@@@@@@.@@@@@@@@@@@@@@@@@@@@.@@@@@@@@@@@@@@@@@@@@.@@@@@@@@@@@@@@@@@@@@.@@@@@@@@@@@@@@@@@@@@.@@@@@@@@@@@@@@@@@@@@@
@@@@@@@@@@@@@@@@@@@@.@@@@@@@@@@@@@@@@@@@@.@@@@@@@@@@@@@@@@@@@@.@@@@@@@@@@@@@@@@@@@@.@@@@@@@@@@@@@@@@@@@@.@@@@@@@@@@@@@@@@@@@@.@@@@@@@@@@@@@@@@@@@@.@@@@@@@@@@@@@@@@@@@@.@@@@@@@@@@@@@@@@@@@@@
.............................................................................................................................................................................................
@@@@@@@@@@@@@@@@@@@@.@@@@@@@@@@@@@@@@@@@@.@@@@@@@@@@@@@@@@@@@@.@@@@@@@@@@@@@@@@@@@@.@@@@@@@@@@@@@@@@@@@@.@@@@@@@@@@@@@@@@@@@@.@@@@@@@@@@@@@@@@@@@@.@@@@@@@@@@@@@@@@@@@@.@@@@@@@@@@@@@@@@@@@@@
@@@@@@@@@@@@@@@@@@@@.@@@@@@@@@@@@@@@@@@@@.@@@@@@@@@@@@@@@@@@@@.@@@@@@@@@@@@@@@@@@@@.@@@@@@@@@@@@@@@@@@@@.@@@@@@@@@@@@@@@@@@@@.@@@@@@@@@@@@@@@@@@@@.@@@@@@@@@@@@@@@@@@@@.@@@@@@@@@@@@@@@@@@@@@
@@@@@@@@@@@@@@@@@@@@.@@@@@@@@@@@@@@@@@@@@.@@@@@@@@@@@@@@@@@@@@.@@@@@@@@@@@@@@@@@@@@.@@@@@@@@@@@@@@@@@@@@.@@@@@@@@@@@@@@@@@@@@.@@@@@@@@@@@@@@@@@@@@.@@@@@@@@@@@@@@@@@@@@.@@@@@@@@@@@@@@@@@@@@@
@@@@@@@@@@@@@@@@@@@@.@@@@@@@@@@@@@@@@@@@@.@@@@@@@@@@@@@@@@@@@@.@@@@@@@@@@@@@@@@@@@@.@@@@@@@@@@@@@@@@@@@@.@@@@@@@@@@@@@@@@@@@@.@@@@@@@@@@@@@@@@@@@@.@@@@@@@@@@@@@@@@@@@@.@@@@@@@@@@@@@@@@@@@@@
@@@@@@@@@@@@@@@@@@@@.@@@@@@@@@@@@@@@@@@@@.@@@@@@@@@@@@@@@@@@@@.@@@@@@@@@@@@@@@@@@@@.@@@@@@@@@@@@@@@@@@@@.@@@@@@@@@@@@@@@@@@@@.@@@@@@@@@@@@@@@@@@@@.@@@@@@@@@@@@@@@@@@@@.@@@@@@@@@@@@@@@@@@@@@
.............................................................................................................................................................................................
@@@@@@@@@@@@@@@@@@@@.@@@@@@@@@@@@@@@@@@@@.@@@@@@@@@@@@@@@@@@@@.@@@@@@@@@@@@@@@@@@@@.@@@@@@@@@@@@@@@@@@@@.@@@@@@@@@@@@@@@@@@@@.@@@@@@@@@@@@@@@@@@@@.@@@@@@@@@@@@@@@@@@@@.@@@@@@@@@@@@@@@@@@@@@
@@@@@@@@@@@@@@@@@@@@.@@@@@@@@@@@@@@@@@@@@.@@@@@@@@@@@@@@@@@@@@.@@@@@@@@@@@@@@@@@@@@.@@@@@@@@@@@@@@@@@@@@.@@@@@@@@@@@@@@@@@@@@.@@@@@@@@@@@@@@@@@@@@.@@@@@@@@@@@@@@@@@@@@.@@@@@@@@@@@@@@@@@@@@@
@@@@@@@@@@@@@@@@@@@@.@@@@@@@@@@@@@@@@@@@@.@@@@@@@@@@@@@@@@@@@@.@@@@@@@@@@@@@@@@@@@@.@@@@@@@@@@@@@@@@@@@@.@@@@@@@@@@@@@@@@@@@@.@@@@@@@@@@@@@@@@@@@@.@@@@@@@@@@@@@@@@@@@@.@@@@@@@@@@@@@@@@@@@@@
@@@@@@@@@@@@@@@@@@@@.@@@@@@@@@@@@@@@@@@@@.@@@@@@@@@@@@@@@@@@@@.@@@@@@@@@@@@@@@@@@@@.@@@@@@@@@@@@@@@@@@@@.@@@@@@@@@@@@@@@@@@@@.@@@@@@@@@@@@@@@@@@@@.@@@@@@@@@@@@@@@@@@@@.@@@@@@@@@@@@@@@@@@@@@
@@@@@@@@@@@@@@@@@@@@.@@@@@@@@@@@@@@@@@@@@.@@@@@@@@@@@@@@@@@@@@.@@@@@@@@@@@@@@@@@@@@.@@@@@@@@@@@@@@@@@@@@.@@@@@@@@@@@@@@@@@@@@.@@@@@@@@@@@@@@@@@@@@.@@@@@@@@@@@@@@@@@@@@.@@@@@@@@@@@@@@@@@@@@@
.............................................................................................................................................................................................
@@@@@@@@@@@@@@@@@@@@.@@@@@@@@@@@@@@@@@@@@.@@@@@@@@@@@@@@@@@@@@.@@@@@@@@@@@@@@@@@@@@.@@@@@@@@@@@@@@@@@@@@.@@@@@@@@@@@@@@@@@@@@.@@@@@@@@@@@@@@@@@@@@.@@@@@@@@@@@@@@@@@@@@.@@@@@@@@@@@@@@@@@@@@@
@@@@@@@@@@@@@@@@@@@@.@@@@@@@@@@@@@@@@@@@@.@@@@@@@@@@@@@@@@@@@@.@@@@@@@@@@@@@@@@@@@@.@@@@@@@@@@@@@@@@@@@@.@@@@@@@@@@@@@@@@@@@@.@@@@@@@@@@@@@@@@@@@@.@@@@@@@@@@@@@@@@@@@@.@@@@@@@@@@@@@@@@@@@@@
@@@@@@@@@@@@@@@@@@@@.@@@@@@@@@@@@@@@@@@@@.@@@@@@@@@@@@@@@@@@@@.@@@@@@@@@@@@@@@@@@@@.@@@@@@@@@@@@@@@@@@@@.@@@@@@@@@@@@@@@@@@@@.@@@@@@@@@@@@@@@@@@@@.@@@@@@@@@@@@@@@@@@@@.@@@@@@@@@@@@@@@@@@@@@
@@@@@@@@@@@@@@@@@@@@.@@@@@@@@@@@@@@@@@@@@.@@@@@@@@@@@@@@@@@@@@.@@@@@@@@@@@@@@@@@@@@.@@@@@@@@@@@@@@@@@@@@.@@@@@@@@@@@@@@@@@@@@.@@@@@@@@@@@@@@@@@@@@.@@@@@@@@@@@@@@@@@@@@.@@@@@@@@@@@@@@@@@@@@@
@@@@@@@@@@@@@@@@@@@@.@@@@@@@@@@@@@@@@@@@@.@@@@@@@@@@@@@@@@@@@@.@@@@@@@@@@@@@@@@@@@@.@@@@@@@@@@@@@@@@@@@@.@@@@@@@@@@@@@@@@@@@@.@@@@@@@@@@@@@@@@@@@@.@@@@@@@@@@@@@@@@@@@@.@@@@@@@@@@@@@@@@@@@@@
.............................................................................................................................................................................................
@@@@@@@@@@@@@@@@@@@@.@@@@@@@@@@@@@@@@@@@@.@@@@@@@@@@@@@@@@@@@@.@@@@@@@@@@@@@@@@@@@@.@@@@@@@@@@@@@@@@@@@@.@@@@@@@@@@@@@@@@@@@@.@@@@@@@@@@@@@@@@@@@@.@@@@@@@@@@@@@@@@@@@@.@@@@@@@@@@@@@@@@@@@@@
@@@@@@@@@@@@@@@@@@@@.@@@@@@@@@@@@@@@@@@@@.@@@@@@@@@@@@@@@@@@@@.@@@@@@@@@@@@@@@@@@@@.@@@@@@@@@@@@@@@@@@@@.@@@@@@@@@@@@@@@@@@@@.@@@@@@@@@@@@@@@@@@@@.@@@@@@@@@@@@@@@@@@@@.@@@@@@@@@@@@@@@@@@@@@
@@@@@@@@@@@@@@@@@@@@.@@@@@@@@@@@@@@@@@@@@.@@@@@@@@@@@@@@@@@@@@.@@@@@@@@@@@@@@@@@@@@.@@@@@@@@@@@@@@@@@@@@.@@@@@@@@@@@@@@@@@@@@.@@@@@@@@@@@@@@@@@@@@.@@@@@@@@@@@@@@@@@@@@.@@@@@@@@@@@@@@@@@@@@@
@@@@@@@@@@@@@@@@@@@@.@@@@@@@@@@@@@@@@@@@@.@@@@@@@@@@@@@@@@@@@@.@@@@@@@@@@@@@@@@@@@@.@@@@@@@@@@@@@@@@@@@@.@@@@@@@@@@@@@@@@@@@@.@@@@@@@@@@@@@@@@@@@@.@@@@@@@@@@@@@@@@@@@@.@@@@@@@@@@@@@@@@@@@@@
@@@@@@@@@@@@@@@@@@@@.@@@@@@@@@@@@@@@@@@@@.@@@@@@@@@@@@@@@@@@@@.@@@@@@@@@@@@@@@@@@@@.@@@@@@@@@@@@@@@@@@@@.@@@@@@@@@@@@@@@@@@@@.@@@@@@@@@@@@@@@@@@@@.@@@@@@@@@@@@@@@@@@@@.@@@@@@@@@@@@@@@@@@@@@
.............................................................................................................................................................................................
@@@@@@@@@@@@@@@@@@@@.@@@@@@@@@@@@@@@@@@@@.@@@@@@@@@@@@@@@@@@@@.@@@@@@@@@@@@@@@@@@@@.@@@@@@@@@@@@@@@@@@@@.@@@@@@@@@@@@@@@@@@@@.@@@@@@@@@@@@@@@@@@@@.@@@@@@@@@@@@@@@@@@@@.@@@@@@@@@@@@@@@@@@@@@
@@@@@@@@@@@@@@@@@@@@.@@@@@@@@@@@@@@@@@@@@.@@@@@@@@@@@@@@@@@@@@.@@@@@@@@@@@@@@@@@@@@.@@@@@@@@@@@@@@@@@@@@.@@@@@@@@@@@@@@@@@@@@.@@@@@@@@@@@@@@@@@@@@.@@@@@@@@@@@@@@@@@@@@.@@@@@@@@@@@@@@@@@@@@@
@@@@@@@@@@@@@@@@@@@@.@@@@@@@@@@@@@@@@@@@@.@@@@@@@@@@@@@@@@@@@@.@@@@@@@@@@@@@@@@@@@@.@@@@@@@@@@@@@@@@@@@@.@@@@@@@@@@@@@@@@@@@@.@@@@@@@@@@@@@@@@@@@@.@@@@@@@@@@@@@@@@@@@@.@@@@@@@@@@@@@@@@@@@@@
@@@@@@@@@@@@@@@@@@@@.@@@@@@@@@@@@@@@@@@@@.@@@@@@@@@@@@@@@@@@@@.@@@@@@@@@@@@@@@@@@@@.@@@@@@@@@@@@@@@@@@@@.@@@@@@@@@@@@@@@@@@@@.@@@@@@@@@@@@@@@@@@@@.@@@@@@@@@@@@@@@@@@@@.@@@@@@@@@@@@@@@@@@@@@
@@@@@@@@@@@@@@@@@@@@.@@@@@@@@@@@@@@@@@@@@.@@@@@@@@@@@@@@@@@@@@.@@@@@@@@@@@@@@@@@@@@.@@@@@@@@@@@@@@@@@@@@.@@@@@@@@@@@@@@@@@@@@.@@@@@@@@@@@@@@@@@@@@.@@@@@@@@@@@@@@@@@@@@.@@@@@@@@@@@@@@@@@@@@@
.............................................................................................................................................................................................
@@@@@@@@@@@@@@@@@@@@.@@@@@@@@@@@@@@@@@@@@.@@@@@@@@@@@@@@@@@@@@.@@@@@@@@@@@@@@@@@@@@.@@@@@@@@@@@@@@@@@@@@.@@@@@@@@@@@@@@@@@@@@.@@@@@@@@@@@@@@@@@@@@.@@@@@@@@@@@@@@@@@@@@.@@@@@@@@@@@@@@@@@@@@@
@@@@@@@@@@@@@@@@@@@@.@@@@@@@@@@@@@@@@@@@@.@@@@@@@@@@@@@@@@@@@@.@@@@@@@@@@@@@@@@@@@@.@@@@@@@@@@@@@@@@@@@@.@@@@@@@@@@@@@@@@@@@@.@@@@@@@@@@@@@@@@@@@@.@@@@@@@@@@@@@@@@@@@@.@@@@@@@@@@@@@@@@@@@@@
@@@@@@@@@@@@@@@@@@@@.@@@@@@@@@@@@@@@@@@@@.@@@@@@@@@@@@@@@@@@@@.@@@@@@@@@@@@@@@@@@@@.@@@@@@@@@@@@@@@@@@@@.@@@@@@@@@@@@@@@@@@@@.@@@@@@@@@@@@@@@@@@@@.@@@@@@@@@@@@@@@@@@@@.@@@@@@@@@@@@@@@@@@@@@
@@@@@@@@@@@@@@@@@@@@.@@@@@@@@@@@@@@@@@@@@.@@@@@@@@@@@@@@@@@@@@.@@@@@@@@@@@@@@@@@@@@.@@@@@@@@@@@@@@@@@@@@.@@@@@@@@@@@@@@@@@@@@.@@@@@@@@@@@@@@@@@@@@.@@@@@@@@@@@@@@@@@@@@.@@@@@@@@@@@@@@@@@@@@@
@@@@@@@@@@@@@@@@@@@@.@@@@@@@@@@@@@@@@@@@@.@@@@@@@@@@@@@@@@@@@@.@@@@@@@@@@@@@@@@@@@@.@@@@@@@@@@@@@@@@@@@@.@@@@@@@@@@@@@@@@@@@@.@@@@@@@@@@@@@@@@@@@@.@@@@@@@@@@@@@@@@@@@@.@@@@@@@@@@@@@@@@@@@@@
.............................................................................................................................................................................................
@@@@@@@@@@@@@@@@@@@@.@@@@@@@@@@@@@@@@@@@@.@@@@@@@@@@@@@@@@@@@@.@@@@@@@@@@@@@@@@@@@@.@@@@@@@@@@@@@@@@@@@@.@@@@@@@@@@@@@@@@@@@@.@@@@@@@@@@@@@@@@@@@@.@@@@@@@@@@@@@@@@@@@@.@@@@@@@@@@@@@@@@@@@@@
@@@@@@@@@@@@@@@@@@@@.@@@@@@@@@@@@@@@@@@@@.@@@@@@@@@@@@@@@@@@@@.@@@@@@@@@@@@@@@@@@@@.@@@@@@@@@@@@@@@@@@@@.@@@@@@@@@@@@@@@@@@@@.@@@@@@@@@@@@@@@@@@@@.@@@@@@@@@@@@@@@@@@@@.@@@@@@@@@@@@@@@@@@@@@
@@@@@@@@@@@@@@@@@@@@.@@@@@@@@@@@@@@@@@@@@.@@@@@@@@@@@@@@@@@@@@.@@@@@@@@@@@@@@@@@@@@.@@@@@@@@@@@@@@@@@@@@.@@@@@@@@@@@@@@@@@@@@.@@@@@@@@@@@@@@@@@@@@.@@@@@@@@@@@@@@@@@@@@.@@@@@@@@@@@@@@@@@@@@@
@@@@@@@@@@@@@@@@@@@@.@@@@@@@@@@@@@@@@@@@@.@@@@@@@@@@@@@@@@@@@@.@@@@@@@@@@@@@@@@@@@@.@@@@@@@@@@@@@@@@@@@@.@@@@@@@@@@@@@@@@@@@@.@@@@@@@@@@@@@@@@@@@@.@@@@@@@@@@@@@@@@@@@@.@@@@@@@@@@@@@@@@@@@@@
@@@@@@@@@@@@@@@@@@@@.@@@@@@@@@@@@@@@@@@@@.@@@@@@@@@@@@@@@@@@@@.@@@@@@@@@@@@@@@@@@@@.@@@@@@@@@@@@@@@@@@@@.@@@@@@@@@@@@@@@@@@@@.@@@@@@@@@@@@@@@@@@@@.@@@@@@@@@@@@@@@@@@@@.@@@@@@@@@@@@@@@@@@@@@
.............................................................................................................................................................................................
@@@@@@@@@@@@@@@@@@@@.@@@@@@@@@@@@@@@@@@@@.@@@@@@@@@@@@@@@@@@@@.@@@@@@@@@@@@@@@@@@@@.@@@@@@@@@@@@@@@@@@@@.@@@@@@@@@@@@@@@@@@@@.@@@@@@@@@@@@@@@@@@@@.@@@@@@@@@@@@@@@@@@@@.@@@@@@@@@@@@@@@@@@@@@
@@@@@@@@@@@@@@@@@@@@.@@@@@@@@@@@@@@@@@@@@.@@@@@@@@@@@@@@@@@@@@.@@@@@@@@@@@@@@@@@@@@.@@@@@@@@@@@@@@@@@@@@.@@@@@@@@@@@@@@@@@@@@.@@@@@@@@@@@@@@@@@@@@.@@@@@@@@@@@@@@@@@@@@.@@@@@@@@@@@@@@@@@@@@@
@@@@@@@@@@@@@@@@@@@@.@@@@@@@@@@@@@@@@@@@@.@@@@@@@@@@@@@@@@@@@@.@@@@@@@@@@@@@@@@@@@@.@@@@@@@@@@@@@@@@@@@@.@@@@@@@@@@@@@@@@@@@@.@@@@@@@@@@@@@@@@@@@@.@@@@@@@@@@@@@@@@@@@@.@@@@@@@@@@@@@@@@@@@@@
@@@@@@@@@@@@@@@@@@@@.@@@@@@@@@@@@@@@@@@@@.@@@@@@@@@@@@@@@@@@@@.@@@@@@@@@@@@@@@@@@@@.@@@@@@@@@@@@@@@@@@@@.@@@@@@@@@@@@@@@@@@@@.@@@@@@@@@@@@@@@@@@@@.@@@@@@@@@@@@@@@@@@@@.@@@@@@@@@@@@@@@@@@@@@
@@@@@@@@@@@@@@@@@@@@.@@@@@@@@@@@@@@@@@@@@.@@@@@@@@@@@@@@@@@@@@.@@@@@@@@@@@@@@@@@@@@.@@@@@@@@@@@@@@@@@@@@.@@@@@@@@@@@@@@@@@@@@.@@@@@@@@@@@@@@@@@@@@.@@@@@@@@@@@@@@@@@@@@.@@@@@@@@@@@@@@@@@@@@@
.............................................................................................................................................................................................
@@@@@@@@@@@@@@@@@@@@.@@@@@@@@@@@@@@@@@@@@.@@@@@@@@@@@@@@@@@@@@.@@@@@@@@@@@@@@@@@@@@.@@@@@@@@@@@@@@@@@@@@.@@@@@@@@@@@@@@@@@@@@.@@@@@@@@@@@@@@@@@@@@.@@@@@@@@@@@@@@@@@@@@.@@@@@@@@@@@@@@@@@@@@@
@@@@@@@@@@@@@@@@@@@@.@@@@@@@@@@@@@@@@@@@@.@@@@@@@@@@@@@@@@@@@@.@@@@@@@@@@@@@@@@@@@@.@@@@@@@@@@@@@@@@@@@@.@@@@@@@@@@@@@@@@@@@@.@@@@@@@@@@@@@@@@@@@@.@@@@@@@@@@@@@@@@@@@@.@@@@@@@@@@@@@@@@@@@@@
@@@@@@@@@@@@@@@@@@@@.@@@@@@@@@@@@@@@@@@@@.@@@@@@@@@@@@@@@@@@@@.@@@@@@@@@@@@@@@@@@@@.@@@@@@@@@@@@@@@@@@@@.@@@@@@@@@@@@@@@@@@@@.@@@@@@@@@@@@@@@@@@@@.@@@@@@@@@@@@@@@@@@@@.@@@@@@@@@@@@@@@@@@@@@
@@@@@@@@@@@@@@@@@@@@.@@@@@@@@@@@@@@@@@@@@.@@@@@@@@@@@@@@@@@@@@.@@@@@@@@@@@@@@@@@@@@.@@@@@@@@@@@@@@@@@@@@.@@@@@@@@@@@@@@@@@@@@.@@@@@@@@@@@@@@@@@@@@.@@@@@@@@@@@@@@@@@@@@.@@@@@@@@@@@@@@@@@@@@@
@@@@@@@@@@@@@@@@@@@@.@@@@@@@@@@@@@@@@@@@@.@@@@@@@@@@@@@@@@@@@@.@@@@@@@@@@@@@@@@@@@@.@@@@@@@@@@@@@@@@@@@@.@@@@@@@@@@@@@@@@@@@@.@@@@@@@@@@@@@@@@@@@@.@@@@@@@@@@@@@@@@@@@@.@@@@@@@@@@@@@@@@@@@@@
.............................................................................................................................................................................................
@@@@@@@@@@@@@@@@@@@@.@@@@@@@@@@@@@@@@@@@@.@@@@@@@@@@@@@@@@@@@@.@@@@@@@@@@@@@@@@@@@@.@@@@@@@@@@@@@@@@@@@@.@@@@@@@@@@@@@@@@@@@@.@@@@@@@@@@@@@@@@@@@@.@@@@@@@@@@@@@@@@@@@@.@@@@@@@@@@@@@@@@@@@@@
@@@@@@@@@@@@@@@@@@@@.@@@@@@@@@@@@@@@@@@@@.@@@@@@@@@@@@@@@@@@@@.@@@@@@@@@@@@@@@@@@@@.@@@@@@@@@@@@@@@@@@@@.@@@@@@@@@@@@@@@@@@@@.@@@@@@@@@@@@@@@@@@@@.@@@@@@@@@@@@@@@@@@@@.@@@@@@@@@@@@@@@@@@@@@
@@@@@@@@@@@@@@@@@@@@.@@@@@@@@@@@@@@@@@@@@.@@@@@@@@@@@@@@@@@@@@.@@@@@@@@@@@@@@@@@@@@.@@@@@@@@@@@@@@@@@@@@.@@@@@@@@@@@@@@@@@@@@.@@@@@@@@@@@@@@@@@@@@.@@@@@@@@@@@@@@@@@@@@.@@@@@@@@@@@@@@@@@@@@@
@@@@@@@@@@@@@@@@@@@@.@@@@@@@@@@@@@@@@@@@@.@@@@@@@@@@@@@@@@@@@@.@@@@@@@@@@@@@@@@@@@@.@@@@@@@@@@@@@@@@@@@@.@@@@@@@@@@@@@@@@@@@@.@@@@@@@@@@@@@@@@@@@@.@@@@@@@@@@@@@@@@@@@@.@@@@@@@@@@@@@@@@@@@@@
@@@@@@@@@@@@@@@@@@@@.@@@@@@@@@@@@@@@@@@@@.@@@@@@@@@@@@@@@@@@@@.@@@@@@@@@@@@@@@@@@@@.@@@@@@@@@@@@@@@@@@@@.@@@@@@@@@@@@@@@@@@@@.@@@@@@@@@@@@@@@@@@@@.@@@@@@@@@@@@@@@@@@@@.@@@@@@@@@@@@@@@@@@@@@
.............................................................................................................................................................................................
@@@@@@@@@@@@@@@@@@@@.@@@@@@@@@@@@@@@@@@@@.@@@@@@@@@@@@@@@@@@@@.@@@@@@@@@@@@@@@@@@@@.@@@@@@@@@@@@@@@@@@@@.@@@@@@@@@@@@@@@@@@@@.@@@@@@@@@@@@@@@@@@@@.@@@@@@@@@@@@@@@@@@@@.@@@@@@@@@@@@@@@@@@@@@
@@@@@@@@@@@@@@@@@@@@.@@@@@@@@@@@@@@@@@@@@.@@@@@@@@@@@@@@@@@@@@.@@@@@@@@@@@@@@@@@@@@.@@@@@@@@@@@@@@@@@@@@.@@@@@@@@@@@@@@@@@@@@.@@@@@@@@@@@@@@@@@@@@.@@@@@@@@@@@@@@@@@@@@.@@@@@@@@@@@@@@@@@@@@@
@@@@@@@@@@@@@@@@@@@@.@@@@@@@@@@@@@@@@@@@@.@@@@@@@@@@@@@@@@@@@@.@@@@@@@@@@@@@@@@@@@@.@@@@@@@@@@@@@@@@@@@@.@@@@@@@@@@@@@@@@@@@@.@@@@@@@@@@@@@@@@@@@@.@@@@@@@@@@@@@@@@@@@@.@@@@@@@@@@@@@@@@@@@@@
@@@@@@@@@@@@@@@@@@@@.@@@@@@@@@@@@@@@@@@@@.@@@@@@@@@@@@@@@@@@@@.@@@@@@@@@@@@@@@@@@@@.@@@@@@@@@@@@@@@@@@@@.@@@@@@@@@@@@@@@@@@@@.@@@@@@@@@@@@@@@@@@@@.@@@@@@@@@@@@@@@@@@@@.@@@@@@@@@@@@@@@@@@@@@
@@@@@@@@@@@@@@@@@@@@.@@@@@@@@@@@@@@@@@@@@.@@@@@@@@@@@@@@@@@@@@.@@@@@@@@@@@@@@@@@@@@.@@@@@@@@@@@@@@@@@@@@.@@@@@@@@@@@@@@@@@@@@.@@@@@@@@@@@@@@@@@@@@.@@@@@@@@@@@@@@@@@@@@.@@@@@@@@@@@@@@@@@@@@@
.............................................................................................................................................................................................
@@@@@@@@@@@@@@@@@@@@.@@@@@@@@@@@@@@@@@@@@.@@@@@@@@@@@@@@@@@@@@.@@@@@@@@@@@@@@@@@@@@.@@@@@@@@@@@@@@@@@@@@.@@@@@@@@@@@@@@@@@@@@.@@@@@@@@@@@@@@@@@@@@.@@@@@@@@@@@@@@@@@@@@.@@@@@@@@@@@@@@@@@@@@@
@@@@@@@@@@@@@@@@@@@@.@@@@@@@@@@@@@@@@@@@@.@@@@@@@@@@@@@@@@@@@@.@@@@@@@@@@@@@@@@@@@@.@@@@@@@@@@@@@@@@@@@@.@@@@@@@@@@@@@@@@@@@@.@@@@@@@@@@@@@@@@@@@@.@@@@@@@@@@@@@@@@@@@@.@@@@@@@@@@@@@@@@@@@@@
@@@@@@@@@@@@@@@@@@@@.@@@@@@@@@@@@@@@@@@@@.@@@@@@@@@@@@@@@@@@@@.@@@@@@@@@@@@@@@@@@@@.@@@@@@@@@@@@@@@@@@@@.@@@@@@@@@@@@@@@@@@@@.@@@@@@@@@@@@@@@@@@@@.@@@@@@@@@@@@@@@@@@@@.@@@@@@@@@@@@@@@@@@@@@
@@@@@@@@@@@@@@@@@@@@.@@@@@@@@@@@@@@@@@@@@.@@@@@@@@@@@@@@@@@@@@.@@@@@@@@@@@@@@@@@@@@.@@@@@@@@@@@@@@@@@@@@.@@@@@@@@@@@@@@@@@@@@.@@@@@@@@@@@@@@@@@@@@.@@@@@@@@@@@@@@@@@@@@.@@@@@@@@@@@@@@@@@@@@@
@@@@@@@@@@@@@@@@@@@@.@@@@@@@@@@@@@@@@@@@@.@@@@@@@@@@@@@@@@@@@@.@@@@@@@@@@@@@@@@@@@@.@@@@@@@@@@@@@@@@@@@@.@@@@@@@@@@@@@@@@@@@@.@@@@@@@@@@@@@@@@@@@@.@@@@@@@@@@@@@@@@@@@@.@@@@@@@@@@@@@@@@@@@@@
.............................................................................................................................................................................................
@@@@@@@@@@@@@@@@@@@@.@@@@@@@@@@@@@@@@@@@@.@@@@@@@@@@@@@@@@@@@@.@@@@@@@@@@@@@@@@@@@@.@@@@@@@@@@@@@@@@@@@@.@@@@@@@@@@@@@@@@@@@@.@@@@@@@@@@@@@@@@@@@@.@@@@@@@@@@@@@@@@@@@@.@@@@@@@@@@@@@@@@@@@@@
@@@@@@@@@@@@@@@@@@@@.@@@@@@@@@@@@@@@@@@@@.@@@@@@@@@@@@@@@@@@@@.@@@@@@@@@@@@@@@@@@@@.@@@@@@@@@@@@@@@@@@@@.@@@@@@@@@@@@@@@@@@@@.@@@@@@@@@@@@@@@@@@@@.@@@@@@@@@@@@@@@@@@@@.@@@@@@@@@@@@@@@@@@@@@
@@@@@@@@@@@@@@@@@@@@.@@@@@@@@@@@@@@@@@@@@.@@@@@@@@@@@@@@@@@@@@.@@@@@@@@@@@@@@@@@@@@.@@@@@@@@@@@@@@@@@@@@.@@@@@@@@@@@@@@@@@@@@.@@@@@@@@@@@@@@@@@@@@.@@@@@@@@@@@@@@@@@@@@.@@@@@@@@@@@@@@@@@@@@@
@@@@@@@@@@@@@@@@@@@@.@@@@@@@@@@@@@@@@@@@@.@@@@@@@@@@@@@@@@@@@@.@@@@@@@@@@@@@@@@@@@@.@@@@@@@@@@@@@@@@@@@@.@@@@@@@@@@@@@@@@@@@@.@@@@@@@@@@@@@@@@@@@@.@@@@@@@@@@@@@@@@@@@@.@@@@@@@@@@@@@@@@@@@@@
@@@@@@@@@@@@@@@@@@@@.@@@@@@@@@@@@@@@@@@@@.@@@@@@@@@@@@@@@@@@@@.@@@@@@@@@@@@@@@@@@@@.@@@@@@@@@@@@@@@@@@@@.@@@@@@@@@@@@@@@@@@@@.@@@@@@@@@@@@@@@@@@@@.@@@@@@@@@@@@@@@@@@@@.@@@@@@@@@@@@@@@@@@@@@
.............................................................................................................................................................................................
@@@@@@@@@@@@@@@@@@@@.@@@@@@@@@@@@@@@@@@@@.@@@@@@@@@@@@@@@@@@@@.@@@@@@@@@@@@@@@@@@@@.@@@@@@@@@@@@@@@@@@@@.@@@@@@@@@@@@@@@@@@@@.@@@@@@@@@@@@@@@@@@@@.@@@@@@@@@@@@@@@@@@@@.@@@@@@@@@@@@@@@@@@@@@
@@@@@@@@@@@@@@@@@@@@.@@@@@@@@@@@@@@@@@@@@.@@@@@@@@@@@@@@@@@@@@.@@@@@@@@@@@@@@@@@@@@.@@@@@@@@@@@@@@@@@@@@.@@@@@@@@@@@@@@@@@@@@.@@@@@@@@@@@@@@@@@@@@.@@@@@@@@@@@@@@@@@@@@.@@@@@@@@@@@@@@@@@@@@@
@@@@@@@@@@@@@@@@@@@@.@@@@@@@@@@@@@@@@@@@@.@@@@@@@@@@@@@@@@@@@@.@@@@@@@@@@@@@@@@@@@@.@@@@@@@@@@@@@@@@@@@@.@@@@@@@@@@@@@@@@@@@@.@@@@@@@@@@@@@@@@@@@@.@@@@@@@@@@@@@@@@@@@@.@@@@@@@@@@@@@@@@@@@@@
@@@@@@@@@@@@@@@@@@@@.@@@@@@@@@@@@@@@@@@@@.@@@@@@@@@@@@@@@@@@@@.@@@@@@@@@@@@@@@@@@@@.@@@@@@@@@@@@@@@@@@@@.@@@@@@@@@@@@@@@@@@@@.@@@@@@@@@@@@@@@@@@@@.@@@@@@@@@@@@@@@@@@@@.@@@@@@@@@@@@@@@@@@@@@
@@@@@@@@@@@@@@@@@@@@.@@@@@@@@@@@@@@@@@@@@.@@@@@@@@@@@@@@@@@@@@.@@@@@@@@@@@@@@@@@@@@.@@@@@@@@@@@@@@@@@@@@.@@@@@@@@@@@@@@@@@@@@.@@@@@@@@@@@@@@@@@@@@.@@@@@@@@@@@@@@@@@@@@.@@@@@@@@@@@@@@@@@@@@@
.............................................................................................................................................................................................
@@@@@@@@@@@@@@@@@@@@.@@@@@@@@@@@@@@@@@@@@.@@@@@@@@@@@@@@@@@@@@.@@@@@@@@@@@@@@@@@@@@.@@@@@@@@@@@@@@@@@@@@.@@@@@@@@@@@@@@@@@@@@.@@@@@@@@@@@@@@@@@@@@.@@@@@@@@@@@@@@@@@@@@.@@@@@@@@@@@@@@@@@@@@@
@@@@@@@@@@@@@@@@@@@@.@@@@@@@@@@@@@@@@@@@@.@@@@@@@@@@@@@@@@@@@@.@@@@@@@@@@@@@@@@@@@@.@@@@@@@@@@@@@@@@@@@@.@@@@@@@@@@@@@@@@@@@@.@@@@@@@@@@@@@@@@@@@@.@@@@@@@@@@@@@@@@@@@@.@@@@@@@@@@@@@@@@@@@@@
@@@@@@@@@@@@@@@@@@@@.@@@@@@@@@@@@@@@@@@@@.@@@@@@@@@@@@@@@@@@@@.@@@@@@@@@@@@@@@@@@@@.@@@@@@@@@@@@@@@@@@@@.@@@@@@@@@@@@@@@@@@@@.@@@@@@@@@@@@@@@@@@@@.@@@@@@@@@@@@@@@@@@@@.@@@@@@@@@@@@@@@@@@@@@
@@@@@@@@@@@@@@@@@@@@.@@@@@@@@@@@@@@@@@@@@.@@@@@@@@@@@@@@@@@@@@.@@@@@@@@@@@@@@@@@@@@.@@@@@@@@@@@@@@@@@@@@.@@@@@@@@@@@@@@@@@@@@.@@@@@@@@@@@@@@@@@@@@.@@@@@@@@@@@@@@@@@@@@.@@@@@@@@@@@@@@@@@@@@@
@@@@@@@@@@@@@@@@@@@@.@@@@@@@@@@@@@@@@@@@@.@@@@@@@@@@@@@@@@@@@@.@@@@@@@@@@@@@@@@@@@@.@@@@@@@@@@@@@@@@@@@@.@@@@@@@@@@@@@@@@@@@@.@@@@@@@@@@@@@@@@@@@@.@@@@@@@@@@@@@@@@@@@@.@@@@@@@@@@@@@@@@@@@@@
.............................................................................................................................................................................................
@@@@@@@@@@@@@@@@@@@@.@@@@@@@@@@@@@@@@@@@@.@@@@@@@@@@@@@@@@@@@@.@@@@@@@@@@@@@@@@@@@@.@@@@@@@@@@@@@@@@@@@@.@@@@@@@@@@@@@@@@@@@@.@@@@@@@@@@@@@@@@@@@@.@@@@@@@@@@@@@@@@@@@@.@@@@@@@@@@@@@@@@@@@@@
@@@@@@@@@@@@@@@@@@@@.@@@@@@@@@@@@@@@@@@@@.@@@@@@@@@@@@@@@@@@@@.@@@@@@@@@@@@@@@@@@@@.@@@@@@@@@@@@@@@@@@@@.@@@@@@@@@@@@@@@@@@@@.@@@@@@@@@@@@@@@@@@@@.@@@@@@@@@@@@@@@@@@@@.@@@@@@@@@@@@@@@@@@@@@
@@@@@@@@@@@@@@@@@@@@.@@@@@@@@@@@@@@@@@@@@.@@@@@@@@@@@@@@@@@@@@.@@@@@@@@@@@@@@@@@@@@.@@@@@@@@@@@@@@@@@@@@.@@@@@@@@@@@@@@@@@@@@.@@@@@@@@@@@@@@@@@@@@.@@@@@@@@@@@@@@@@@@@@.@@@@@@@@@@@@@@@@@@@@@
@@@@@@@@@@@@@@@@@@@@.@@@@@@@@@@@@@@@@@@@@.@@@@@@@@@@@@@@@@@@@@.@@@@@@@@@@@@@@@@@@@@.@@@@@@@@@@@@@@@@@@@@.@@@@@@@@@@@@@@@@@@@@.@@@@@@@@@@@@@@@@@@@@.@@@@@@@@@@@@@@@@@@@@.@@@@@@@@@@@@@@@@@@@@@
@@@@@@@@@@@@@@@@@@@@.@@@@@@@@@@@@@@@@@@@@.@@@@@@@@@@@@@@@@@@@@.@@@@@@@@@@@@@@@@@@@@.@@@@@@@@@@@@@@@@@@@@.@@@@@@@@@@@@@@@@@@@@.@@@@@@@@@@@@@@@@@@@@.@@@@@@@@@@@@@@@@@@@@.@@@@@@@@@@@@@@@@@@@@@
.............................................................................................................................................................................................
@@@@@@@@@@@@@@@@@@@@.@@@@@@@@@@@@@@@@@@@@.@@@@@@@@@@@@@@@@@@@@.@@@@@@@@@@@@@@@@@@@@.@@@@@@@@@@@@@@@@@@@@.@@@@@@@@@@@@@@@@@@@@.@@@@@@@@@@@@@@@@@@@@.@@@@@@@@@@@@@@@@@@@@.@@@@@@@@@@@@@@@@@@@@@
@@@@@@@@@@@@@@@@@@@@.@@@@@@@@@@@@@@@@@@@@.@@@@@@@@@@@@@@@@@@@@.@@@@@@@@@@@@@@@@@@@@.@@@@@@@@@@@@@@@@@@@@.@@@@@@@@@@@@@@@@@@@@.@@@@@@@@@@@@@@@@@@@@.@@@@@@@@@@@@@@@@@@@@.@@@@@@@@@@@@@@@@@@@@@
@@@@@@@@@@@@@@@@@@@@.@@@@@@@@@@@@@@@@@@@@.@@@@@@@@@@@@@@@@@@@@.@@@@@@@@@@@@@@@@@@@@.@@@@@@@@@@@@@@@@@@@@.@@@@@@@@@@@@@@@@@@@@.@@@@@@@@@@@@@@@@@@@@.@@@@@@@@@@@@@@@@@@@@.@@@@@@@@@@@@@@@@@@@@@
@@@@@@@@@@@@@@@@@@@@.@@@@@@@@@@@@@@@@@@@@.@@@@@@@@@@@@@@@@@@@@.@@@@@@@@@@@@@@@@@@@@.@@@@@@@@@@@@@@@@@@@@.@@@@@@@@@@@@@@@@@@@@.@@@@@@@@@@@@@@@@@@@@.@@@@@@@@@@@@@@@@@@@@.@@@@@@@@@@@@@@@@@@@@@
@@@@@@@@@@@@@@@@@@@@.@@@@@@@@@@@@@@@@@@@@.@@@@@@@@@@@@@@@@@@@@.@@@@@@@@@@@@@@@@@@@@.@@@@@@@@@@@@@@@@@@@@.@@@@@@@@@@@@@@@@@@@@.@@@@@@@@@@@@@@@@@@@@.@@@@@@@@@@@@@@@@@@@@.@@@@@@@@@@@@@@@@@@@@@
.............................................................................................................................................................................................
@@@@@@@@@@@@@@@@@@@@.@@@@@@@@@@@@@@@@@@@@.@@@@@@@@@@@@@@@@@@@@.@@@@@@@@@@@@@@@@@@@@.@@@@@@@@@@@@@@@@@@@@.@@@@@@@@@@@@@@@@@@@@.@@@@@@@@@@@@@@@@@@@@.@@@@@@@@@@@@@@@@@@@@.@@@@@@@@@@@@@@@@@@@@@
@@@@@@@@@@@@@@@@@@@@.@@@@@@@@@@@@@@@@@@@@.@@@@@@@@@@@@@@@@@@@@.@@@@@@@@@@@@@@@@@@@@.@@@@@@@@@@@@@@@@@@@@.@@@@@@@@@@@@@@@@@@@@.@@@@@@@@@@@@@@@@@@@@.@@@@@@@@@@@@@@@@@@@@.@@@@@@@@@@@@@@@@@@@@@
@@@@@@@@@@@@@@@@@@@@.@@@@@@@@@@@@@@@@@@@@.@@@@@@@@@@@@@@@@@@@@.@@@@@@@@@@@@@@@@@@@@.@@@@@@@@@@@@@@@@@@@@.@@@@@@@@@@@@@@@@@@@@.@@@@@@@@@@@@@@@@@@@@.@@@@@@@@@@@@@@@@@@@@.@@@@@@@@@@@@@@@@@@@@@
@@@@@@@@@@@@@@@@@@@@.@@@@@@@@@@@@@@@@@@@@.@@@@@@@@@@@@@@@@@@@@.@@@@@@@@@@@@@@@@@@@@.@@@@@@@@@@@@@@@@@@@@.@@@@@@@@@@@@@@@@@@@@.@@@@@@@@@@@@@@@@@@@@.@@@@@@@@@@@@@@@@@@@@.@@@@@@@@@@@@@@@@@@@@@
@@@@@@@@@@@@@@@@@@@@.@@@@@@@@@@@@@@@@@@@@.@@@@@@@@@@@@@@@@@@@@.@@@@@@@@@@@@@@@@@@@@.@@@@@@@@@@@@@@@@@@@@.@@@@@@@@@@@@@@@@@@@@.@@@@@@@@@@@@@@@@@@@@.@@@@@@@@@@@@@@@@@@@@.@@@@@@@@@@@@@@@@@@@@@
.............................................................................................................................................................................................
@@@@@@@@@@@@@@@@@@@@.@@@@@@@@@@@@@@@@@@@@.@@@@@@@@@@@@@@@@@@@@.@@@@@@@@@@@@@@@@@@@@.@@@@@@@@@@@@@@@@@@@@.@@@@@@@@@@@@@@@@@@@@.@@@@@@@@@@@@@@@@@@@@.@@@@@@@@@@@@@@@@@@@@.@@@@@@@@@@@@@@@@@@@@@
@@@@@@@@@@@@@@@@@@@@.@@@@@@@@@@@@@@@@@@@@.@@@@@@@@@@@@@@@@@@@@.@@@@@@@@@@@@@@@@@@@@.@@@@@@@@@@@@@@@@@@@@.@@@@@@@@@@@@@@@@@@@@.@@@@@@@@@@@@@@@@@@@@.@@@@@@@@@@@@@@@@@@@@.@@@@@@@@@@@@@@@@@@@@@
@@@@@@@@@@@@@@@@@@@@.@@@@@@@@@@@@@@@@@@@@.@@@@@@@@@@@@@@@@@@@@.@@@@@@@@@@@@@@@@@@@@.@@@@@@@@@@@@@@@@@@@@.@@@@@@@@@@@@@@@@@@@@.@@@@@@@@@@@@@@@@@@@@.@@@@@@@@@@@@@@@@@@@@.@@@@@@@@@@@@@@@@@@@@@
@@@@@@@@@@@@@@@@@@@@.@@@@@@@@@@@@@@@@@@@@.@@@@@@@@@@@@@@@@@@@@.@@@@@@@@@@@@@@@@@@@@.@@@@@@@@@@@@@@@@@@@@.@@@@@@@@@@@@@@@@@@@@.@@@@@@@@@@@@@@@@@@@@.@@@@@@@@@@@@@@@@@@@@.@@@@@@@@@@@@@@@@@@@@@
@@@@@@@@@@@@@@@@@@@@.@@@@@@@@@@@@@@@@@@@@.@@@@@@@@@@@@@@@@@@@@.@@@@@@@@@@@@@@@@@@@@.@@@@@@@@@@@@@@@@@@@@.@@@@@@@@@@@@@@@@@@@@.@@@@@@@@@@@@@@@@@@@@.@@@@@@@@@@@@@@@@@@@@.@@@@@@@@@@@@@@@@@@@@@
.............................................................................................................................................................................................
@@@@@@@@@@@@@@@@@@@@.@@@@@@@@@@@@@@@@@@@@.@@@@@@@@@@@@@@@@@@@@.@@@@@@@@@@@@@@@@@@@@.@@@@@@@@@@@@@@@@@@@@.@@@@@@@@@@@@@@@@@@@@.@@@@@@@@@@@@@@@@@@@@.@@@@@@@@@@@@@@@@@@@@.@@@@@@@@@@@@@@@@@@@@@
@@@@@@@@@@@@@@@@@@@@.@@@@@@@@@@@@@@@@@@@@.@@@@@@@@@@@@@@@@@@@@.@@@@@@@@@@@@@@@@@@@@.@@@@@@@@@@@@@@@@@@@@.@@@@@@@@@@@@@@@@@@@@.@@@@@@@@@@@@@@@@@@@@.@@@@@@@@@@@@@@@@@@@@.@@@@@@@@@@@@@@@@@@@@@
@@@@@@@@@@@@@@@@@@@@.@@@@@@@@@@@@@@@@@@@@.@@@@@@@@@@@@@@@@@@@@.@@@@@@@@@@@@@@@@@@@@.@@@@@@@@@@@@@@@@@@@@.@@@@@@@@@@@@@@@@@@@@.@@@@@@@@@@@@@@@@@@@@.@@@@@@@@@@@@@@@@@@@@.@@@@@@@@@@@@@@@@@@@@@
@@@@@@@@@@@@@@@@@@@@.@@@@@@@@@@@@@@@@@@@@.@@@@@@@@@@@@@@@@@@@@.@@@@@@@@@@@@@@@@@@@@.@@@@@@@@@@@@@@@@@@@@.@@@@@@@@@@@@@@@@@@@@.@@@@@@@@@@@@@@@@@@@@.@@@@@@@@@@@@@@@@@@@@.@@@@@@@@@@@@@@@@@@@@@
@@@@@@@@@@@@@@@@@@@@.@@@@@@@@@@@@@@@@@@@@.@@@@@@@@@@@@@@@@@@@@.@@@@@@@@@@@@@@@@@@@@.@@@@@@@@@@@@@@@@@@@@.@@@@@@@@@@@@@@@@@@@@.@@@@@@@@@@@@@@@@@@@@.@@@@@@@@@@@@@@@@@@@@.@@@@@@@@@@@@@@@@@@@@@
.............................................................................................................................................................................................
@@@@@@@@@@@@@@@@@@@@.@@@@@@@@@@@@@@@@@@@@.@@@@@@@@@@@@@@@@@@@@.@@@@@@@@@@@@@@@@@@@@.@@@@@@@@@@@@@@@@@@@@.@@@@@@@@@@@@@@@@@@@@.@@@@@@@@@@@@@@@@@@@@.@@@@@@@@@@@@@@@@@@@@.@@@@@@@@@@@@@@@@@@@@@
@@@@@@@@@@@@@@@@@@@@.@@@@@@@@@@@@@@@@@@@@.@@@@@@@@@@@@@@@@@@@@.@@@@@@@@@@@@@@@@@@@@.@@@@@@@@@@@@@@@@@@@@.@@@@@@@@@@@@@@@@@@@@.@@@@@@@@@@@@@@@@@@@@.@@@@@@@@@@@@@@@@@@@@.@@@@@@@@@@@@@@@@@@@@@
@@@@@@@@@@@@@@@@@@@@.@@@@@@@@@@@@@@@@@@@@.@@@@@@@@@@@@@@@@@@@@.@@@@@@@@@@@@@@@@@@@@.@@@@@@@@@@@@@@@@@@@@.@@@@@@@@@@@@@@@@@@@@.@@@@@@@@@@@@@@@@@@@@.@@@@@@@@@@@@@@@@@@@@.@@@@@@@@@@@@@@@@@@@@@
@@@@@@@@@@@@@@@@@@@@.@@@@@@@@@@@@@@@@@@@@.@@@@@@@@@@@@@@@@@@@@.@@@@@@@@@@@@@@@@@@@@.@@@@@@@@@@@@@@@@@@@@.@@@@@@@@@@@@@@@@@@@@.@@@@@@@@@@@@@@@@@@@@.@@@@@@@@@@@@@@@@@@@@.@@@@@@@@@@@@@@@@@@@@@
@@@@@@@@@@@@@@@@@@@@.@@@@@@@@@@@@@@@@@@@@.@@@@@@@@@@@@@@@@@@@@.@@@@@@@@@@@@@@@@@@@@.@@@@@@@@@@@@@@@@@@@@.@@@@@@@@@@@@@@@@@@@@.@@@@@@@@@@@@@@@@@@@@.@@@@@@@@@@@@@@@@@@@@.@@@@@@@@@@@@@@@@@@@@@
.............................................................................................................................................................................................
@@@@@@@@@@@@@@@@@@@@.@@@@@@@@@@@@@@@@@@@@.@@@@@@@@@@@@@@@@@@@@.@@@@@@@@@@@@@@@@@@@@.@@@@@@@@@@@@@@@@@@@@.@@@@@@@@@@@@@@@@@@@@.@@@@@@@@@@@@@@@@@@@@.@@@@@@@@@@@@@@@@@@@@.@@@@@@@@@@@@@@@@@@@@@
@@@@@@@@@@@@@@@@@@@@.@@@@@@@@@@@@@@@@@@@@.@@@@@@@@@@@@@@@@@@@@.@@@@@@@@@@@@@@@@@@@@.@@@@@@@@@@@@@@@@@@@@.@@@@@@@@@@@@@@@@@@@@.@@@@@@@@@@@@@@@@@@@@.@@@@@@@@@@@@@@@@@@@@.@@@@@@@@@@@@@@@@@@@@@
@@@@@@@@@@@@@@@@@@@@.@@@@@@@@@@@@@@@@@@@@.@@@@@@@@@@@@@@@@@@@@.@@@@@@@@@@@@@@@@@@@@.@@@@@@@@@@@@@@@@@@@@.@@@@@@@@@@@@@@@@@@@@.@@@@@@@@@@@@@@@@@@@@.@@@@@@@@@@@@@@@@@@@@.@@@@@@@@@@@@@@@@@@@@@
@@@@@@@@@@@@@@@@@@@@.@@@@@@@@@@@@@@@@@@@@.@@@@@@@@@@@@@@@@@@@@.@@@@@@@@@@@@@@@@@@@@.@@@@@@@@@@@@@@@@@@@@.@@@@@@@@@@@@@@@@@@@@.@@@@@@@@@@@@@@@@@@@@.@@@@@@@@@@@@@@@@@@@@.@@@@@@@@@@@@@@@@@@@@@
@@@@@@@@@@@@@@@@@@@@.@@@@@@@@@@@@@@@@@@@@.@@@@@@@@@@@@@@@@@@@@.@@@@@@@@@@@@@@@@@@@@.@@@@@@@@@@@@@@@@@@@@.@@@@@@@@@@@@@@@@@@@@.@@@@@@@@@@@@@@@@@@@@.@@@@@@@@@@@@@@@@@@@@.@@@@@@@@@@@@@@@@@@@@@
.............................................................................................................................................................................................
@@@@@@@@@@@@@@@@@@@@.@@@@@@@@@@@@@@@@@@@@.@@@@@@@@@@@@@@@@@@@@.@@@@@@@@@@@@@@@@@@@@.@@@@@@@@@@@@@@@@@@@@.@@@@@@@@@@@@@@@@@@@@.@@@@@@@@@@@@@@@@@@@@.@@@@@@@@@@@@@@@@@@@@.@@@@@@@@@@@@@@@@@@@@@
@@@@@@@@@@@@@@@@@@@@.@@@@@@@@@@@@@@@@@@@@.@@@@@@@@@@@@@@@@@@@@.@@@@@@@@@@@@@@@@@@@@.@@@@@@@@@@@@@@@@@@@@.@@@@@@@@@@@@@@@@@@@@.@@@@@@@@@@@@@@@@@@@@.@@@@@@@@@@@@@@@@@@@@.@@@@@@@@@@@@@@@@@@@@@
@@@@@@@@@@@@@@@@@@@@.@@@@@@@@@@@@@@@@@@@@.@@@@@@@@@@@@@@@@@@@@.@@@@@@@@@@@@@@@@@@@@.@@@@@@@@@@@@@@@@@@@@.@@@@@@@@@@@@@@@@@@@@.@@@@@@@@@@@@@@@@@@@@.@@@@@@@@@@@@@@@@@@@@.@@@@@@@@@@@@@@@@@@@@@
@@@@@@@@@@@@@@@@@@@@.@@@@@@@@@@@@@@@@@@@@.@@@@@@@@@@@@@@@@@@@@.@@@@@@@@@@@@@@@@@@@@.@@@@@@@@@@@@@@@@@@@@.@@@@@@@@@@@@@@@@@@@@.@@@@@@@@@@@@@@@@@@@@.@@@@@@@@@@@@@@@@@@@@.@@@@@@@@@@@@@@@@@@@@@
@@@@@@@@@@@@@@@@@@@@.@@@@@@@@@@@@@@@@@@@@.@@@@@@@@@@@@@@@@@@@@.@@@@@@@@@@@@@@@@@@@@.@@@@@@@@@@@@@@@@@@@@.@@@@@@@@@@@@@@@@@@@@.@@@@@@@@@@@@@@@@@@@@.@@@@@@@@@@@@@@@@@@@@.@@@@@@@@@@@@@@@@@@@@@
.............................................................................................................................................................................................
@@@@@@@@@@@@@@@@@@@@.@@@@@@@@@@@@@@@@@@@@.@@@@@@@@@@@@@@@@@@@@.@@@@@@@@@@@@@@@@@@@@.@@@@@@@@@@@@@@@@@@@@.@@@@@@@@@@@@@@@@@@@@.@@@@@@@@@@@@@@@@@@@@.@@@@@@@@@@@@@@@@@@@@.@@@@@@@@@@@@@@@@@@@@@
@@@@@@@@@@@@@@@@@@@@.@@@@@@@@@@@@@@@@@@@@.@@@@@@@@@@@@@@@@@@@@.@@@@@@@@@@@@@@@@@@@@.@@@@@@@@@@@@@@@@@@@@.@@@@@@@@@@@@@@@@@@@@.@@@@@@@@@@@@@@@@@@@@.@@@@@@@@@@@@@@@@@@@@.@@@@@@@@@@@@@@@@@@@@@
@@@@@@@@@@@@@@@@@@@@.@@@@@@@@@@@@@@@@@@@@.@@@@@@@@@@@@@@@@@@@@.@@@@@@@@@@@@@@@@@@@@.@@@@@@@@@@@@@@@@@@@@.@@@@@@@@@@@@@@@@@@@@.@@@@@@@@@@@@@@@@@@@@.@@@@@@@@@@@@@@@@@@@@.@@@@@@@@@@@@@@@@@@@@@
@@@@@@@@@@@@@@@@@@@@.@@@@@@@@@@@@@@@@@@@@.@@@@@@@@@@@@@@@@@@@@.@@@@@@@@@@@@@@@@@@@@.@@@@@@@@@@@@@@@@@@@@.@@@@@@@@@@@@@@@@@@@@.@@@@@@@@@@@@@@@@@@@@.@@@@@@@@@@@@@@@@@@@@.@@@@@@@@@@@@@@@@@@@@@
@@@@@@@@@@@@@@@@@@@@.@@@@@@@@@@@@@@@@@@@@.@@@@@@@@@@@@@@@@@@@@.@@@@@@@@@@@@@@@@@@@@.@@@@@@@@@@@@@@@@@@@@.@@@@@@@@@@@@@@@@@@@@.@@@@@@@@@@@@@@@@@@@@.@@@@@@@@@@@@@@@@@@@@.@@@@@@@@@@@@@@@@@@@@@
@@@@@@@@@@@@@@@@@@@@.@@@@@@@@@@@@@@@@@@@@.@@@@@@@@@@@@@@@@@@@@.@@@@@@@@@@@@@@@@@@@@.@@@@@@@@@@@@@@@@@@@@.@@@@@@@@@@@@@@@@@@@@.@@@@@@@@@@@@@@@@@@@@.@@@@@@@@@@@@@@@@@@@@.@@@@@@@@@@@@@@@@@@@@@
