type octile

height 84

width 127

map

@@@@@@@@@@...@@@@@@@@...@@@@@@@@...@@@@@@@@...@@@@@@@@...@@@@@@@@...@@@@@@@@...@@@@@@@@...@@@@@@@@...@@@@@@@@...@@@@@@@@@@
@@@@@@@@@@@.@@@@@@@@@@.@@@@@@@@@@.@@@@@@@@@@.@@@@@@@@@@.@@@@@@@@@@.@@@@@@@@@@.@@@@@@@@@@.@@@@@@@@@@.@@@@@@@@@@.@@@@@@@@@@@
@@@@@@@@@@@.@@@@@@@@@@.@@@@@@@@@@.@@@@@@@@@@.@@@@@@@@@@.@@@@@@@@@@.@@@@@@@@@@.@@@@@@@@@@.@@@@@@@@@@.@@@@@@@@@@.@@@@@@@@@@@
.@@@@@@@@@@.@@@@@@@@@@.@@@@@@@@@@.@@@@@@@@@@.@@@@@@@@@@.@@@@@@@@@@.@@@@@@@@@@.@@@@@@@@@@.@@@@@@@@@@.@@@@@@@@@@.@@@@@@@@@@.
..........................................................................................................................
.@@@@@@@@@@.@@@@@@@@@@.@@@@@@@@@@.@@@@@@@@@@.@@@@@@@@@@.@@@@@@@@@@.@@@@@@@@@@.@@@@@@@@@@.@@@@@@@@@@.@@@@@@@@@@.@@@@@@@@@@.
@@@@@@@@@@@.@@@@@@@@@@.@@@@@@@@@@.@@@@@@@@@@.@@@@@@@@@@.@@@@@@@@@@.@@@@@@@@@@.@@@@@@@@@@.@@@@@@@@@@.@@@@@@@@@@.@@@@@@@@@@@
.@@@@@@@@@@.@@@@@@@@@@.@@@@@@@@@@.@@@@@@@@@@.@@@@@@@@@@.@@@@@@@@@@.@@@@@@@@@@.@@@@@@@@@@.@@@@@@@@@@.@@@@@@@@@@.@@@@@@@@@@.
..........................................................................................................................
.@@@@@@@@@@.@@@@@@@@@@.@@@@@@@@@@.@@@@@@@@@@.@@@@@@@@@@.@@@@@@@@@@.@@@@@@@@@@.@@@@@@@@@@.@@@@@@@@@@.@@@@@@@@@@.@@@@@@@@@@.
@@@@@@@@@@@.@@@@@@@@@@.@@@@@@@@@@.@@@@@@@@@@.@@@@@@@@@@.@@@@@@@@@@.@@@@@@@@@@.@@@@@@@@@@.@@@@@@@@@@.@@@@@@@@@@.@@@@@@@@@@@
.@@@@@@@@@@.@@@@@@@@@@.@@@@@@@@@@.@@@@@@@@@@.@@@@@@@@@@.@@@@@@@@@@.@@@@@@@@@@.@@@@@@@@@@.@@@@@@@@@@.@@@@@@@@@@.@@@@@@@@@@.
..........................................................................................................................
.@@@@@@@@@@.@@@@@@@@@@.@@@@@@@@@@.@@@@@@@@@@.@@@@@@@@@@.@@@@@@@@@@.@@@@@@@@@@.@@@@@@@@@@.@@@@@@@@@@.@@@@@@@@@@.@@@@@@@@@@.
@@@@@@@@@@@.@@@@@@@@@@.@@@@@@@@@@.@@@@@@@@@@.@@@@@@@@@@.@@@@@@@@@@.@@@@@@@@@@.@@@@@@@@@@.@@@@@@@@@@.@@@@@@@@@@.@@@@@@@@@@@
.@@@@@@@@@@.@@@@@@@@@@.@@@@@@@@@@.@@@@@@@@@@.@@@@@@@@@@.@@@@@@@@@@.@@@@@@@@@@.@@@@@@@@@@.@@@@@@@@@@.@@@@@@@@@@.@@@@@@@@@@.
..........................................................................................................................
.@@@@@@@@@@.@@@@@@@@@@.@@@@@@@@@@.@@@@@@@@@@.@@@@@@@@@@.@@@@@@@@@@.@@@@@@@@@@.@@@@@@@@@@.@@@@@@@@@@.@@@@@@@@@@.@@@@@@@@@@.
@@@@@@@@@@@.@@@@@@@@@@.@@@@@@@@@@.@@@@@@@@@@.@@@@@@@@@@.@@@@@@@@@@.@@@@@@@@@@.@@@@@@@@@@.@@@@@@@@@@.@@@@@@@@@@.@@@@@@@@@@@
.@@@@@@@@@@.@@@@@@@@@@.@@@@@@@@@@.@@@@@@@@@@.@@@@@@@@@@.@@@@@@@@@@.@@@@@@@@@@.@@@@@@@@@@.@@@@@@@@@@.@@@@@@@@@@.@@@@@@@@@@.
..........................................................................................................................
.@@@@@@@@@@.@@@@@@@@@@.@@@@@@@@@@.@@@@@@@@@@.@@@@@@@@@@.@@@@@@@@@@.@@@@@@@@@@.@@@@@@@@@@.@@@@@@@@@@.@@@@@@@@@@.@@@@@@@@@@.
@@@@@@@@@@@.@@@@@@@@@@.@@@@@@@@@@.@@@@@@@@@@.@@@@@@@@@@.@@@@@@@@@@.@@@@@@@@@@.@@@@@@@@@@.@@@@@@@@@@.@@@@@@@@@@.@@@@@@@@@@@
.@@@@@@@@@@.@@@@@@@@@@.@@@@@@@@@@.@@@@@@@@@@.@@@@@@@@@@.@@@@@@@@@@.@@@@@@@@@@.@@@@@@@@@@.@@@@@@@@@@.@@@@@@@@@@.@@@@@@@@@@.
..........................................................................................................................
.@@@@@@@@@@.@@@@@@@@@@.@@@@@@@@@@.@@@@@@@@@@.@@@@@@@@@@.@@@@@@@@@@.@@@@@@@@@@.@@@@@@@@@@.@@@@@@@@@@.@@@@@@@@@@.@@@@@@@@@@.
@@@@@@@@@@@.@@@@@@@@@@.@@@@@@@@@@.@@@@@@@@@@.@@@@@@@@@@.@@@@@@@@@@.@@@@@@@@@@.@@@@@@@@@@.@@@@@@@@@@.@@@@@@@@@@.@@@@@@@@@@@
.@@@@@@@@@@.@@@@@@@@@@.@@@@@@@@@@.@@@@@@@@@@.@@@@@@@@@@.@@@@@@@@@@.@@@@@@@@@@.@@@@@@@@@@.@@@@@@@@@@.@@@@@@@@@@.@@@@@@@@@@.
..........................................................................................................................
.@@@@@@@@@@.@@@@@@@@@@.@@@@@@@@@@.@@@@@@@@@@.@@@@@@@@@@.@@@@@@@@@@.@@@@@@@@@@.@@@@@@@@@@.@@@@@@@@@@.@@@@@@@@@@.@@@@@@@@@@.
@@@@@@@@@@@.@@@@@@@@@@.@@@@@@@@@@.@@@@@@@@@@.@@@@@@@@@@.@@@@@@@@@@.@@@@@@@@@@.@@@@@@@@@@.@@@@@@@@@@.@@@@@@@@@@.@@@@@@@@@@@
.@@@@@@@@@@.@@@@@@@@@@.@@@@@@@@@@.@@@@@@@@@@.@@@@@@@@@@.@@@@@@@@@@.@@@@@@@@@@.@@@@@@@@@@.@@@@@@@@@@.@@@@@@@@@@.@@@@@@@@@@.
..........................................................................................................................
.@@@@@@@@@@.@@@@@@@@@@.@@@@@@@@@@.@@@@@@@@@@.@@@@@@@@@@.@@@@@@@@@@.@@@@@@@@@@.@@@@@@@@@@.@@@@@@@@@@.@@@@@@@@@@.@@@@@@@@@@.
@@@@@@@@@@@.@@@@@@@@@@.@@@@@@@@@@.@@@@@@@@@@.@@@@@@@@@@.@@@@@@@@@@.@@@@@@@@@@.@@@@@@@@@@.@@@@@@@@@@.@@@@@@@@@@.@@@@@@@@@@@
.@@@@@@@@@@.@@@@@@@@@@.@@@@@@@@@@.@@@@@@@@@@.@@@@@@@@@@.@@@@@@@@@@.@@@@@@@@@@.@@@@@@@@@@.@@@@@@@@@@.@@@@@@@@@@.@@@@@@@@@@.
..........................................................................................................................
.@@@@@@@@@@.@@@@@@@@@@.@@@@@@@@@@.@@@@@@@@@@.@@@@@@@@@@.@@@@@@@@@@.@@@@@@@@@@.@@@@@@@@@@.@@@@@@@@@@.@@@@@@@@@@.@@@@@@@@@@.
@@@@@@@@@@@.@@@@@@@@@@.@@@@@@@@@@.@@@@@@@@@@.@@@@@@@@@@.@@@@@@@@@@.@@@@@@@@@@.@@@@@@@@@@.@@@@@@@@@@.@@@@@@@@@@.@@@@@@@@@@@
.@@@@@@@@@@.@@@@@@@@@@.@@@@@@@@@@.@@@@@@@@@@.@@@@@@@@@@.@@@@@@@@@@.@@@@@@@@@@.@@@@@@@@@@.@@@@@@@@@@.@@@@@@@@@@.@@@@@@@@@@.
..........................................................................................................................
.@@@@@@@@@@.@@@@@@@@@@.@@@@@@@@@@.@@@@@@@@@@.@@@@@@@@@@.@@@@@@@@@@.@@@@@@@@@@.@@@@@@@@@@.@@@@@@@@@@.@@@@@@@@@@.@@@@@@@@@@.
@@@@@@@@@@@.@@@@@@@@@@.@@@@@@@@@@.@@@@@@@@@@.@@@@@@@@@@.@@@@@@@@@@.@@@@@@@@@@.@@@@@@@@@@.@@@@@@@@@@.@@@@@@@@@@.@@@@@@@@@@@
.@@@@@@@@@@.@@@@@@@@@@.@@@@@@@@@@.@@@@@@@@@@.@@@@@@@@@@.@@@@@@@@@@.@@@@@@@@@@.@@@@@@@@@@.@@@@@@@@@@.@@@@@@@@@@.@@@@@@@@@@.
..........................................................................................................................
.@@@@@@@@@@.@@@@@@@@@@.@@@@@@@@@@.@@@@@@@@@@.@@@@@@@@@@.@@@@@@@@@@.@@@@@@@@@@.@@@@@@@@@@.@@@@@@@@@@.@@@@@@@@@@.@@@@@@@@@@.
@@@@@@@@@@@.@@@@@@@@@@.@@@@@@@@@@.@@@@@@@@@@.@@@@@@@@@@.@@@@@@@@@@.@@@@@@@@@@.@@@@@@@@@@.@@@@@@@@@@.@@@@@@@@@@.@@@@@@@@@@@
.@@@@@@@@@@.@@@@@@@@@@.@@@@@@@@@@.@@@@@@@@@@.@@@@@@@@@@.@@@@@@@@@@.@@@@@@@@@@.@@@@@@@@@@.@@@@@@@@@@.@@@@@@@@@@.@@@@@@@@@@.
..........................................................................................................................
.@@@@@@@@@@.@@@@@@@@@@.@@@@@@@@@@.@@@@@@@@@@.@@@@@@@@@@.@@@@@@@@@@.@@@@@@@@@@.@@@@@@@@@@.@@@@@@@@@@.@@@@@@@@@@.@@@@@@@@@@.
@@@@@@@@@@@.@@@@@@@@@@.@@@@@@@@@@.@@@@@@@@@@.@@@@@@@@@@.@@@@@@@@@@.@@@@@@@@@@.@@@@@@@@@@.@@@@@@@@@@.@@@@@@@@@@.@@@@@@@@@@@
.@@@@@@@@@@.@@@@@@@@@@.@@@@@@@@@@.@@@@@@@@@@.@@@@@@@@@@.@@@@@@@@@@.@@@@@@@@@@.@@@@@@@@@@.@@@@@@@@@@.@@@@@@@@@@.@@@@@@@@@@.
..........................................................................................................................
.@@@@@@@@@@.@@@@@@@@@@.@@@@@@@@@@.@@@@@@@@@@.@@@@@@@@@@.@@@@@@@@@@.@@@@@@@@@@.@@@@@@@@@@.@@@@@@@@@@.@@@@@@@@@@.@@@@@@@@@@.
@@@@@@@@@@@.@@@@@@@@@@.@@@@@@@@@@.@@@@@@@@@@.@@@@@@@@@@.@@@@@@@@@@.@@@@@@@@@@.@@@@@@@@@@.@@@@@@@@@@.@@@@@@@@@@.@@@@@@@@@@@
.@@@@@@@@@@.@@@@@@@@@@.@@@@@@@@@@.@@@@@@@@@@.@@@@@@@@@@.@@@@@@@@@@.@@@@@@@@@@.@@@@@@@@@@.@@@@@@@@@@.@@@@@@@@@@.@@@@@@@@@@.
..........................................................................................................................
.@@@@@@@@@@.@@@@@@@@@@.@@@@@@@@@@.@@@@@@@@@@.@@@@@@@@@@.@@@@@@@@@@.@@@@@@@@@@.@@@@@@@@@@.@@@@@@@@@@.@@@@@@@@@@.@@@@@@@@@@.
@@@@@@@@@@@.@@@@@@@@@@.@@@@@@@@@@.@@@@@@@@@@.@@@@@@@@@@.@@@@@@@@@@.@@@@@@@@@@.@@@@@@@@@@.@@@@@@@@@@.@@@@@@@@@@.@@@@@@@@@@@
.@@@@@@@@@@.@@@@@@@@@@.@@@@@@@@@@.@@@@@@@@@@.@@@@@@@@@@.@@@@@@@@@@.@@@@@@@@@@.@@@@@@@@@@.@@@@@@@@@@.@@@@@@@@@@.@@@@@@@@@@.
..........................................................................................................................
.@@@@@@@@@@.@@@@@@@@@@.@@@@@@@@@@.@@@@@@@@@@.@@@@@@@@@@.@@@@@@@@@@.@@@@@@@@@@.@@@@@@@@@@.@@@@@@@@@@.@@@@@@@@@@.@@@@@@@@@@.
@@@@@@@@@@@.@@@@@@@@@@.@@@@@@@@@@.@@@@@@@@@@.@@@@@@@@@@.@@@@@@@@@@.@@@@@@@@@@.@@@@@@@@@@.@@@@@@@@@@.@@@@@@@@@@.@@@@@@@@@@@
.@@@@@@@@@@.@@@@@@@@@@.@@@@@@@@@@.@@@@@@@@@@.@@@@@@@@@@.@@@@@@@@@@.@@@@@@@@@@.@@@@@@@@@@.@@@@@@@@@@.@@@@@@@@@@.@@@@@@@@@@.
..........................................................................................................................
.@@@@@@@@@@.@@@@@@@@@@.@@@@@@@@@@.@@@@@@@@@@.@@@@@@@@@@.@@@@@@@@@@.@@@@@@@@@@.@@@@@@@@@@.@@@@@@@@@@.@@@@@@@@@@.@@@@@@@@@@.
@@@@@@@@@@@.@@@@@@@@@@.@@@@@@@@@@.@@@@@@@@@@.@@@@@@@@@@.@@@@@@@@@@.@@@@@@@@@@.@@@@@@@@@@.@@@@@@@@@@.@@@@@@@@@@.@@@@@@@@@@@
.@@@@@@@@@@.@@@@@@@@@@.@@@@@@@@@@.@@@@@@@@@@.@@@@@@@@@@.@@@@@@@@@@.@@@@@@@@@@.@@@@@@@@@@.@@@@@@@@@@.@@@@@@@@@@.@@@@@@@@@@.
..........................................................................................................................
.@@@@@@@@@@.@@@@@@@@@@.@@@@@@@@@@.@@@@@@@@@@.@@@@@@@@@@.@@@@@@@@@@.@@@@@@@@@@.@@@@@@@@@@.@@@@@@@@@@.@@@@@@@@@@.@@@@@@@@@@.
@@@@@@@@@@@.@@@@@@@@@@.@@@@@@@@@@.@@@@@@@@@@.@@@@@@@@@@.@@@@@@@@@@.@@@@@@@@@@.@@@@@@@@@@.@@@@@@@@@@.@@@@@@@@@@.@@@@@@@@@@@
.@@@@@@@@@@.@@@@@@@@@@.@@@@@@@@@@.@@@@@@@@@@.@@@@@@@@@@.@@@@@@@@@@.@@@@@@@@@@.@@@@@@@@@@.@@@@@@@@@@.@@@@@@@@@@.@@@@@@@@@@.
..........................................................................................................................
.@@@@@@@@@@.@@@@@@@@@@.@@@@@@@@@@.@@@@@@@@@@.@@@@@@@@@@.@@@@@@@@@@.@@@@@@@@@@.@@@@@@@@@@.@@@@@@@@@@.@@@@@@@@@@.@@@@@@@@@@.
@@@@@@@@@@@.@@@@@@@@@@.@@@@@@@@@@.@@@@@@@@@@.@@@@@@@@@@.@@@@@@@@@@.@@@@@@@@@@.@@@@@@@@@@.@@@@@@@@@@.@@@@@@@@@@.@@@@@@@@@@@
.@@@@@@@@@@.@@@@@@@@@@.@@@@@@@@@@.@@@@@@@@@@.@@@@@@@@@@.@@@@@@@@@@.@@@@@@@@@@.@@@@@@@@@@.@@@@@@@@@@.@@@@@@@@@@.@@@@@@@@@@.
..........................................................................................................................
.@@@@@@@@@@.@@@@@@@@@@.@@@@@@@@@@.@@@@@@@@@@.@@@@@@@@@@.@@@@@@@@@@.@@@@@@@@@@.@@@@@@@@@@.@@@@@@@@@@.@@@@@@@@@@.@@@@@@@@@@.
@@@@@@@@@@@.@@@@@@@@@@.@@@@@@@@@@.@@@@@@@@@@.@@@@@@@@@@.@@@@@@@@@@.@@@@@@@@@@.@@@@@@@@@@.@@@@@@@@@@.@@@@@@@@@@.@@@@@@@@@@@
.@@@@@@@@@@.@@@@@@@@@@.@@@@@@@@@@.@@@@@@@@@@.@@@@@@@@@@.@@@@@@@@@@.@@@@@@@@@@.@@@@@@@@@@.@@@@@@@@@@.@@@@@@@@@@.@@@@@@@@@@.
..........................................................................................................................
.@@@@@@@@@@.@@@@@@@@@@.@@@@@@@@@@.@@@@@@@@@@.@@@@@@@@@@.@@@@@@@@@@.@@@@@@@@@@.@@@@@@@@@@.@@@@@@@@@@.@@@@@@@@@@.@@@@@@@@@@.
@@@@@@@@@@@.@@@@@@@@@@.@@@@@@@@@@.@@@@@@@@@@.@@@@@@@@@@.@@@@@@@@@@.@@@@@@@@@@.@@@@@@@@@@.@@@@@@@@@@.@@@@@@@@@@.@@@@@@@@@@@
@@@@@@@@@@@.@@@@@@@@@@.@@@@@@@@@@.@@@@@@@@@@.@@@@@@@@@@.@@@@@@@@@@.@@@@@@@@@@.@@@@@@@@@@.@@@@@@@@@@.@@@@@@@@@@.@@@@@@@@@@@
@@@@@@@@@@...@@@@@@@@...@@@@@@@@...@@@@@@@@...@@@@@@@@...@@@@@@@@...@@@@@@@@...@@@@@@@@...@@@@@@@@...@@@@@@@@...@@@@@@@@@@