type octile
height 100
width 100
map
@@@@@@@@@@@@@@@@@@@@@@@@@@@@@@@@@@@@@@@@@@@@@@@@@@@@@@@@@@@@@@@@@@@@@@@@@@@@@@@@@@@@@@@@@@@@@@@@@@@@
@@@@@@@@@@@@@@@@@@@@@@@@@@@@@@@@@@@@@@@@@@@@@@@@@@@@@@@@@@@@@@@@@@@@@@@@@@@@@@@@@@@@@@@@@@@@@@@@@@@@
@@@@@@@@@@@@@@@@@@@@@@@@@@@@@@@@@@@@@@@@@@@@@@@@@@@@@@@@@@@@@@@@@@@@@@@@@@@@@@@@@@@@@@@@@@@@@@@@@@@@
@@@@@S@@@@S@@@@S@@@@S@@@@@@@@@S@@@@@@@@@S@@@@@@@@@S@@@@S@@@@S@@@@S@@@@S@@@@S@@@@S@@@@S@@@@S@@@@S@@@@
@@@@@.@@@@.@@@@.@@@@.@@@@@@@@@.@@@@@@@@@.@@@@@@@@@.@@@@.@@@@.@@@@.@@@@.@@@@.@@@@.@@@@.@@@@.@@@@.@@@@
@@@@@.@@@@.@@@@.@@@@.@@@@@@@@@.@@@@@@@@@.@@@@@@@@@.@@@@.@@@@.@@@@.@@@@.@@@@.@@@@.@@@@.@@@@.@@@@.@@@@
@@@@@.@@@@.@@@@.@@@@.@@@@@@@@@.@@@@@@@@@.@@@@@@@@@.@@@@.@@@@.@@@@.@@@@.@@@@.@@@@.@@@@.@@@@.@@@@.@@@@
@@@@@.@@@@.@@@@.@@@@.@@@@@@@@@.@@@@@@@@@.@@@@@@@@@.@@@@.@@@@.@@@@.@@@@.@@@@.@@@@.@@@@.@@@@.@@@@.@@@@
@@@@@.@@@@.@@@@.@@@@.@@@@@@@@@.@@@@@@@@@.@@@@@@@@@.@@@@.@@@@.@@@@.@@@@.@@@@.@@@@.@@@@.@@@@.@@@@.@@@@
@@@@@.@@@@.@@@@.@@@@.@@@@@@@@@.@@@@@@@@@.@@@@@@@@@.@@@@.@@@@.@@@@.@@@@.@@@@.@@@@.@@@@.@@@@.@@@@.@@@@
@@@@@.@@@@.@@@@.@@@@.@@@@@@@@@.@@@@@@@@@.@@@@@@@@@.@@@@.@@@@.@@@@.@@@@.@@@@.@@@@.@@@@.@@@@.@@@@.@@@@
@@@@@.@@@@.@@@@.@@@@.@@@@@@@@@.@@@@@@@@@.@@@@@@@@@.@@@@.@@@@.@@@@.@@@@.@@@@.@@@@.@@@@.@@@@.@@@@.@@@@
@@@@@...........................................................................................@@@@
@@@@@.@@@@@@@@@.@@@@@@@@@.@@@@.@@@@@@@@@@@@@@.@@@@.@@@@@@@@@@@@@@@@@@@@@@@@.@@@@@@@@@.@@@@@@@@@.@@@@
@@@@@.@@@@@@@@@.@@@@@@@@@.@@@@.@@@@@@@@@@@@@@.@@@@.@@@@@@@@@@@@@@@@@@@@@@@@.@@@@@@@@@.@@@@@@@@@.@@@@
@@@@@.@@@@@@@@@.@@@@@@@@@.@@@@.@@@@@@@@@@@@@@.@@@@.@@@@@@@@@@@@@@@@@@@@@@@@.@@@@@@@@@.@@@@@@@@@.@@@@
@@@@@.@@@@@@@@@.@@@@@@@@@.@@@@.@@@@@@@@@@@@@@.@@@@.@@@@@@@@@@@@@@@@@@@@@@@@.@@@@@@@@@.@@@@@@@@@.@@@@
@@@@@.@@@@@@@@@.@@@@@@@@@.@@@@.@@@@@@@@@@@@@@.@@@@.@@@@@@@@@@@@@@@@@@@@@@@@.@@@@@@@@@.@@@@@@@@@.@@@@
@S..............@@@@@@@@@.@@@@.@@@@@@@@@@@@@@.@@@@.@@@@@@@@@@@@@@@@@@@@@@@@.@@@@@@@@@.@@@@@@@@@.@@@@
@@@@@.@@@@@@@@@.@@@@@@@@@.@@@@.@@@@@@@@@@@@@@.@@@@.@@@@@@@@@@@@@@@@@@@@@@@@.@@@@@@@@@.............S@
@@@@@.@@@@@@@@@.@@@@@@@@@.@@@@.@@@@@@@@@@@@@@.@@@@S@@@@@@@@@@@@@@@@@@@@@@@@.@@@@@@@@@.@@@@@@@@@@@@@@
@@@@@.....................@@@@.@@@@@@@@@@@@@@.@@@@@@@@@@@@@@@@@@@@@@@@@@@@@.@@@@@@@@@.@@@@@@@@@@@@@@
@@@@@@@@@@@.@@@@@@@@@@@@@.@@@@.@@@@@@@@@@@@@@.@@@@@@@@@@@@@@@@@@@@@@@@@@@@@.@@@@@@@@@.@@@@@@@@@@@@@@
@@@@@@@@@@@.@@@@@@@@@@@@@.@@@@.@@@@@@@@@@@@@@.@@@@@@@@@@@@@@@@@@@@@@@@@@@@@S@@@@@@@@@.@@@@@@@@@@@@@@
@@@@@@@@@@@.@@@@@@@@@@@@@.@@@@.@@@@@@@@@@@@@@.@@@@@@@@@@@@@@@@@@@@@@@@@@@@@@@@@@@@@@@.@@@@@@@@@@@@@@
@S.............................@@@@@@@@@@@@@@.@@@@@@@@@@@@@@@@@@@@@@@@@@@@@@@@@@@@@@@.@@@@@@@@@@@@@@
@@@@@@@@@@@.@@@@@@@@@@@@@@@@@@.@@@@@@@@@@@@@@.@@@@@@@@@@@@@@@@@@@@@@@@@@@@@@@@@@@@@@@.@@@@@@@@@@@@@@
@@@@@@@@@@@.@@@@@@@@@@@@@@@@@@.@@@@@@@@@@@@@@.....S@@@@@@@@@@@@@@@@@@@@@@@@@@@@@@@@@@.@@@@@@@@@@@@@@
@@@@@@@@@@@.@@@@@@@@@@@@@@@@@@.@@@@@@@@@@@@@@.@@@@@@@@@@@@@@@@@@@@@@@@@@@@@@@@@@@@@@@.@@@@@@@@@@@@@@
@S.............................@@@@@@@@@@@@@@.@@@@@@@@@@@@@@@@@@@@@@@@@@@@@@@@@@@@@@@.@@@@@@@@@@@@@@
@@@@@@@@@@@.@@@@@@@@@@@@@@@@@@.@@@@@@@@@@@@@@.@@@@@@@@@@@@@@@@@@@@@@@@@@@@@@@@@@@@@@@.@@@@@@@@@@@@@@
@@@@@@@@@@@.@@@@@@@@@@@@@@@@@@.@@@@@@@@@@@@@@.@@@@@@@@@@@@@@@@@@@@@@@@@@@@@@@@@@@@@@@S@@@@@@@@@@@@@@
@@@@@@@@@@@.@@@@@@@@@@@@@@@@@@.@@@@@@@@@@@@@@.@@@@@@@@@@@@@@@@@@@@@@@@@@@@@@@@@@@@@@@@@@@@@@@@@@@@@@
@@@@@@@@@@@.@@@@@@@@@@@@@@@@@@.@@@@@@@@@@@@@@.@@@@@@@@@@@@@@@@@@@@@@@@@@@@@@@@@@@@@@@@@@@@@@@@@@@@@@
@@@@@@@@@@@.@@@@@@@@@@@@@@@@@@.@@@@@@@@@@@@@@.@@@@@@@@@@@@@@@@@@@@@@@@@@@@@@@@@@@@@@@@@@@@@@@@@@@@@@
@S.............................@@@@@@@@@@@@@@.@@@@@@@@@@@@@@@@@@@@@@@@@@@@@@@@@@@@@@@@@@@@@@@@@@@@@@
@@@@@@@@@@@@@@@@@@@@@@@@@@@@@@.@@@@@@@@@@@@@@.@@@@@@@@@@@@@@@@@@@@@@@@@@@@@@@@@@@@@@@@@@@@@@@@@@@@@@
@@@@@@@@@@@@@@@@@@@@@@@@@@@@@@.@@@@@@@@@@@@@@.@@@@@@@@@@@@@@@@@@@@@@@@@@@@@@@@@@@@@@@@@@@@@@@@@@@@@@
@@@@@@@@@@@@@@@@@@@@@@@@@@@@@@.@@@@@@@@@@@@@@.@@@@@@@@@@@@@@@@@@@@@@@@@@@@@@@@@@@@@@@@@@@@@@@@@@@@@@
@@@@@@@@@@@@@@@@@@@@@@@@@@@@@@.......................S@@@@@@@@@@@@@@@@@@@@@@@@@@@@@@@@@@@@@@@@@@@@@@
@@@@@@@@@@@@@@@@@@@@@@@@@@@@@@.@@@@@@@@@@.@@@@@@@@@@@@@@@@@@@@@@@@@@@@@@@@@@@@@@@@@@@@@@@@@@@@@@@@@@
@@@@@@@@@@@@@@@@@@@@@@@@@@@@@@.@@@@@@@@@@.@@@@@@@@@@@@@@@@@@@@@@@@@@@@@@@@@@@@@@@@@@@@@@@@@@@@@@@@@@
@@@@@@@@@@@@@@@@@@@@@@@@@@@@@@.@@@@@@@@@@.@@@@@@@@@@@@@@@@@@@@@@@@@@@@@@@@@@@@@@@@@@@@@@@@@@@@@@@@@@
@@@@@@@@@@@@@@@@@@@@@@@@@@@@@@.@@@@@@@@@@.@@@@@@@@@@@@@@@@@@@@@@@@@@@@@@@@@@@@@@@@@@@@@@@@@@@@@@@@@@
@@@@@@@@@@@@@@@@@@@@@@@@@@@@@@.@@@@@@@@@@.@@@@@@@@@@@@@@@@@@@@@@@@@@@@@@@@@@@@@@@@@@@@@@@@@@@@@@@@@@
@@@@@@@@@@@@@@@@@@@@@@@@@@@@@@.@@@@@@@@@@.@@@@@@@@@@@@@@@@@@@@@@@@@@@@@@@@@@@@@@@@@@@@@@@@@@@@@@@@@@
@@@@@@@@@@@@@@@@@@@@@@@@@@@@@@.@@@@@@@@@@.@@@@@@@@@@@@@@@@@@@@@@@@@@@@@@@@@@@@@@@@@@@@@@@@@@@@@@@@@@
@@@@@@@@@@@@@@@@@@@@@@@@@@@@@@.@@@@@@@@@@.@@@@@@@@@@@@@@@@@@@@@@@@@@@@@@@@@@@@@@@@@@@@@@@@@@@@@@@@@@
@@@@@@@@@@@@@@@@@@@@@@@@@@@@@@.@@@@@@@@@@.@@@@@@@@@@@@@@@@@@@@@@@@@@@@@@@@@@@@@@@@@@@@@@@@@@@@@@@@@@
@@@@@@@@@@@@@@@@@@@@@@@@@@@@@@............@@@@@@@@@@@@@@@@@@@@@@@@@@@@@@@@@@@@@@@@@@@@@@@@@@@@@@@@@@
@@@@@@@@@@@@@@@@@@@@@@@@@@@@@@.@@@@@@@@@@.@@@@@@@@@@@@@@@@@@@@@@@@@@@@@@@@@@@@@@@@@@@@@@@@@@@@@@@@@@
@@@@@@@@@@@@@@@@@@@@@@@@@@@@@@.@@@@@@@@@@.@@@@@@@@@@@@@@@@@@@@@@@@@@@@@@@@@@@@@@@@@@@@@@@@@@@@@@@@@@
@@@@@@@@@@@@@@@@@@@@@@@@@@@@@@.@@@@@@@@@@.@@@@@@@@@@@@@@@@@@@@@@@@@@@@@@@@@@@@@@@@@@@@@@@@@@@@@@@@@@
@@@@@@@@@@@@@@@@@@@@@@@@@@@@@@.@@@@@@@@@@.@@@@@@@@@@@@@@@@@@@@@@@@@@@@@@@@@@@@@@@@@@@@@@@@@@@@@@@@@@
@@@@@@@@@@@@@@@@@@@@@@@@@@@@@@.@@@@@@@@@@.@@@@@@@@@@@@@@@@@@@@@@@@@@@@@@@@@@@@@@@@@@@@@@@@@@@@@@@@@@
@@@@@@@@@@@@@@@@@@@@@@@@@@@@@@.@@@@@@@@@@.@@@@@@@@@@@@@@@@@@@@@@@@@@@@@@@@@@@@@@@@@@@@@@@@@@@@@@@@@@
@@@@@@@@@@@@@@@@@@@@@@@@@@@@@@.@@@@@@@@@@.@@@@@@@@@@@@@@@@@@@@@@@@@@@@@@@@@@@@@@@@@@@@@@@@@@@@@@@@@@
@@@@@@@@@@@@@@@@@@@@@@@@@@@@@@.@@@@@@@@@@.@@@@@@@@@@@@@@@@@@@@@@@@@@@@@@@@@@@@@@@@@@@@@@@@@@@@@@@@@@
@@@@@@@@@@@@@@@@@@@@@@@@@@@@@@.@@@@@@@@@@.@@@@@@@@@@@@@@@@@@@@@@@@@@@@@@@@@@@@@@@@@@@@@@@@@@@@@@@@@@
@@@@@@@@@@@@@@@@@@@@@@@@@@@@@@............@@@@@@@@@@@@@@@@@@@@@@@@@@@@@@@@@@@@@@@@@@@@@@@@@@@@@@@@@@
@@@@@@@@@@@@@@@@@@@@@@@@@@@@@@.@@@@@@@@@@.@@@@@@@@@@@@@@@@@@@@@@@@@@@@@@@@@@@@@@@@@@@@@@@@@@@@@@@@@@
@@@@@@@@@@@@@@@@@@@@@@@@@@@@@@.@@@@@@@@@@.@@@@@@@@@@@@@@@@@@@@@@@@@@@@@@@@@@@@@@@@@@@@@@@@@@@@@@@@@@
@@@@@@@@S@@@@@S@@@@@S@@@@@S@@@.@@@@@@@@@@.@@@S@@@@@@@S@@@@@@S@@@@@@S@@@@@@S@@@@@@@@@@@@@@@@@@@@@@@@@
@@@@@@@@.@@@@@.@@@@@.@@@@@.@@@.@@@@@@@@@@.@@@.@@@@@@@.@@@@@@.@@@@@@.@@@@@@.@@@@@@@@@@@@@@@@@@@@@@@@@
@@@@@@@@.@@@@@.@@@@@.@@@@@.@@@.@@@@@@@@@@.@@@.@@@@@@@.@@@@@@.@@@@@@.@@@@@@.@@@@@@@@@@@@@@@@@@@@@@@@@
@@@@@@@@.@@@@@.@@@@@.@@@@@.@@@.@@@@@@@@@@.@@@.@@@@@@@.@@@@@@.@@@@@@.@@@@@@.@@@@@@@@@@@@@@@@@@@@@@@@@
@@@@@@@@.@@@@@.@@@@@.@@@@@.@@@.@@@@@@@@@@.@@@.@@@@@@@.@@@@@@.@@@@@@.@@@@@@.@@@@@@@@@@@@@@@@@@@@@@@@@
@@@@@@@@.@@@@@.@@@@@.@@@@@.@@@.@@@@@@@@@@.@@@.@@@@@@@.@@@@@@.@@@@@@.@@@@@@.@@@@@@@@@@@@@@@@@@@@@@@@@
@@@@@@@@.@@@@@.@@@@@.@@@@@.@@@.@@@@@@@@@@.@@@.@@@@@@@.@@@@@@.@@@@@@.@@@@@@.@@@@@@@@@@@@@@@@@@@@@@@@@
@@@@@@@@...................................................................@@@@@@@@@@@@@@@@@@@@@@@@@
@@@@@@@@.@@@@@@@@@@@.@@@@@@@@@.@@@@@@@@@@.@@@@@@@@@@@.@@@@@@.@@@@@@.@@@@@@@@@@@@@@@@@@@@@@@@@@@@@@@@
@@@@@@@@.@@@@@@@@@@@.@@@@@@@@@.@@@@@@@@@@.@@@@@@@@@@@.@@@@@@.@@@@@@.@@@@@@@@@@@@@@@@@@@@@@@@@@@@@@@@
@@@@@@@@.@@@@@@@@@@@.@@@@@@@@@.@@@@@@@@@@.@@@@@@@@@@@.......................S@@@@@@@@@@@@@@@@@@@@@@@
@@@@@@@@.@@@@@@@@@@@.@@@@@@@@@.@@@@@@@@@@.@@@@@@@@@@@.@@@@@@@@@@@@.@@@@@@@@@@@@@@@@@@@@@@@@@@@@@@@@@
@@@@@@@@..................................@@@@@@@@@@@.@@@@@@@@@@@@.@@@@@@@@@@@@@@@@@@@@@@@@@@@@@@@@@
@@@@@@@@.@@@@@@@@@@@@@@@@@@@@@.@@@@@@@@@@.@@@@@@@@@@@.@@@@@@@@@@@@.@@@@@@@@@@@@@@@@@@@@@@@@@@@@@@@@@
@@@@@@@@.@@@@@@@@@@@@@@@@@@@@@.@@@@@@@@@@.@@@@@@@@@@@.@@@@@@@@@@@@.@@@@@@@@@@@@@@@@@@@@@@@@@@@@@@@@@
@@@@@@@@.@@@@@@@@@@@@@@@@@@@@@.@@@@@@@@@@..........................@@@@@@@@@@@@@@@@@@@@@@@@@@@@@@@@@
@@@@@@@@.@@@@@@@@@@@@@@@@@@@@@.@@@@@@@@@@.@@@@@@@@@@@.@@@@@@@@@@@@.@@@@@@@@@@@@@@@@@@@@@@@@@@@@@@@@@
@@@@@@@@.@@@@@@@@@@@@@@@@@@@@@.......S@@@.@@@@@@@@@@@.@@@@@@@@@@@@.@@@@@@@@@@@@@@@@@@@@@@@@@@@@@@@@@
@@@@@@@@.@@@@@@@@@@@@@@@@@@@@@.@@@@@@@@@@.@@@@@@@@@@@.@@@@@@@@@@@@.@@@@@@@@@@@@@@@@@@@@@@@@@@@@@@@@@
@@@@@@@@.@@@@@@@@@@@@@@@@@@@@@.@@@@@@@@@@.@@@@@@@@@@@.@@@@@@@@@@@@.@@@@@@@@@@@@@@@@@@@@@@@@@@@@@@@@@
@@@@@@@@.@@@@@@@@@@@@@@@@@@@@@.@@@@@@@@@@.@@@@@@@@@@@.@@@@@@@@@@@@.@@@@@@@@@@@@@@@@@@@@@@@@@@@@@@@@@
@@@@@@@@S@@@@@@@@@@@@@@@@@@@@@.@@@@@@@@@@.@@@@@@@@@@@.@@@@@@@@@@@@.@@@@@@@@@@@@@@@@@@@@@@@@@@@@@@@@@
@@@@@@@@@@@@@@@@@@@@@@@@@@@@@@.@@@@@@@@@@.@@@@@@@@@@@.@@@@@@@@@@@@.@@@@@@@@@@@@@@@@@@@@@@@@@@@@@@@@@
@@@@@@@@@@@@@@@@@@@@@@@@@@@@@@.@@@@@@@@@@.@@@@@@@@@@@.@@@@@@@@@@@@.@@@@@@@@@@@@@@@@@@@@@@@@@@@@@@@@@
@@@@@@@@@@@@@@@@@@@@@@@@@@@@@@.@@@@@@@@@@.@@@@@@@@@@@S@@@@@@@@@@@@.@@@@@@@@@@@@@@@@@@@@@@@@@@@@@@@@@
@@@@@@@@@@@@@@@@@@@@@@@@@@@@@@.@@@@@@@@@@.@@@@@@@@@@@@@@@@@@@@@@@@.@@@@@@@@@@@@@@@@@@@@@@@@@@@@@@@@@
@@@@@@@@@@@@@@@@@@@@@@@@@@@@@@.@@@@@@@@@@.@@@@@@@@@@@@@@@@@@@@@@@@.@@@@@@@@@@@@@@@@@@@@@@@@@@@@@@@@@
@@@@@@@@@@@@@@@@@@S.................S@@@@.@@@@@@@@@@@@@@@@@@@@@@@@.@@@@@@@@@@@@@@@@@@@@@@@@@@@@@@@@@
@@@@@@@@@@@@@@@@@@@@@@@@.@@@@@@@@@@@@@@@@.@@@@@@@@@@@@@@@@@@@@@@@@.@@@@@@@@@@@@@@@@@@@@@@@@@@@@@@@@@
@@@@@@@@@@@@@@@@@@@@@@@@.@@@@@@@@@@@@@@@@.@@@@@@@@@@@@@@@@@@@@@@@@.@@@@@@@@@@@@@@@@@@@@@@@@@@@@@@@@@
@@@@@@@@@@@@@@@@@@S......@@@@@@@@@@@@@@@@.@@@@@@@@@@@@@@@@@S.......@@@@@@@@@@@@@@@@@@@@@@@@@@@@@@@@@
@@@@@@@@@@@@@@@@@@@@@@@@.@@@@@@@@@@@@@@@@.@@@@@@@@@@@@@@@@@@@@@@@@.@@@@@@@@@@@@@@@@@@@@@@@@@@@@@@@@@
@@@@@@@@@@@@@@@@@@@@@@@@.@@@@@@@@@@@@@@@@.@@@@@@@@@@@@@@@@@@@@S....@@@@@@@@@@@@@@@@@@@@@@@@@@@@@@@@@
@@@@@@@@@@@@@@@@@@@@@@@@.@@@@@@@@@@@@@@@@.@@@@@@@@@@@@@@@@@@@@@@@@.@@@@@@@@@@@@@@@@@@@@@@@@@@@@@@@@@
@@@@@@@@@@@@@@@@@@@@@@@@...........................................@@@@@@@@@@@@@@@@@@@@@@@@@@@@@@@@@
@@@@@@@@@@@@@@@@@@@@@@@@.@@@@@@@@@@@@@@@@@@@@@@@@@@@@@@@@@@@@@@@@@@@@@@@@@@@@@@@@@@@@@@@@@@@@@@@@@@@
@@@@@@@@@@@@@@@@@@@@S.......S@@@@@@@@@@@@@@@@@@@@@@@@@@@@@@@@@@@@@@@@@@@@@@@@@@@@@@@@@@@@@@@@@@@@@@@
@@@@@@@@@@@@@@@@@@@@@@@@@@@@@@@@@@@@@@@@@@@@@@@@@@@@@@@@@@@@@@@@@@@@@@@@@@@@@@@@@@@@@@@@@@@@@@@@@@@@