warehouse_10_20.map|warehouse-10-20|56|0|status=step_limit steps=166 completed=50/56 moves=4083 waits=855 deadlocks=40 intersections=189 validation=ok vertex_conflicts=0 edge_conflicts=0
warehouse_10_20.map|warehouse-10-20|279|1|status=step_limit steps=334 completed=184/279 moves=26020 waits=30677 deadlocks=1701 intersections=189 validation=ok vertex_conflicts=0 edge_conflicts=0
warehouse_10_20.map|warehouse-10-20|558|0|status=step_limit steps=521 completed=307/558 moves=61882 waits=131788 deadlocks=7935 intersections=189 validation=ok vertex_conflicts=0 edge_conflicts=0
warehouse_20_40.map|warehouse-20-40|224|0|status=step_limit steps=370 completed=186/224 moves=33912 waits=12224 deadlocks=413 intersections=779 validation=ok vertex_conflicts=0 edge_conflicts=0
