warehouse_10_20.map|warehouse-10-20|56|0|status=completed steps=166 completed=56/56 moves=4175 waits=20 deadlocks=40 intersections=189 validation=ok vertex_conflicts=0 edge_conflicts=0
warehouse_10_20.map|warehouse-10-20|279|1|status=completed steps=328 completed=279/279 moves=28423 waits=5307 deadlocks=1568 intersections=189 validation=ok vertex_conflicts=0 edge_conflicts=0
warehouse_10_20.map|warehouse-10-20|558|0|status=step_limit steps=574 completed=551/558 moves=73086 waits=36384 deadlocks=7722 intersections=189 validation=ok vertex_conflicts=0 edge_conflicts=0
warehouse_10_20.map|warehouse-10-20|1115|1|status=completed steps=1099 completed=1115/1115 moves=235114 waits=208275 deadlocks=30944 intersections=189 validation=ok vertex_conflicts=0 edge_conflicts=0
warehouse_20_40.map|warehouse-20-40|224|0|status=completed steps=456 completed=224/224 moves=35679 waits=844 deadlocks=425 intersections=779 validation=ok vertex_conflicts=0 edge_conflicts=0
warehouse_20_40.map|warehouse-20-40|1118|1|status=step_limit steps=650 completed=1116/1118 moves=235216 waits=45146 deadlocks=15315 intersections=779 validation=ok vertex_conflicts=0 edge_conflicts=0
warehouse_20_40.map|warehouse-20-40|2236|0|status=step_limit steps=1200 completed=2231/2236 moves=635287 waits=294853 deadlocks=67022 intersections=779 validation=ok vertex_conflicts=0 edge_conflicts=0
cross_3030_open237x177.map|cross-30-30-open237|178|0|status=completed steps=713 completed=178/178 moves=41773 waits=363 deadlocks=271 intersections=840 validation=ok vertex_conflicts=0 edge_conflicts=0
cross_3030_open237x177.map|cross-30-30-open237|892|1|status=completed steps=1398 completed=892/892 moves=239717 waits=17090 deadlocks=7385 intersections=840 validation=ok vertex_conflicts=0 edge_conflicts=0
