type octile
height 63
width 161
map
TTTTTTTTTTTTTTTTTTTTTTTTTTTTTTTTTTTTTTTTTTTTTTTTTTTTTTTTTTTTTTTTTTTTTTTTTTTTTTTTTTTTTTTTTTTTTTTTTTTTTTTTTTTTTTTTTTTTTTTTTTTTTTTTTTTTTTTTTTTTTTTTTTTTTTTTTTTTTTTTT
T.......................TS.............................................................................................................ST.......................T
T........................TTTTTTTTTTT.TTTTTTTTTT.TTTTTTTTTT.TTTTTTTTTT.TTTTTTTTTT.TTTTTTTTTT.TTTTTTTTTT.TTTTTTTTTT.TTTTTTTTTT.TTTTTTTTTTT........................T
T........................TTTTTTTTTTT.TTTTTTTTTT.TTTTTTTTTT.TTTTTTTTTT.TTTTTTTTTT.TTTTTTTTTT.TTTTTTTTTT.TTTTTTTTTT.TTTTTTTTTT.TTTTTTTTTTT........................T
T.......................TS.............................................................................................................ST.......................T
T........................TTTTTTTTTTT.TTTTTTTTTT.TTTTTTTTTT.TTTTTTTTTT.TTTTTTTTTT.TTTTTTTTTT.TTTTTTTTTT.TTTTTTTTTT.TTTTTTTTTT.TTTTTTTTTTT........................T
T........................TTTTTTTTTTT.TTTTTTTTTT.TTTTTTTTTT.TTTTTTTTTT.TTTTTTTTTT.TTTTTTTTTT.TTTTTTTTTT.TTTTTTTTTT.TTTTTTTTTT.TTTTTTTTTTT........................T
T.......................TS.............................................................................................................ST.......................T
T........................TTTTTTTTTTT.TTTTTTTTTT.TTTTTTTTTT.TTTTTTTTTT.TTTTTTTTTT.TTTTTTTTTT.TTTTTTTTTT.TTTTTTTTTT.TTTTTTTTTT.TTTTTTTTTTT........................T
T........................TTTTTTTTTTT.TTTTTTTTTT.TTTTTTTTTT.TTTTTTTTTT.TTTTTTTTTT.TTTTTTTTTT.TTTTTTTTTT.TTTTTTTTTT.TTTTTTTTTT.TTTTTTTTTTT........................T
T.......................TS.............................................................................................................ST.......................T
T........................TTTTTTTTTTT.TTTTTTTTTT.TTTTTTTTTT.TTTTTTTTTT.TTTTTTTTTT.TTTTTTTTTT.TTTTTTTTTT.TTTTTTTTTT.TTTTTTTTTT.TTTTTTTTTTT........................T
T........................TTTTTTTTTTT.TTTTTTTTTT.TTTTTTTTTT.TTTTTTTTTT.TTTTTTTTTT.TTTTTTTTTT.TTTTTTTTTT.TTTTTTTTTT.TTTTTTTTTT.TTTTTTTTTTT........................T
T.......................TS.............................................................................................................ST.......................T
T........................TTTTTTTTTTT.TTTTTTTTTT.TTTTTTTTTT.TTTTTTTTTT.TTTTTTTTTT.TTTTTTTTTT.TTTTTTTTTT.TTTTTTTTTT.TTTTTTTTTT.TTTTTTTTTTT........................T
T........................TTTTTTTTTTT.TTTTTTTTTT.TTTTTTTTTT.TTTTTTTTTT.TTTTTTTTTT.TTTTTTTTTT.TTTTTTTTTT.TTTTTTTTTT.TTTTTTTTTT.TTTTTTTTTTT........................T
T.......................TS.............................................................................................................ST.......................T
T........................TTTTTTTTTTT.TTTTTTTTTT.TTTTTTTTTT.TTTTTTTTTT.TTTTTTTTTT.TTTTTTTTTT.TTTTTTTTTT.TTTTTTTTTT.TTTTTTTTTT.TTTTTTTTTTT........................T
T........................TTTTTTTTTTT.TTTTTTTTTT.TTTTTTTTTT.TTTTTTTTTT.TTTTTTTTTT.TTTTTTTTTT.TTTTTTTTTT.TTTTTTTTTT.TTTTTTTTTT.TTTTTTTTTTT........................T
T.......................TS.............................................................................................................ST.......................T
T........................TTTTTTTTTTT.TTTTTTTTTT.TTTTTTTTTT.TTTTTTTTTT.TTTTTTTTTT.TTTTTTTTTT.TTTTTTTTTT.TTTTTTTTTT.TTTTTTTTTT.TTTTTTTTTTT........................T
T........................TTTTTTTTTTT.TTTTTTTTTT.TTTTTTTTTT.TTTTTTTTTT.TTTTTTTTTT.TTTTTTTTTT.TTTTTTTTTT.TTTTTTTTTT.TTTTTTTTTT.TTTTTTTTTTT........................T
T.......................TS.............................................................................................................ST.......................T
T........................TTTTTTTTTTT.TTTTTTTTTT.TTTTTTTTTT.TTTTTTTTTT.TTTTTTTTTT.TTTTTTTTTT.TTTTTTTTTT.TTTTTTTTTT.TTTTTTTTTT.TTTTTTTTTTT........................T
T........................TTTTTTTTTTT.TTTTTTTTTT.TTTTTTTTTT.TTTTTTTTTT.TTTTTTTTTT.TTTTTTTTTT.TTTTTTTTTT.TTTTTTTTTT.TTTTTTTTTT.TTTTTTTTTTT........................T
T.......................TS.............................................................................................................ST.......................T
T........................TTTTTTTTTTT.TTTTTTTTTT.TTTTTTTTTT.TTTTTTTTTT.TTTTTTTTTT.TTTTTTTTTT.TTTTTTTTTT.TTTTTTTTTT.TTTTTTTTTT.TTTTTTTTTTT........................T
T........................TTTTTTTTTTT.TTTTTTTTTT.TTTTTTTTTT.TTTTTTTTTT.TTTTTTTTTT.TTTTTTTTTT.TTTTTTTTTT.TTTTTTTTTT.TTTTTTTTTT.TTTTTTTTTTT........................T
T.......................TS.............................................................................................................ST.......................T
T........................TTTTTTTTTTT.TTTTTTTTTT.TTTTTTTTTT.TTTTTTTTTT.TTTTTTTTTT.TTTTTTTTTT.TTTTTTTTTT.TTTTTTTTTT.TTTTTTTTTT.TTTTTTTTTTT........................T
T........................TTTTTTTTTTT.TTTTTTTTTT.TTTTTTTTTT.TTTTTTTTTT.TTTTTTTTTT.TTTTTTTTTT.TTTTTTTTTT.TTTTTTTTTT.TTTTTTTTTT.TTTTTTTTTTT........................T
T.......................TS.............................................................................................................ST.......................T
T........................TTTTTTTTTTT.TTTTTTTTTT.TTTTTTTTTT.TTTTTTTTTT.TTTTTTTTTT.TTTTTTTTTT.TTTTTTTTTT.TTTTTTTTTT.TTTTTTTTTT.TTTTTTTTTTT........................T
T........................TTTTTTTTTTT.TTTTTTTTTT.TTTTTTTTTT.TTTTTTTTTT.TTTTTTTTTT.TTTTTTTTTT.TTTTTTTTTT.TTTTTTTTTT.TTTTTTTTTT.TTTTTTTTTTT........................T
T.......................TS.............................................................................................................ST.......................T
T........................TTTTTTTTTTT.TTTTTTTTTT.TTTTTTTTTT.TTTTTTTTTT.TTTTTTTTTT.TTTTTTTTTT.TTTTTTTTTT.TTTTTTTTTT.TTTTTTTTTT.TTTTTTTTTTT........................T
T........................TTTTTTTTTTT.TTTTTTTTTT.TTTTTTTTTT.TTTTTTTTTT.TTTTTTTTTT.TTTTTTTTTT.TTTTTTTTTT.TTTTTTTTTT.TTTTTTTTTT.TTTTTTTTTTT........................T
T.......................TS.............................................................................................................ST.......................T
T........................TTTTTTTTTTT.TTTTTTTTTT.TTTTTTTTTT.TTTTTTTTTT.TTTTTTTTTT.TTTTTTTTTT.TTTTTTTTTT.TTTTTTTTTT.TTTTTTTTTT.TTTTTTTTTTT........................T
T........................TTTTTTTTTTT.TTTTTTTTTT.TTTTTTTTTT.TTTTTTTTTT.TTTTTTTTTT.TTTTTTTTTT.TTTTTTTTTT.TTTTTTTTTT.TTTTTTTTTT.TTTTTTTTTTT........................T
T.......................TS.............................................................................................................ST.......................T
T........................TTTTTTTTTTT.TTTTTTTTTT.TTTTTTTTTT.TTTTTTTTTT.TTTTTTTTTT.TTTTTTTTTT.TTTTTTTTTT.TTTTTTTTTT.TTTTTTTTTT.TTTTTTTTTTT........................T
T........................TTTTTTTTTTT.TTTTTTTTTT.TTTTTTTTTT.TTTTTTTTTT.TTTTTTTTTT.TTTTTTTTTT.TTTTTTTTTT.TTTTTTTTTT.TTTTTTTTTT.TTTTTTTTTTT........................T
T.......................TS.............................................................................................................ST.......................T
T........................TTTTTTTTTTT.TTTTTTTTTT.TTTTTTTTTT.TTTTTTTTTT.TTTTTTTTTT.TTTTTTTTTT.TTTTTTTTTT.TTTTTTTTTT.TTTTTTTTTT.TTTTTTTTTTT........................T
T........................TTTTTTTTTTT.TTTTTTTTTT.TTTTTTTTTT.TTTTTTTTTT.TTTTTTTTTT.TTTTTTTTTT.TTTTTTTTTT.TTTTTTTTTT.TTTTTTTTTT.TTTTTTTTTTT........................T
T.......................TS.............................................................................................................ST.......................T
T........................TTTTTTTTTTT.TTTTTTTTTT.TTTTTTTTTT.TTTTTTTTTT.TTTTTTTTTT.TTTTTTTTTT.TTTTTTTTTT.TTTTTTTTTT.TTTTTTTTTT.TTTTTTTTTTT........................T
T........................TTTTTTTTTTT.TTTTTTTTTT.TTTTTTTTTT.TTTTTTTTTT.TTTTTTTTTT.TTTTTTTTTT.TTTTTTTTTT.TTTTTTTTTT.TTTTTTTTTT.TTTTTTTTTTT........................T
T.......................TS.............................................................................................................ST.......................T
T........................TTTTTTTTTTT.TTTTTTTTTT.TTTTTTTTTT.TTTTTTTTTT.TTTTTTTTTT.TTTTTTTTTT.TTTTTTTTTT.TTTTTTTTTT.TTTTTTTTTT.TTTTTTTTTTT........................T
T........................TTTTTTTTTTT.TTTTTTTTTT.TTTTTTTTTT.TTTTTTTTTT.TTTTTTTTTT.TTTTTTTTTT.TTTTTTTTTT.TTTTTTTTTT.TTTTTTTTTT.TTTTTTTTTTT........................T
T.......................TS.............................................................................................................ST.......................T
T........................TTTTTTTTTTT.TTTTTTTTTT.TTTTTTTTTT.TTTTTTTTTT.TTTTTTTTTT.TTTTTTTTTT.TTTTTTTTTT.TTTTTTTTTT.TTTTTTTTTT.TTTTTTTTTTT........................T
T........................TTTTTTTTTTT.TTTTTTTTTT.TTTTTTTTTT.TTTTTTTTTT.TTTTTTTTTT.TTTTTTTTTT.TTTTTTTTTT.TTTTTTTTTT.TTTTTTTTTT.TTTTTTTTTTT........................T
T.......................TS.............................................................................................................ST.......................T
T........................TTTTTTTTTTT.TTTTTTTTTT.TTTTTTTTTT.TTTTTTTTTT.TTTTTTTTTT.TTTTTTTTTT.TTTTTTTTTT.TTTTTTTTTT.TTTTTTTTTT.TTTTTTTTTTT........................T
T........................TTTTTTTTTTT.TTTTTTTTTT.TTTTTTTTTT.TTTTTTTTTT.TTTTTTTTTT.TTTTTTTTTT.TTTTTTTTTT.TTTTTTTTTT.TTTTTTTTTT.TTTTTTTTTTT........................T
T.......................TS.............................................................................................................ST.......................T
T........................TTTTTTTTTTT.TTTTTTTTTT.TTTTTTTTTT.TTTTTTTTTT.TTTTTTTTTT.TTTTTTTTTT.TTTTTTTTTT.TTTTTTTTTT.TTTTTTTTTT.TTTTTTTTTTT........................T
T........................TTTTTTTTTTT.TTTTTTTTTT.TTTTTTTTTT.TTTTTTTTTT.TTTTTTTTTT.TTTTTTTTTT.TTTTTTTTTT.TTTTTTTTTT.TTTTTTTTTT.TTTTTTTTTTT........................T
T.......................TS.............................................................................................................ST.......................T
TTTTTTTTTTTTTTTTTTTTTTTTTTTTTTTTTTTTTTTTTTTTTTTTTTTTTTTTTTTTTTTTTTTTTTTTTTTTTTTTTTTTTTTTTTTTTTTTTTTTTTTTTTTTTTTTTTTTTTTTTTTTTTTTTTTTTTTTTTTTTTTTTTTTTTTTTTTTTTTTT